Archive member included to satisfy reference by file (symbol)

c:/arm/gcc/bin/../lib/gcc/arm-none-eabi/5.4.1/armv6-m\libgcc.a(_udivsi3.o)
                              ./system/src/stm32f0xx/stm32f0xx_hal.o (__aeabi_uidiv)
c:/arm/gcc/bin/../lib/gcc/arm-none-eabi/5.4.1/armv6-m\libgcc.a(_divsi3.o)
                              ./src/main.o (__aeabi_idiv)
c:/arm/gcc/bin/../lib/gcc/arm-none-eabi/5.4.1/armv6-m\libgcc.a(_dvmd_tls.o)
                              c:/arm/gcc/bin/../lib/gcc/arm-none-eabi/5.4.1/armv6-m\libgcc.a(_udivsi3.o) (__aeabi_idiv0)
c:/arm/gcc/bin/../lib/gcc/arm-none-eabi/5.4.1/armv6-m\libgcc.a(unwind-arm.o)
                              ./system/src/newlib/_cxx.o (__aeabi_unwind_cpp_pr0)
c:/arm/gcc/bin/../lib/gcc/arm-none-eabi/5.4.1/armv6-m\libgcc.a(libunwind.o)
                              c:/arm/gcc/bin/../lib/gcc/arm-none-eabi/5.4.1/armv6-m\libgcc.a(unwind-arm.o) (restore_core_regs)
c:/arm/gcc/bin/../lib/gcc/arm-none-eabi/5.4.1/armv6-m\libgcc.a(pr-support.o)
                              c:/arm/gcc/bin/../lib/gcc/arm-none-eabi/5.4.1/armv6-m\libgcc.a(unwind-arm.o) (__gnu_unwind_execute)
c:/arm/gcc/bin/../lib/gcc/arm-none-eabi/5.4.1/../../../../arm-none-eabi/lib/armv6-m\libg_nano.a(lib_a-errno.o)
                              ./system/src/newlib/_sbrk.o (__errno)
c:/arm/gcc/bin/../lib/gcc/arm-none-eabi/5.4.1/../../../../arm-none-eabi/lib/armv6-m\libg_nano.a(lib_a-impure.o)
                              c:/arm/gcc/bin/../lib/gcc/arm-none-eabi/5.4.1/../../../../arm-none-eabi/lib/armv6-m\libg_nano.a(lib_a-errno.o) (_impure_ptr)
c:/arm/gcc/bin/../lib/gcc/arm-none-eabi/5.4.1/../../../../arm-none-eabi/lib/armv6-m\libg_nano.a(lib_a-init.o)
                              ./system/src/cmsis/startup_stm32f051x8.o (__libc_init_array)
c:/arm/gcc/bin/../lib/gcc/arm-none-eabi/5.4.1/../../../../arm-none-eabi/lib/armv6-m\libg_nano.a(lib_a-itoa.o)
                              ./src/main.o (itoa)
c:/arm/gcc/bin/../lib/gcc/arm-none-eabi/5.4.1/../../../../arm-none-eabi/lib/armv6-m\libg_nano.a(lib_a-memcpy-stub.o)
                              ./system/src/stm32f0xx/stm32f0xx_hal_rcc.o (memcpy)
c:/arm/gcc/bin/../lib/gcc/arm-none-eabi/5.4.1/../../../../arm-none-eabi/lib/armv6-m\libg_nano.a(lib_a-memset.o)
                              ./system/src/stm32f0xx/stm32f0xx_hal_rcc.o (memset)
c:/arm/gcc/bin/../lib/gcc/arm-none-eabi/5.4.1/../../../../arm-none-eabi/lib/armv6-m\libg_nano.a(lib_a-strlen.o)
                              ./system/src/diag/Trace.o (strlen)
c:/arm/gcc/bin/../lib/gcc/arm-none-eabi/5.4.1/../../../../arm-none-eabi/lib/armv6-m\libg_nano.a(lib_a-utoa.o)
                              c:/arm/gcc/bin/../lib/gcc/arm-none-eabi/5.4.1/../../../../arm-none-eabi/lib/armv6-m\libg_nano.a(lib_a-itoa.o) (__utoa)
c:/arm/gcc/bin/../lib/gcc/arm-none-eabi/5.4.1/../../../../arm-none-eabi/lib/armv6-m\libg_nano.a(lib_a-vsnprintf.o)
                              ./system/src/diag/Trace.o (vsnprintf)
c:/arm/gcc/bin/../lib/gcc/arm-none-eabi/5.4.1/../../../../arm-none-eabi/lib/armv6-m\libg_nano.a(lib_a-nano-svfprintf.o)
                              c:/arm/gcc/bin/../lib/gcc/arm-none-eabi/5.4.1/../../../../arm-none-eabi/lib/armv6-m\libg_nano.a(lib_a-vsnprintf.o) (_svfprintf_r)
c:/arm/gcc/bin/../lib/gcc/arm-none-eabi/5.4.1/../../../../arm-none-eabi/lib/armv6-m\libg_nano.a(lib_a-nano-vfprintf_i.o)
                              c:/arm/gcc/bin/../lib/gcc/arm-none-eabi/5.4.1/../../../../arm-none-eabi/lib/armv6-m\libg_nano.a(lib_a-nano-svfprintf.o) (_printf_i)
c:/arm/gcc/bin/../lib/gcc/arm-none-eabi/5.4.1/../../../../arm-none-eabi/lib/armv6-m\libg_nano.a(lib_a-memchr-stub.o)
                              c:/arm/gcc/bin/../lib/gcc/arm-none-eabi/5.4.1/../../../../arm-none-eabi/lib/armv6-m\libg_nano.a(lib_a-nano-svfprintf.o) (memchr)
c:/arm/gcc/bin/../lib/gcc/arm-none-eabi/5.4.1/../../../../arm-none-eabi/lib/armv6-m\libg_nano.a(lib_a-memmove.o)
                              c:/arm/gcc/bin/../lib/gcc/arm-none-eabi/5.4.1/../../../../arm-none-eabi/lib/armv6-m\libg_nano.a(lib_a-nano-svfprintf.o) (memmove)
c:/arm/gcc/bin/../lib/gcc/arm-none-eabi/5.4.1/../../../../arm-none-eabi/lib/armv6-m\libg_nano.a(lib_a-nano-freer.o)
                              c:/arm/gcc/bin/../lib/gcc/arm-none-eabi/5.4.1/../../../../arm-none-eabi/lib/armv6-m\libg_nano.a(lib_a-nano-svfprintf.o) (_free_r)
c:/arm/gcc/bin/../lib/gcc/arm-none-eabi/5.4.1/../../../../arm-none-eabi/lib/armv6-m\libg_nano.a(lib_a-nano-mallocr.o)
                              c:/arm/gcc/bin/../lib/gcc/arm-none-eabi/5.4.1/../../../../arm-none-eabi/lib/armv6-m\libg_nano.a(lib_a-nano-svfprintf.o) (_malloc_r)
c:/arm/gcc/bin/../lib/gcc/arm-none-eabi/5.4.1/../../../../arm-none-eabi/lib/armv6-m\libg_nano.a(lib_a-nano-reallocr.o)
                              c:/arm/gcc/bin/../lib/gcc/arm-none-eabi/5.4.1/../../../../arm-none-eabi/lib/armv6-m\libg_nano.a(lib_a-nano-svfprintf.o) (_realloc_r)
[...]
Memory Configuration

Name             Origin             Length             Attributes
FLASH            0x08000000         0x00010000         xr
RAM              0x20000000         0x00002000         xrw
CCMRAM           0x10000000         0x00000000         xrw
FLASHB1          0x00000000         0x00000000         xr
EXTMEMB0         0x00000000         0x00000000         xr
EXTMEMB1         0x00000000         0x00000000         xr
EXTMEMB2         0x00000000         0x00000000         xr
EXTMEMB3         0x00000000         0x00000000         xr
*default*        0x00000000         0xffffffff

Linker script and memory map

LOAD ./system/src/stm32f0xx/stm32f0xx_hal.o
LOAD ./system/src/stm32f0xx/stm32f0xx_hal_adc.o
LOAD ./system/src/stm32f0xx/stm32f0xx_hal_adc_ex.o
LOAD ./system/src/stm32f0xx/stm32f0xx_hal_cortex.o
LOAD ./system/src/stm32f0xx/stm32f0xx_hal_dma.o
LOAD ./system/src/stm32f0xx/stm32f0xx_hal_flash.o
LOAD ./system/src/stm32f0xx/stm32f0xx_hal_flash_ex.o
LOAD ./system/src/stm32f0xx/stm32f0xx_hal_gpio.o
LOAD ./system/src/stm32f0xx/stm32f0xx_hal_i2c.o
LOAD ./system/src/stm32f0xx/stm32f0xx_hal_i2c_ex.o
LOAD ./system/src/stm32f0xx/stm32f0xx_hal_pwr.o
LOAD ./system/src/stm32f0xx/stm32f0xx_hal_pwr_ex.o
LOAD ./system/src/stm32f0xx/stm32f0xx_hal_rcc.o
LOAD ./system/src/stm32f0xx/stm32f0xx_hal_rcc_ex.o
LOAD ./system/src/stm32f0xx/stm32f0xx_hal_tim.o
LOAD ./system/src/stm32f0xx/stm32f0xx_hal_tim_ex.o
LOAD ./system/src/newlib/_cxx.o
LOAD ./system/src/newlib/_exit.o
LOAD ./system/src/newlib/_sbrk.o
LOAD ./system/src/newlib/_startup.o
LOAD ./system/src/newlib/_syscalls.o
LOAD ./system/src/newlib/assert.o
LOAD ./system/src/diag/Trace.o
LOAD ./system/src/diag/trace_impl.o
LOAD ./system/src/cortexm/_initialize_hardware.o
LOAD ./system/src/cortexm/_reset_hardware.o
LOAD ./system/src/cortexm/exception_handlers.o
LOAD ./system/src/cmsis/startup_stm32f051x8.o
LOAD ./system/src/cmsis/system_stm32f0xx.o
LOAD ./src/_write.o
LOAD ./src/adc.o
LOAD ./src/dma.o
LOAD ./src/gpio.o
LOAD ./src/main.o
LOAD ./src/stm32f0xx_hal_msp.o
LOAD ./src/stm32f0xx_it.o
LOAD c:/arm/gcc/bin/../lib/gcc/arm-none-eabi/5.4.1/../../../../arm-none-eabi/lib/armv6-m\libstdc++_nano.a
LOAD c:/arm/gcc/bin/../lib/gcc/arm-none-eabi/5.4.1/../../../../arm-none-eabi/lib/armv6-m\libm.a
START GROUP
LOAD c:/arm/gcc/bin/../lib/gcc/arm-none-eabi/5.4.1/armv6-m\libgcc.a
LOAD c:/arm/gcc/bin/../lib/gcc/arm-none-eabi/5.4.1/../../../../arm-none-eabi/lib/armv6-m\libg_nano.a
LOAD c:/arm/gcc/bin/../lib/gcc/arm-none-eabi/5.4.1/../../../../arm-none-eabi/lib/armv6-m\libc_nano.a
END GROUP
START GROUP
LOAD c:/arm/gcc/bin/../lib/gcc/arm-none-eabi/5.4.1/armv6-m\libgcc.a
LOAD c:/arm/gcc/bin/../lib/gcc/arm-none-eabi/5.4.1/../../../../arm-none-eabi/lib/armv6-m\libc_nano.a
END GROUP
                0x20002000                __stack = (ORIGIN (RAM) + LENGTH (RAM))
                0x20002000                _estack = __stack
                0x00000400                __Main_Stack_Size = 0x400
                [!provide]                PROVIDE (_Main_Stack_Size, __Main_Stack_Size)
                0x20001c00                __Main_Stack_Limit = (__stack - __Main_Stack_Size)
                [!provide]                PROVIDE (_Main_Stack_Limit, __Main_Stack_Limit)
                0x00000100                _Minimum_Stack_Size = 0x100
                0x200001c4                PROVIDE (_Heap_Begin, _end_noinit)
                0x20001c00                PROVIDE (_Heap_Limit, (__stack - __Main_Stack_Size))

.isr_vector     0x08000000      0x228
 FILL mask 0xff
                0x08000000                __vectors_start = ABSOLUTE (.)
                0x08000000                __vectors_start__ = ABSOLUTE (.)
 *(.isr_vector)
 .isr_vector    0x08000000       0xc0 ./system/src/cmsis/startup_stm32f051x8.o
                0x08000000                g_pfnVectors
 *(.cfmconfig)
 *(.after_vectors .after_vectors.*)
 .after_vectors
                0x080000c0      0x118 ./system/src/newlib/_startup.o
                0x080000c0                _start
 .after_vectors
                0x080001d8       0x50 ./system/src/cortexm/exception_handlers.o
                0x080001d8                Reset_Handler
                0x080001e0                NMI_Handler
                0x080001e4                HardFault_Handler
                0x080001fc                HardFault_Handler_C
                0x08000218                SVC_Handler
                0x0800021c                PendSV_Handler

.inits          0x08000228       0x28
                0x08000228                __data_regions_array_start = .
                0x08000228        0x4 LONG 0x8002560 LOADADDR (.data)
                0x0800022c        0x4 LONG 0x20000000 ADDR (.data)
                0x08000230        0x4 LONG 0x20000078 (ADDR (.data) + SIZEOF (.data))
                0x08000234        0x4 LONG 0x8002560 LOADADDR (.data_CCMRAM)
                0x08000238        0x4 LONG 0x10000000 ADDR (.data_CCMRAM)
                0x0800023c        0x4 LONG 0x10000000 (ADDR (.data_CCMRAM) + SIZEOF (.data_CCMRAM))
                0x08000240                __data_regions_array_end = .
                0x08000240                __bss_regions_array_start = .
                0x08000240        0x4 LONG 0x20000078 ADDR (.bss)
                0x08000244        0x4 LONG 0x200001c4 (ADDR (.bss) + SIZEOF (.bss))
                0x08000248        0x4 LONG 0x10000000 ADDR (.bss_CCMRAM)
                0x0800024c        0x4 LONG 0x10000000 (ADDR (.bss_CCMRAM) + SIZEOF (.bss_CCMRAM))
                0x08000250                __bss_regions_array_end = .
 *(.init)
 *(.fini)
                0x08000250                . = ALIGN (0x4)
                0x08000250                PROVIDE (__preinit_array_start, .)
 *(.preinit_array_sysinit .preinit_array_sysinit.*)
 *(.preinit_array_platform .preinit_array_platform.*)
 *(.preinit_array .preinit_array.*)
                0x08000250                PROVIDE (__preinit_array_end, .)
                0x08000250                . = ALIGN (0x4)
                0x08000250                PROVIDE (__init_array_start, .)
 *(SORT(.init_array.*))
 *(.init_array)
                0x08000250                PROVIDE (__init_array_end, .)
                0x08000250                . = ALIGN (0x4)
                0x08000250                PROVIDE (__fini_array_start, .)
 *(SORT(.fini_array.*))
 *(.fini_array)
                0x08000250                PROVIDE (__fini_array_end, .)

.flashtext
 *(.flashtext .flashtext.*)

.text           0x08000250     0x2310
 *(.text .text.*)
 .text.HAL_InitTick
                0x08000250       0x24 ./system/src/stm32f0xx/stm32f0xx_hal.o
                0x08000250                HAL_InitTick
 .text.HAL_Init
                0x08000274       0x20 ./system/src/stm32f0xx/stm32f0xx_hal.o
                0x08000274                HAL_Init
 .text.HAL_IncTick
                0x08000294       0x10 ./system/src/stm32f0xx/stm32f0xx_hal.o
                0x08000294                HAL_IncTick
 .text.HAL_GetTick
                0x080002a4        0xc ./system/src/stm32f0xx/stm32f0xx_hal.o
                0x080002a4                HAL_GetTick
 .text.ADC_Enable
                0x080002b0       0xb8 ./system/src/stm32f0xx/stm32f0xx_hal_adc.o
 .text.HAL_ADC_Init
                0x08000368      0x184 ./system/src/stm32f0xx/stm32f0xx_hal_adc.o
                0x08000368                HAL_ADC_Init
 .text.HAL_ADC_Start_DMA
                0x080004ec       0xac ./system/src/stm32f0xx/stm32f0xx_hal_adc.o
                0x080004ec                HAL_ADC_Start_DMA
 .text.HAL_ADC_ConvCpltCallback
                0x08000598        0x4 ./system/src/stm32f0xx/stm32f0xx_hal_adc.o
                0x08000598                HAL_ADC_ConvCpltCallback
 .text.ADC_DMAConvCplt
                0x0800059c       0x70 ./system/src/stm32f0xx/stm32f0xx_hal_adc.o
 .text.HAL_ADC_ConvHalfCpltCallback
                0x0800060c        0x4 ./system/src/stm32f0xx/stm32f0xx_hal_adc.o
                0x0800060c                HAL_ADC_ConvHalfCpltCallback
 .text.ADC_DMAHalfConvCplt
                0x08000610        0xc ./system/src/stm32f0xx/stm32f0xx_hal_adc.o
 .text.HAL_ADC_ErrorCallback
                0x0800061c        0x4 ./system/src/stm32f0xx/stm32f0xx_hal_adc.o
                0x0800061c                HAL_ADC_ErrorCallback
 .text.ADC_DMAError
                0x08000620       0x1c ./system/src/stm32f0xx/stm32f0xx_hal_adc.o
 .text.HAL_ADC_ConfigChannel
                0x0800063c      0x14c ./system/src/stm32f0xx/stm32f0xx_hal_adc.o
                0x0800063c                HAL_ADC_ConfigChannel
 .text.HAL_NVIC_SetPriority
                0x08000788       0x64 ./system/src/stm32f0xx/stm32f0xx_hal_cortex.o
                0x08000788                HAL_NVIC_SetPriority
 .text.HAL_NVIC_EnableIRQ
                0x080007ec       0x14 ./system/src/stm32f0xx/stm32f0xx_hal_cortex.o
                0x080007ec                HAL_NVIC_EnableIRQ
 .text.HAL_SYSTICK_Config
                0x08000800       0x38 ./system/src/stm32f0xx/stm32f0xx_hal_cortex.o
                0x08000800                HAL_SYSTICK_Config
 .text.HAL_SYSTICK_CLKSourceConfig
                0x08000838       0x20 ./system/src/stm32f0xx/stm32f0xx_hal_cortex.o
                0x08000838                HAL_SYSTICK_CLKSourceConfig
 .text.HAL_SYSTICK_Callback
                0x08000858        0x4 ./system/src/stm32f0xx/stm32f0xx_hal_cortex.o
                0x08000858                HAL_SYSTICK_Callback
 .text.HAL_SYSTICK_IRQHandler
                0x0800085c        0x8 ./system/src/stm32f0xx/stm32f0xx_hal_cortex.o
                0x0800085c                HAL_SYSTICK_IRQHandler
 .text.DMA_SetConfig
                0x08000864       0x2c ./system/src/stm32f0xx/stm32f0xx_hal_dma.o
 .text.DMA_CalcBaseAndBitshift
                0x08000890       0x28 ./system/src/stm32f0xx/stm32f0xx_hal_dma.o
 .text.HAL_DMA_Init
                0x080008b8       0x5c ./system/src/stm32f0xx/stm32f0xx_hal_dma.o
                0x080008b8                HAL_DMA_Init
 .text.HAL_DMA_Start_IT
                0x08000914       0x78 ./system/src/stm32f0xx/stm32f0xx_hal_dma.o
                0x08000914                HAL_DMA_Start_IT
 .text.HAL_DMA_IRQHandler
                0x0800098c       0xac ./system/src/stm32f0xx/stm32f0xx_hal_dma.o
                0x0800098c                HAL_DMA_IRQHandler
 .text.HAL_GPIO_Init
                0x08000a38      0x188 ./system/src/stm32f0xx/stm32f0xx_hal_gpio.o
                0x08000a38                HAL_GPIO_Init
 .text.HAL_GPIO_WritePin
                0x08000bc0        0xc ./system/src/stm32f0xx/stm32f0xx_hal_gpio.o
                0x08000bc0                HAL_GPIO_WritePin
 .text.HAL_GPIO_TogglePin
                0x08000bcc        0x8 ./system/src/stm32f0xx/stm32f0xx_hal_gpio.o
                0x08000bcc                HAL_GPIO_TogglePin
 .text.HAL_RCC_OscConfig
                0x08000bd4      0x480 ./system/src/stm32f0xx/stm32f0xx_hal_rcc.o
                0x08000bd4                HAL_RCC_OscConfig
 .text.HAL_RCC_GetSysClockFreq
                0x08001054       0x68 ./system/src/stm32f0xx/stm32f0xx_hal_rcc.o
                0x08001054                HAL_RCC_GetSysClockFreq
 .text.HAL_RCC_ClockConfig
                0x080010bc      0x160 ./system/src/stm32f0xx/stm32f0xx_hal_rcc.o
                0x080010bc                HAL_RCC_ClockConfig
 .text.HAL_RCC_GetHCLKFreq
                0x0800121c        0xc ./system/src/stm32f0xx/stm32f0xx_hal_rcc.o
                0x0800121c                HAL_RCC_GetHCLKFreq
 .text._exit    0x08001228        0x4 ./system/src/newlib/_exit.o
                0x08001228                _exit
 .text._sbrk    0x0800122c       0x44 ./system/src/newlib/_sbrk.o
                0x0800122c                _sbrk
 .text.__initialize_args
                0x08001270       0x10 ./system/src/newlib/_syscalls.o
                0x08001270                __initialize_args
 .text.trace_printf
                0x08001280       0x2c ./system/src/diag/Trace.o
                0x08001280                trace_printf
 .text._trace_write_semihosting_debug
                0x080012ac       0x68 ./system/src/diag/trace_impl.o
 .text.trace_write
                0x08001314        0x8 ./system/src/diag/trace_impl.o
                0x08001314                trace_write
 .text.__initialize_hardware_early
                0x0800131c        0x8 ./system/src/cortexm/_initialize_hardware.o
                0x0800131c                __initialize_hardware_early
 .text.__initialize_hardware
                0x08001324        0x8 ./system/src/cortexm/_initialize_hardware.o
                0x08001324                __initialize_hardware
 .text.dumpExceptionStack
                0x0800132c       0x88 ./system/src/cortexm/exception_handlers.o
                0x0800132c                dumpExceptionStack
 .text.Default_Handler
                0x080013b4        0x2 ./system/src/cmsis/startup_stm32f051x8.o
                0x080013b4                TIM1_CC_IRQHandler
                0x080013b4                TSC_IRQHandler
                0x080013b4                ADC1_COMP_IRQHandler
                0x080013b4                PVD_IRQHandler
                0x080013b4                I2C1_IRQHandler
                0x080013b4                RCC_CRS_IRQHandler
                0x080013b4                SPI1_IRQHandler
                0x080013b4                TIM6_DAC_IRQHandler
                0x080013b4                EXTI2_3_IRQHandler
                0x080013b4                I2C2_IRQHandler
                0x080013b4                TIM17_IRQHandler
                0x080013b4                CEC_CAN_IRQHandler
                0x080013b4                RTC_IRQHandler
                0x080013b4                TIM16_IRQHandler
                0x080013b4                TIM3_IRQHandler
                0x080013b4                EXTI4_15_IRQHandler
                0x080013b4                Default_Handler
                0x080013b4                TIM14_IRQHandler
                0x080013b4                DMA1_Channel4_5_IRQHandler
                0x080013b4                TIM15_IRQHandler
                0x080013b4                EXTI0_1_IRQHandler
                0x080013b4                SPI2_IRQHandler
                0x080013b4                WWDG_IRQHandler
                0x080013b4                TIM2_IRQHandler
                0x080013b4                DMA1_Channel2_3_IRQHandler
                0x080013b4                USART2_IRQHandler
                0x080013b4                FLASH_IRQHandler
                0x080013b4                USART1_IRQHandler
                0x080013b4                TIM1_BRK_UP_TRG_COM_IRQHandler
 *fill*         0x080013b6        0x2 
 .text.SystemInit
                0x080013b8       0x60 ./system/src/cmsis/system_stm32f0xx.o
                0x080013b8                SystemInit
 .text.SystemCoreClockUpdate
                0x08001418       0x90 ./system/src/cmsis/system_stm32f0xx.o
                0x08001418                SystemCoreClockUpdate
 .text.MX_ADC_Init
                0x080014a8       0x94 ./src/adc.o
                0x080014a8                MX_ADC_Init
 .text.HAL_ADC_MspInit
                0x0800153c       0x7c ./src/adc.o
                0x0800153c                HAL_ADC_MspInit
 .text.MX_DMA_Init
                0x080015b8       0x30 ./src/dma.o
                0x080015b8                MX_DMA_Init
 .text.MX_GPIO_Init
                0x080015e8       0x70 ./src/gpio.o
                0x080015e8                MX_GPIO_Init
 .text.Error_Handler
                0x08001658        0x4 ./src/main.o
                0x08001658                Error_Handler
 .text.SystemClock_Config
                0x0800165c       0x78 ./src/main.o
                0x0800165c                SystemClock_Config
 .text.main     0x080016d4       0xbc ./src/main.o
                0x080016d4                main
 .text.HAL_MspInit
                0x08001790       0x40 ./src/stm32f0xx_hal_msp.o
                0x08001790                HAL_MspInit
 .text.SysTick_Handler
                0x080017d0        0xc ./src/stm32f0xx_it.o
                0x080017d0                SysTick_Handler
 .text.DMA1_Channel1_IRQHandler
                0x080017dc       0x10 ./src/stm32f0xx_it.o
                0x080017dc                DMA1_Channel1_IRQHandler
 .text          0x080017ec      0x114 c:/arm/gcc/bin/../lib/gcc/arm-none-eabi/5.4.1/armv6-m\libgcc.a(_udivsi3.o)
                0x080017ec                __aeabi_uidiv
                0x080017ec                __udivsi3
                0x080018f8                __aeabi_uidivmod
 .text          0x08001900      0x1d4 c:/arm/gcc/bin/../lib/gcc/arm-none-eabi/5.4.1/armv6-m\libgcc.a(_divsi3.o)
                0x08001900                __divsi3
                0x08001900                __aeabi_idiv
                0x08001acc                __aeabi_idivmod
 .text          0x08001ad4        0x4 c:/arm/gcc/bin/../lib/gcc/arm-none-eabi/5.4.1/armv6-m\libgcc.a(_dvmd_tls.o)
                0x08001ad4                __aeabi_idiv0
                0x08001ad4                __aeabi_ldiv0
 .text.__errno  0x08001ad8        0xc c:/arm/gcc/bin/../lib/gcc/arm-none-eabi/5.4.1/../../../../arm-none-eabi/lib/armv6-m\libg_nano.a(lib_a-errno.o)
                0x08001ad8                __errno
 .text.__itoa   0x08001ae4       0x2e c:/arm/gcc/bin/../lib/gcc/arm-none-eabi/5.4.1/../../../../arm-none-eabi/lib/armv6-m\libg_nano.a(lib_a-itoa.o)
                0x08001ae4                __itoa
 .text.itoa     0x08001b12        0x8 c:/arm/gcc/bin/../lib/gcc/arm-none-eabi/5.4.1/../../../../arm-none-eabi/lib/armv6-m\libg_nano.a(lib_a-itoa.o)
                0x08001b12                itoa
 .text.memcpy   0x08001b1a       0x12 c:/arm/gcc/bin/../lib/gcc/arm-none-eabi/5.4.1/../../../../arm-none-eabi/lib/armv6-m\libg_nano.a(lib_a-memcpy-stub.o)
                0x08001b1a                memcpy
 .text.__utoa   0x08001b2c       0x74 c:/arm/gcc/bin/../lib/gcc/arm-none-eabi/5.4.1/../../../../arm-none-eabi/lib/armv6-m\libg_nano.a(lib_a-utoa.o)
                0x08001b2c                __utoa
 .text._vsnprintf_r
                0x08001ba0       0x56 c:/arm/gcc/bin/../lib/gcc/arm-none-eabi/5.4.1/../../../../arm-none-eabi/lib/armv6-m\libg_nano.a(lib_a-vsnprintf.o)
                0x08001ba0                _vsniprintf_r
                0x08001ba0                _vsnprintf_r
 *fill*         0x08001bf6        0x2 
 .text.vsnprintf
                0x08001bf8       0x18 c:/arm/gcc/bin/../lib/gcc/arm-none-eabi/5.4.1/../../../../arm-none-eabi/lib/armv6-m\libg_nano.a(lib_a-vsnprintf.o)
                0x08001bf8                vsniprintf
                0x08001bf8                vsnprintf
 .text.__ssputs_r
                0x08001c10       0xc4 c:/arm/gcc/bin/../lib/gcc/arm-none-eabi/5.4.1/../../../../arm-none-eabi/lib/armv6-m\libg_nano.a(lib_a-nano-svfprintf.o)
                0x08001c10                __ssputs_r
 .text._svfprintf_r
                0x08001cd4      0x1fc c:/arm/gcc/bin/../lib/gcc/arm-none-eabi/5.4.1/../../../../arm-none-eabi/lib/armv6-m\libg_nano.a(lib_a-nano-svfprintf.o)
                0x08001cd4                _svfiprintf_r
                0x08001cd4                _svfprintf_r
 .text._printf_common
                0x08001ed0       0xdc c:/arm/gcc/bin/../lib/gcc/arm-none-eabi/5.4.1/../../../../arm-none-eabi/lib/armv6-m\libg_nano.a(lib_a-nano-vfprintf_i.o)
                0x08001ed0                _printf_common
 .text._printf_i
                0x08001fac      0x244 c:/arm/gcc/bin/../lib/gcc/arm-none-eabi/5.4.1/../../../../arm-none-eabi/lib/armv6-m\libg_nano.a(lib_a-nano-vfprintf_i.o)
                0x08001fac                _printf_i
 .text.memchr   0x080021f0       0x16 c:/arm/gcc/bin/../lib/gcc/arm-none-eabi/5.4.1/../../../../arm-none-eabi/lib/armv6-m\libg_nano.a(lib_a-memchr-stub.o)
                0x080021f0                memchr
 .text.memmove  0x08002206       0x2a c:/arm/gcc/bin/../lib/gcc/arm-none-eabi/5.4.1/../../../../arm-none-eabi/lib/armv6-m\libg_nano.a(lib_a-memmove.o)
                0x08002206                memmove
 .text._free_r  0x08002230       0x98 c:/arm/gcc/bin/../lib/gcc/arm-none-eabi/5.4.1/../../../../arm-none-eabi/lib/armv6-m\libg_nano.a(lib_a-nano-freer.o)
                0x08002230                _free_r
 .text._malloc_r
                0x080022c8       0xc0 c:/arm/gcc/bin/../lib/gcc/arm-none-eabi/5.4.1/../../../../arm-none-eabi/lib/armv6-m\libg_nano.a(lib_a-nano-mallocr.o)
                0x080022c8                _malloc_r
 .text._realloc_r
                0x08002388       0x4c c:/arm/gcc/bin/../lib/gcc/arm-none-eabi/5.4.1/../../../../arm-none-eabi/lib/armv6-m\libg_nano.a(lib_a-nano-reallocr.o)
                0x08002388                _realloc_r
 .text._sbrk_r  0x080023d4       0x24 c:/arm/gcc/bin/../lib/gcc/arm-none-eabi/5.4.1/../../../../arm-none-eabi/lib/armv6-m\libg_nano.a(lib_a-sbrkr.o)
                0x080023d4                _sbrk_r
 .text.__malloc_lock
                0x080023f8        0x2 c:/arm/gcc/bin/../lib/gcc/arm-none-eabi/5.4.1/../../../../arm-none-eabi/lib/armv6-m\libg_nano.a(lib_a-mlock.o)
                0x080023f8                __malloc_lock
 .text.__malloc_unlock
                0x080023fa        0x2 c:/arm/gcc/bin/../lib/gcc/arm-none-eabi/5.4.1/../../../../arm-none-eabi/lib/armv6-m\libg_nano.a(lib_a-mlock.o)
                0x080023fa                __malloc_unlock
 .text._malloc_usable_size_r
                0x080023fc       0x16 c:/arm/gcc/bin/../lib/gcc/arm-none-eabi/5.4.1/../../../../arm-none-eabi/lib/armv6-m\libg_nano.a(lib_a-nano-msizer.o)
                0x080023fc                _malloc_usable_size_r
 *(.rodata .rodata.* .constdata .constdata.*)
 *fill*         0x08002412        0x2 
 .rodata        0x08002414       0x20 ./system/src/stm32f0xx/stm32f0xx_hal_rcc.o
 .rodata.str1.4
                0x08002434       0xbd ./system/src/cortexm/exception_handlers.o
 *fill*         0x080024f1        0x3 
 .rodata.AHBPrescTable
                0x080024f4       0x10 ./system/src/cmsis/system_stm32f0xx.o
                0x080024f4                AHBPrescTable
 .rodata.str1.4
                0x08002504        0x4 ./src/main.o
                                  0x6 (size before relaxing)
 .rodata.str1.1
                0x08002508       0x25 c:/arm/gcc/bin/../lib/gcc/arm-none-eabi/5.4.1/../../../../arm-none-eabi/lib/armv6-m\libg_nano.a(lib_a-utoa.o)
 .rodata.str1.1
                0x0800252d       0x11 c:/arm/gcc/bin/../lib/gcc/arm-none-eabi/5.4.1/../../../../arm-none-eabi/lib/armv6-m\libg_nano.a(lib_a-nano-svfprintf.o)
 .rodata.str1.1
                0x0800253e       0x22 c:/arm/gcc/bin/../lib/gcc/arm-none-eabi/5.4.1/../../../../arm-none-eabi/lib/armv6-m\libg_nano.a(lib_a-nano-vfprintf_i.o)
 *(vtable)
 *(.eh_frame*)
 *(.glue_7)
 .glue_7        0x08002560        0x0 linker stubs
 *(.glue_7t)
 .glue_7t       0x08002560        0x0 linker stubs

.vfp11_veneer   0x08002560        0x0
 .vfp11_veneer  0x08002560        0x0 linker stubs

.v4_bx          0x08002560        0x0
 .v4_bx         0x08002560        0x0 linker stubs

.iplt           0x08002560        0x0
 .iplt          0x08002560        0x0 ./system/src/stm32f0xx/stm32f0xx_hal.o

.rel.dyn        0x08002560        0x0
 .rel.iplt      0x08002560        0x0 ./system/src/stm32f0xx/stm32f0xx_hal.o

.ARM.extab
 *(.ARM.extab* .gnu.linkonce.armextab.*)
                0x08002560                . = ALIGN (0x4)
                0x08002560                __exidx_start = .

.ARM.exidx
 *(.ARM.exidx* .gnu.linkonce.armexidx.*)
                0x08002560                __exidx_end = .
                0x08002560                . = ALIGN (0x4)
                0x08002560                _etext = .
                0x08002560                __etext = .

.data_CCMRAM    0x10000000        0x0 load address 0x08002560
 FILL mask 0xff
 *(.data.CCMRAM .data.CCMRAM.*)
                0x10000000                . = ALIGN (0x4)
                0x08002560                _sidata = LOADADDR (.data)

.data           0x20000000       0x78 load address 0x08002560
 FILL mask 0xff
                0x20000000                _sdata = .
                0x20000000                __data_start__ = .
 *(.data_begin .data_begin.*)
 .data_begin    0x20000000        0x4 ./system/src/newlib/_startup.o
 *(.data .data.*)
 .data.argv.4290
                0x20000004        0x8 ./system/src/newlib/_syscalls.o
 .data.SystemCoreClock
                0x2000000c        0x4 ./system/src/cmsis/system_stm32f0xx.o
                0x2000000c                SystemCoreClock
 .data.impure_data
                0x20000010       0x60 c:/arm/gcc/bin/../lib/gcc/arm-none-eabi/5.4.1/../../../../arm-none-eabi/lib/armv6-m\libg_nano.a(lib_a-impure.o)
 .data._impure_ptr
                0x20000070        0x4 c:/arm/gcc/bin/../lib/gcc/arm-none-eabi/5.4.1/../../../../arm-none-eabi/lib/armv6-m\libg_nano.a(lib_a-impure.o)
                0x20000070                _impure_ptr
 *(.data_end .data_end.*)
 .data_end      0x20000074        0x4 ./system/src/newlib/_startup.o
                0x20000078                . = ALIGN (0x4)
                0x20000078                _edata = .
                0x20000078                __data_end__ = .

.igot.plt       0x20000078        0x0 load address 0x080025d8
 .igot.plt      0x20000078        0x0 ./system/src/stm32f0xx/stm32f0xx_hal.o

.bss_CCMRAM     0x10000000        0x0
 *(.bss.CCMRAM .bss.CCMRAM.*)

.bss            0x20000078      0x14c
                0x20000078                __bss_start__ = .
                0x20000078                _sbss = .
 *(.bss_begin .bss_begin.*)
 .bss_begin     0x20000078        0x4 ./system/src/newlib/_startup.o
 *(.bss .bss.*)
 .bss.current_heap_end.3974
                0x2000007c        0x4 ./system/src/newlib/_sbrk.o
 .bss.name.4289
                0x20000080        0x1 ./system/src/newlib/_syscalls.o
 *fill*         0x20000081        0x3 
 .bss.buf.5179  0x20000084       0x80 ./system/src/diag/Trace.o
 .bss.pot_high_voltage
                0x20000104        0x2 ./src/main.o
                0x20000104                pot_high_voltage
 .bss.pot_low_voltage
                0x20000106        0x2 ./src/main.o
                0x20000106                pot_low_voltage
 .bss.__malloc_sbrk_start
                0x20000108        0x4 c:/arm/gcc/bin/../lib/gcc/arm-none-eabi/5.4.1/../../../../arm-none-eabi/lib/armv6-m\libg_nano.a(lib_a-nano-mallocr.o)
                0x20000108                __malloc_sbrk_start
 .bss.__malloc_free_list
                0x2000010c        0x4 c:/arm/gcc/bin/../lib/gcc/arm-none-eabi/5.4.1/../../../../arm-none-eabi/lib/armv6-m\libg_nano.a(lib_a-nano-mallocr.o)
                0x2000010c                __malloc_free_list
 *(COMMON)
 COMMON         0x20000110        0x4 ./system/src/stm32f0xx/stm32f0xx_hal.o
                0x20000110                uwTick
 COMMON         0x20000114        0x4 ./system/src/newlib/_syscalls.o
                0x20000114                errno
 COMMON         0x20000118       0x90 ./src/adc.o
                0x20000118                hdma_adc
                0x2000015c                hadc
 COMMON         0x200001a8       0x18 ./src/main.o
                0x200001a8                rawValue
                0x200001b0                msg
 *(.bss_end .bss_end.*)
 .bss_end       0x200001c0        0x4 ./system/src/newlib/_startup.o
                0x200001c4                . = ALIGN (0x4)
                0x200001c4                __bss_end__ = .
                0x200001c4                _ebss = .

.noinit_CCMRAM
 *(.noinit.CCMRAM .noinit.CCMRAM.*)

.noinit         0x200001c4        0x0
                0x200001c4                _noinit = .
 *(.noinit .noinit.*)
                0x200001c4                . = ALIGN (0x4)
                0x200001c4                _end_noinit = .
                [!provide]                PROVIDE (end, _end_noinit)
                [!provide]                PROVIDE (_end, _end_noinit)
                [!provide]                PROVIDE (__end, _end_noinit)
                [!provide]                PROVIDE (__end__, _end_noinit)

._check_stack   0x200001c4      0x100
                0x200002c4                . = (. + _Minimum_Stack_Size)
 *fill*         0x200001c4      0x100 

.b1text
 *(.b1text)
 *(.b1rodata)
 *(.b1rodata.*)

.eb0text
 *(.eb0text)
 *(.eb0rodata)
 *(.eb0rodata.*)

.eb1text
 *(.eb1text)
 *(.eb1rodata)
 *(.eb1rodata.*)

.eb2text
 *(.eb2text)
 *(.eb2rodata)
 *(.eb2rodata.*)

.eb3text
 *(.eb3text)
 *(.eb3rodata)
 *(.eb3rodata.*)

.stab
 *(.stab)

.stabstr
 *(.stabstr)

.stab.excl
 *(.stab.excl)

.stab.exclstr
 *(.stab.exclstr)

.stab.index
 *(.stab.index)

.stab.indexstr
 *(.stab.indexstr)

.comment        0x00000000       0x6e
 *(.comment)
 .comment       0x00000000       0x6e ./system/src/stm32f0xx/stm32f0xx_hal.o
                                 0x6f (size before relaxing)
 .comment       0x0000006e       0x6f ./system/src/stm32f0xx/stm32f0xx_hal_adc.o
 .comment       0x0000006e       0x6f ./system/src/stm32f0xx/stm32f0xx_hal_cortex.o
 .comment       0x0000006e       0x6f ./system/src/stm32f0xx/stm32f0xx_hal_dma.o
 .comment       0x0000006e       0x6f ./system/src/stm32f0xx/stm32f0xx_hal_gpio.o
 .comment       0x0000006e       0x6f ./system/src/stm32f0xx/stm32f0xx_hal_rcc.o
 .comment       0x0000006e       0x6f ./system/src/newlib/_exit.o
 .comment       0x0000006e       0x6f ./system/src/newlib/_sbrk.o
 .comment       0x0000006e       0x6f ./system/src/newlib/_startup.o
 .comment       0x0000006e       0x6f ./system/src/newlib/_syscalls.o
 .comment       0x0000006e       0x6f ./system/src/diag/Trace.o
 .comment       0x0000006e       0x6f ./system/src/diag/trace_impl.o
 .comment       0x0000006e       0x6f ./system/src/cortexm/_initialize_hardware.o
 .comment       0x0000006e       0x6f ./system/src/cortexm/exception_handlers.o
 .comment       0x0000006e       0x6f ./system/src/cmsis/system_stm32f0xx.o
 .comment       0x0000006e       0x6f ./src/adc.o
 .comment       0x0000006e       0x6f ./src/dma.o
 .comment       0x0000006e       0x6f ./src/gpio.o
 .comment       0x0000006e       0x6f ./src/main.o
 .comment       0x0000006e       0x6f ./src/stm32f0xx_hal_msp.o
 .comment       0x0000006e       0x6f ./src/stm32f0xx_it.o

.ARM.attributes
                0x00000000       0x2f
 .ARM.attributes
                0x00000000       0x31 ./system/src/stm32f0xx/stm32f0xx_hal.o
 .ARM.attributes
                0x00000031       0x31 ./system/src/stm32f0xx/stm32f0xx_hal_adc.o
 .ARM.attributes
                0x00000062       0x31 ./system/src/stm32f0xx/stm32f0xx_hal_cortex.o
 .ARM.attributes
                0x00000093       0x31 ./system/src/stm32f0xx/stm32f0xx_hal_dma.o
 .ARM.attributes
                0x000000c4       0x31 ./system/src/stm32f0xx/stm32f0xx_hal_gpio.o
 .ARM.attributes
                0x000000f5       0x31 ./system/src/stm32f0xx/stm32f0xx_hal_rcc.o
 .ARM.attributes
                0x00000126       0x31 ./system/src/newlib/_exit.o
 .ARM.attributes
                0x00000157       0x31 ./system/src/newlib/_sbrk.o
 .ARM.attributes
                0x00000188       0x31 ./system/src/newlib/_startup.o
 .ARM.attributes
                0x000001b9       0x31 ./system/src/newlib/_syscalls.o
 .ARM.attributes
                0x000001ea       0x31 ./system/src/diag/Trace.o
 .ARM.attributes
                0x0000021b       0x31 ./system/src/diag/trace_impl.o
 .ARM.attributes
                0x0000024c       0x31 ./system/src/cortexm/_initialize_hardware.o
 .ARM.attributes
                0x0000027d       0x31 ./system/src/cortexm/exception_handlers.o
 .ARM.attributes
                0x000002ae       0x21 ./system/src/cmsis/startup_stm32f051x8.o
 .ARM.attributes
                0x000002cf       0x31 ./system/src/cmsis/system_stm32f0xx.o
 .ARM.attributes
                0x00000300       0x31 ./src/adc.o
 .ARM.attributes
                0x00000331       0x31 ./src/dma.o
 .ARM.attributes
                0x00000362       0x31 ./src/gpio.o
 .ARM.attributes
                0x00000393       0x31 ./src/main.o
 .ARM.attributes
                0x000003c4       0x31 ./src/stm32f0xx_hal_msp.o
 .ARM.attributes
                0x000003f5       0x31 ./src/stm32f0xx_it.o
 .ARM.attributes
                0x00000426       0x1e c:/arm/gcc/bin/../lib/gcc/arm-none-eabi/5.4.1/armv6-m\libgcc.a(_udivsi3.o)
 .ARM.attributes
                0x00000444       0x1e c:/arm/gcc/bin/../lib/gcc/arm-none-eabi/5.4.1/armv6-m\libgcc.a(_divsi3.o)
 .ARM.attributes
                0x00000462       0x1e c:/arm/gcc/bin/../lib/gcc/arm-none-eabi/5.4.1/armv6-m\libgcc.a(_dvmd_tls.o)
 .ARM.attributes
                0x00000480       0x2c c:/arm/gcc/bin/../lib/gcc/arm-none-eabi/5.4.1/../../../../arm-none-eabi/lib/armv6-m\libg_nano.a(lib_a-errno.o)
 .ARM.attributes
                0x000004ac       0x2c c:/arm/gcc/bin/../lib/gcc/arm-none-eabi/5.4.1/../../../../arm-none-eabi/lib/armv6-m\libg_nano.a(lib_a-impure.o)
 .ARM.attributes
                0x000004d8       0x2c c:/arm/gcc/bin/../lib/gcc/arm-none-eabi/5.4.1/../../../../arm-none-eabi/lib/armv6-m\libg_nano.a(lib_a-itoa.o)
 .ARM.attributes
                0x00000504       0x2c c:/arm/gcc/bin/../lib/gcc/arm-none-eabi/5.4.1/../../../../arm-none-eabi/lib/armv6-m\libg_nano.a(lib_a-memcpy-stub.o)
 .ARM.attributes
                0x00000530       0x2c c:/arm/gcc/bin/../lib/gcc/arm-none-eabi/5.4.1/../../../../arm-none-eabi/lib/armv6-m\libg_nano.a(lib_a-utoa.o)
 .ARM.attributes
                0x0000055c       0x2c c:/arm/gcc/bin/../lib/gcc/arm-none-eabi/5.4.1/../../../../arm-none-eabi/lib/armv6-m\libg_nano.a(lib_a-vsnprintf.o)
 .ARM.attributes
                0x00000588       0x2c c:/arm/gcc/bin/../lib/gcc/arm-none-eabi/5.4.1/../../../../arm-none-eabi/lib/armv6-m\libg_nano.a(lib_a-nano-svfprintf.o)
 .ARM.attributes
                0x000005b4       0x2c c:/arm/gcc/bin/../lib/gcc/arm-none-eabi/5.4.1/../../../../arm-none-eabi/lib/armv6-m\libg_nano.a(lib_a-nano-vfprintf_i.o)
 .ARM.attributes
                0x000005e0       0x2c c:/arm/gcc/bin/../lib/gcc/arm-none-eabi/5.4.1/../../../../arm-none-eabi/lib/armv6-m\libg_nano.a(lib_a-memchr-stub.o)
 .ARM.attributes
                0x0000060c       0x2c c:/arm/gcc/bin/../lib/gcc/arm-none-eabi/5.4.1/../../../../arm-none-eabi/lib/armv6-m\libg_nano.a(lib_a-memmove.o)
 .ARM.attributes
                0x00000638       0x2c c:/arm/gcc/bin/../lib/gcc/arm-none-eabi/5.4.1/../../../../arm-none-eabi/lib/armv6-m\libg_nano.a(lib_a-nano-freer.o)
 .ARM.attributes
                0x00000664       0x2c c:/arm/gcc/bin/../lib/gcc/arm-none-eabi/5.4.1/../../../../arm-none-eabi/lib/armv6-m\libg_nano.a(lib_a-nano-mallocr.o)
 .ARM.attributes
                0x00000690       0x2c c:/arm/gcc/bin/../lib/gcc/arm-none-eabi/5.4.1/../../../../arm-none-eabi/lib/armv6-m\libg_nano.a(lib_a-nano-reallocr.o)
 .ARM.attributes
                0x000006bc       0x2c c:/arm/gcc/bin/../lib/gcc/arm-none-eabi/5.4.1/../../../../arm-none-eabi/lib/armv6-m\libg_nano.a(lib_a-sbrkr.o)
 .ARM.attributes
                0x000006e8       0x2c c:/arm/gcc/bin/../lib/gcc/arm-none-eabi/5.4.1/../../../../arm-none-eabi/lib/armv6-m\libg_nano.a(lib_a-mlock.o)
 .ARM.attributes
                0x00000714       0x2c c:/arm/gcc/bin/../lib/gcc/arm-none-eabi/5.4.1/../../../../arm-none-eabi/lib/armv6-m\libg_nano.a(lib_a-nano-msizer.o)

.debug
 *(.debug)

.line
 *(.line)

.debug_srcinfo
 *(.debug_srcinfo)

.debug_sfnames
 *(.debug_sfnames)

.debug_aranges  0x00000000      0x648
 *(.debug_aranges)
 .debug_aranges
                0x00000000       0xa0 ./system/src/stm32f0xx/stm32f0xx_hal.o
 .debug_aranges
                0x000000a0       0xf8 ./system/src/stm32f0xx/stm32f0xx_hal_adc.o
 .debug_aranges
                0x00000198       0x78 ./system/src/stm32f0xx/stm32f0xx_hal_cortex.o
 .debug_aranges
                0x00000210       0x88 ./system/src/stm32f0xx/stm32f0xx_hal_dma.o
 .debug_aranges
                0x00000298       0x58 ./system/src/stm32f0xx/stm32f0xx_hal_gpio.o
 .debug_aranges
                0x000002f0       0x80 ./system/src/stm32f0xx/stm32f0xx_hal_rcc.o
 .debug_aranges
                0x00000370       0x28 ./system/src/newlib/_exit.o
 .debug_aranges
                0x00000398       0x20 ./system/src/newlib/_sbrk.o
 .debug_aranges
                0x000003b8       0x40 ./system/src/newlib/_startup.o
 .debug_aranges
                0x000003f8       0x30 ./system/src/newlib/_syscalls.o
 .debug_aranges
                0x00000428       0x38 ./system/src/diag/Trace.o
 .debug_aranges
                0x00000460       0x30 ./system/src/diag/trace_impl.o
 .debug_aranges
                0x00000490       0x28 ./system/src/cortexm/_initialize_hardware.o
 .debug_aranges
                0x000004b8       0x58 ./system/src/cortexm/exception_handlers.o
 .debug_aranges
                0x00000510       0x28 ./system/src/cmsis/startup_stm32f051x8.o
 .debug_aranges
                0x00000538       0x28 ./system/src/cmsis/system_stm32f0xx.o
 .debug_aranges
                0x00000560       0x30 ./src/adc.o
 .debug_aranges
                0x00000590       0x20 ./src/dma.o
 .debug_aranges
                0x000005b0       0x20 ./src/gpio.o
 .debug_aranges
                0x000005d0       0x30 ./src/main.o
 .debug_aranges
                0x00000600       0x20 ./src/stm32f0xx_hal_msp.o
 .debug_aranges
                0x00000620       0x28 ./src/stm32f0xx_it.o

.debug_pubnames
 *(.debug_pubnames)

.debug_info     0x00000000     0x6575
 *(.debug_info .gnu.linkonce.wi.*)
 .debug_info    0x00000000      0x5a6 ./system/src/stm32f0xx/stm32f0xx_hal.o
 .debug_info    0x000005a6      0xdff ./system/src/stm32f0xx/stm32f0xx_hal_adc.o
 .debug_info    0x000013a5      0x765 ./system/src/stm32f0xx/stm32f0xx_hal_cortex.o
 .debug_info    0x00001b0a      0x7cd ./system/src/stm32f0xx/stm32f0xx_hal_dma.o
 .debug_info    0x000022d7      0x5d2 ./system/src/stm32f0xx/stm32f0xx_hal_gpio.o
 .debug_info    0x000028a9      0x989 ./system/src/stm32f0xx/stm32f0xx_hal_rcc.o
 .debug_info    0x00003232       0xef ./system/src/newlib/_exit.o
 .debug_info    0x00003321      0x11f ./system/src/newlib/_sbrk.o
 .debug_info    0x00003440      0x454 ./system/src/newlib/_startup.o
 .debug_info    0x00003894      0x1c7 ./system/src/newlib/_syscalls.o
 .debug_info    0x00003a5b      0x2e7 ./system/src/diag/Trace.o
 .debug_info    0x00003d42      0x2ea ./system/src/diag/trace_impl.o
 .debug_info    0x0000402c       0xcb ./system/src/cortexm/_initialize_hardware.o
 .debug_info    0x000040f7      0x327 ./system/src/cortexm/exception_handlers.o
 .debug_info    0x0000441e       0x87 ./system/src/cmsis/startup_stm32f051x8.o
 .debug_info    0x000044a5      0x227 ./system/src/cmsis/system_stm32f0xx.o
 .debug_info    0x000046cc      0x8c5 ./src/adc.o
 .debug_info    0x00004f91      0x2ad ./src/dma.o
 .debug_info    0x0000523e      0x345 ./src/gpio.o
 .debug_info    0x00005583      0xa1a ./src/main.o
 .debug_info    0x00005f9d      0x2cc ./src/stm32f0xx_hal_msp.o
 .debug_info    0x00006269      0x30c ./src/stm32f0xx_it.o

.debug_abbrev   0x00000000     0x1e4f
 *(.debug_abbrev)
 .debug_abbrev  0x00000000      0x1f7 ./system/src/stm32f0xx/stm32f0xx_hal.o
 .debug_abbrev  0x000001f7      0x249 ./system/src/stm32f0xx/stm32f0xx_hal_adc.o
 .debug_abbrev  0x00000440      0x257 ./system/src/stm32f0xx/stm32f0xx_hal_cortex.o
 .debug_abbrev  0x00000697      0x208 ./system/src/stm32f0xx/stm32f0xx_hal_dma.o
 .debug_abbrev  0x0000089f      0x1d4 ./system/src/stm32f0xx/stm32f0xx_hal_gpio.o
 .debug_abbrev  0x00000a73      0x231 ./system/src/stm32f0xx/stm32f0xx_hal_rcc.o
 .debug_abbrev  0x00000ca4       0x8e ./system/src/newlib/_exit.o
 .debug_abbrev  0x00000d32       0xb9 ./system/src/newlib/_sbrk.o
 .debug_abbrev  0x00000deb      0x1ac ./system/src/newlib/_startup.o
 .debug_abbrev  0x00000f97       0xec ./system/src/newlib/_syscalls.o
 .debug_abbrev  0x00001083      0x156 ./system/src/diag/Trace.o
 .debug_abbrev  0x000011d9      0x1ae ./system/src/diag/trace_impl.o
 .debug_abbrev  0x00001387       0x63 ./system/src/cortexm/_initialize_hardware.o
 .debug_abbrev  0x000013ea      0x15c ./system/src/cortexm/exception_handlers.o
 .debug_abbrev  0x00001546       0x12 ./system/src/cmsis/startup_stm32f051x8.o
 .debug_abbrev  0x00001558       0xf3 ./system/src/cmsis/system_stm32f0xx.o
 .debug_abbrev  0x0000164b      0x197 ./src/adc.o
 .debug_abbrev  0x000017e2      0x103 ./src/dma.o
 .debug_abbrev  0x000018e5      0x137 ./src/gpio.o
 .debug_abbrev  0x00001a1c      0x1ed ./src/main.o
 .debug_abbrev  0x00001c09      0x103 ./src/stm32f0xx_hal_msp.o
 .debug_abbrev  0x00001d0c      0x143 ./src/stm32f0xx_it.o

.debug_line     0x00000000     0x63ab
 *(.debug_line)
 .debug_line    0x00000000      0x63c ./system/src/stm32f0xx/stm32f0xx_hal.o
 .debug_line    0x0000063c      0xa4b ./system/src/stm32f0xx/stm32f0xx_hal_adc.o
 .debug_line    0x00001087      0x65a ./system/src/stm32f0xx/stm32f0xx_hal_cortex.o
 .debug_line    0x000016e1      0x739 ./system/src/stm32f0xx/stm32f0xx_hal_dma.o
 .debug_line    0x00001e1a      0x644 ./system/src/stm32f0xx/stm32f0xx_hal_gpio.o
 .debug_line    0x0000245e      0x792 ./system/src/stm32f0xx/stm32f0xx_hal_rcc.o
 .debug_line    0x00002bf0      0x284 ./system/src/newlib/_exit.o
 .debug_line    0x00002e74      0x235 ./system/src/newlib/_sbrk.o
 .debug_line    0x000030a9      0x2ec ./system/src/newlib/_startup.o
 .debug_line    0x00003395      0x324 ./system/src/newlib/_syscalls.o
 .debug_line    0x000036b9      0x2f1 ./system/src/diag/Trace.o
 .debug_line    0x000039aa      0x37f ./system/src/diag/trace_impl.o
 .debug_line    0x00003d29      0x15d ./system/src/cortexm/_initialize_hardware.o
 .debug_line    0x00003e86      0x3cf ./system/src/cortexm/exception_handlers.o
 .debug_line    0x00004255       0x8c ./system/src/cmsis/startup_stm32f051x8.o
 .debug_line    0x000042e1      0x161 ./system/src/cmsis/system_stm32f0xx.o
 .debug_line    0x00004442      0x564 ./src/adc.o
 .debug_line    0x000049a6      0x500 ./src/dma.o
 .debug_line    0x00004ea6      0x50b ./src/gpio.o
 .debug_line    0x000053b1      0x5d1 ./src/main.o
 .debug_line    0x00005982      0x506 ./src/stm32f0xx_hal_msp.o
 .debug_line    0x00005e88      0x523 ./src/stm32f0xx_it.o

.debug_frame    0x00000000     0x103c
 *(.debug_frame)
 .debug_frame   0x00000000      0x144 ./system/src/stm32f0xx/stm32f0xx_hal.o
 .debug_frame   0x00000144      0x2a0 ./system/src/stm32f0xx/stm32f0xx_hal_adc.o
 .debug_frame   0x000003e4       0xe4 ./system/src/stm32f0xx/stm32f0xx_hal_cortex.o
 .debug_frame   0x000004c8      0x168 ./system/src/stm32f0xx/stm32f0xx_hal_dma.o
 .debug_frame   0x00000630       0xcc ./system/src/stm32f0xx/stm32f0xx_hal_gpio.o
 .debug_frame   0x000006fc      0x12c ./system/src/stm32f0xx/stm32f0xx_hal_rcc.o
 .debug_frame   0x00000828       0x38 ./system/src/newlib/_exit.o
 .debug_frame   0x00000860       0x28 ./system/src/newlib/_sbrk.o
 .debug_frame   0x00000888       0x80 ./system/src/newlib/_startup.o
 .debug_frame   0x00000908       0x50 ./system/src/newlib/_syscalls.o
 .debug_frame   0x00000958       0x78 ./system/src/diag/Trace.o
 .debug_frame   0x000009d0       0x60 ./system/src/diag/trace_impl.o
 .debug_frame   0x00000a30       0x40 ./system/src/cortexm/_initialize_hardware.o
 .debug_frame   0x00000a70       0xb0 ./system/src/cortexm/exception_handlers.o
 .debug_frame   0x00000b20       0x38 ./system/src/cmsis/system_stm32f0xx.o
 .debug_frame   0x00000b58       0x5c ./src/adc.o
 .debug_frame   0x00000bb4       0x28 ./src/dma.o
 .debug_frame   0x00000bdc       0x30 ./src/gpio.o
 .debug_frame   0x00000c0c       0x5c ./src/main.o
 .debug_frame   0x00000c68       0x28 ./src/stm32f0xx_hal_msp.o
 .debug_frame   0x00000c90       0x40 ./src/stm32f0xx_it.o
 .debug_frame   0x00000cd0       0x20 c:/arm/gcc/bin/../lib/gcc/arm-none-eabi/5.4.1/armv6-m\libgcc.a(_udivsi3.o)
 .debug_frame   0x00000cf0       0x20 c:/arm/gcc/bin/../lib/gcc/arm-none-eabi/5.4.1/armv6-m\libgcc.a(_divsi3.o)
 .debug_frame   0x00000d10       0x20 c:/arm/gcc/bin/../lib/gcc/arm-none-eabi/5.4.1/../../../../arm-none-eabi/lib/armv6-m\libg_nano.a(lib_a-errno.o)
 .debug_frame   0x00000d30       0x40 c:/arm/gcc/bin/../lib/gcc/arm-none-eabi/5.4.1/../../../../arm-none-eabi/lib/armv6-m\libg_nano.a(lib_a-itoa.o)
 .debug_frame   0x00000d70       0x28 c:/arm/gcc/bin/../lib/gcc/arm-none-eabi/5.4.1/../../../../arm-none-eabi/lib/armv6-m\libg_nano.a(lib_a-memcpy-stub.o)
 .debug_frame   0x00000d98       0x48 c:/arm/gcc/bin/../lib/gcc/arm-none-eabi/5.4.1/../../../../arm-none-eabi/lib/armv6-m\libg_nano.a(lib_a-utoa.o)
 .debug_frame   0x00000de0       0x48 c:/arm/gcc/bin/../lib/gcc/arm-none-eabi/5.4.1/../../../../arm-none-eabi/lib/armv6-m\libg_nano.a(lib_a-vsnprintf.o)
 .debug_frame   0x00000e28       0x74 c:/arm/gcc/bin/../lib/gcc/arm-none-eabi/5.4.1/../../../../arm-none-eabi/lib/armv6-m\libg_nano.a(lib_a-nano-svfprintf.o)
 .debug_frame   0x00000e9c       0x54 c:/arm/gcc/bin/../lib/gcc/arm-none-eabi/5.4.1/../../../../arm-none-eabi/lib/armv6-m\libg_nano.a(lib_a-nano-vfprintf_i.o)
 .debug_frame   0x00000ef0       0x20 c:/arm/gcc/bin/../lib/gcc/arm-none-eabi/5.4.1/../../../../arm-none-eabi/lib/armv6-m\libg_nano.a(lib_a-memchr-stub.o)
 .debug_frame   0x00000f10       0x28 c:/arm/gcc/bin/../lib/gcc/arm-none-eabi/5.4.1/../../../../arm-none-eabi/lib/armv6-m\libg_nano.a(lib_a-memmove.o)
 .debug_frame   0x00000f38       0x2c c:/arm/gcc/bin/../lib/gcc/arm-none-eabi/5.4.1/../../../../arm-none-eabi/lib/armv6-m\libg_nano.a(lib_a-nano-freer.o)
 .debug_frame   0x00000f64       0x2c c:/arm/gcc/bin/../lib/gcc/arm-none-eabi/5.4.1/../../../../arm-none-eabi/lib/armv6-m\libg_nano.a(lib_a-nano-mallocr.o)
 .debug_frame   0x00000f90       0x30 c:/arm/gcc/bin/../lib/gcc/arm-none-eabi/5.4.1/../../../../arm-none-eabi/lib/armv6-m\libg_nano.a(lib_a-nano-reallocr.o)
 .debug_frame   0x00000fc0       0x2c c:/arm/gcc/bin/../lib/gcc/arm-none-eabi/5.4.1/../../../../arm-none-eabi/lib/armv6-m\libg_nano.a(lib_a-sbrkr.o)
 .debug_frame   0x00000fec       0x30 c:/arm/gcc/bin/../lib/gcc/arm-none-eabi/5.4.1/../../../../arm-none-eabi/lib/armv6-m\libg_nano.a(lib_a-mlock.o)
 .debug_frame   0x0000101c       0x20 c:/arm/gcc/bin/../lib/gcc/arm-none-eabi/5.4.1/../../../../arm-none-eabi/lib/armv6-m\libg_nano.a(lib_a-nano-msizer.o)

.debug_str      0x00000000    0x65d20
 *(.debug_str)
 .debug_str     0x00000000    0x61eb8 ./system/src/stm32f0xx/stm32f0xx_hal.o
                              0x622cd (size before relaxing)
 .debug_str     0x00061eb8      0x6f2 ./system/src/stm32f0xx/stm32f0xx_hal_adc.o
                              0x624dc (size before relaxing)
 .debug_str     0x000625aa      0x19e ./system/src/stm32f0xx/stm32f0xx_hal_cortex.o
                              0x6219d (size before relaxing)
 .debug_str     0x00062748      0x222 ./system/src/stm32f0xx/stm32f0xx_hal_dma.o
                              0x621a9 (size before relaxing)
 .debug_str     0x0006296a      0x280 ./system/src/stm32f0xx/stm32f0xx_hal_gpio.o
                              0x6205c (size before relaxing)
 .debug_str     0x00062bea      0x343 ./system/src/stm32f0xx/stm32f0xx_hal_rcc.o
                              0x62202 (size before relaxing)
 .debug_str     0x00062f2d     0x10b6 ./system/src/newlib/_exit.o
                               0x6d25 (size before relaxing)
 .debug_str     0x00063fe3      0x4de ./system/src/newlib/_sbrk.o
                               0x6110 (size before relaxing)
 .debug_str     0x000644c1      0x266 ./system/src/newlib/_startup.o
                               0x5cc5 (size before relaxing)
 .debug_str     0x00064727      0xe18 ./system/src/newlib/_syscalls.o
                               0x6f70 (size before relaxing)
 .debug_str     0x0006553f      0x176 ./system/src/diag/Trace.o
                               0x7515 (size before relaxing)
 .debug_str     0x000656b5      0x373 ./system/src/diag/trace_impl.o
                              0x383ec (size before relaxing)
 .debug_str     0x00065a28       0x4e ./system/src/cortexm/_initialize_hardware.o
                              0x34527 (size before relaxing)
 .debug_str     0x00065a76      0x109 ./system/src/cortexm/exception_handlers.o
                              0x38e40 (size before relaxing)
 .debug_str     0x00065b7f       0x46 ./system/src/cmsis/system_stm32f0xx.o
                              0x345f0 (size before relaxing)
 .debug_str     0x00065bc5       0x66 ./src/adc.o
                              0x62260 (size before relaxing)
 .debug_str     0x00065c2b       0x19 ./src/dma.o
                              0x61f76 (size before relaxing)
 .debug_str     0x00065c44       0x1b ./src/gpio.o
                              0x61e50 (size before relaxing)
 .debug_str     0x00065c5f       0x7e ./src/main.o
                              0x6358e (size before relaxing)
 .debug_str     0x00065cdd       0x1b ./src/stm32f0xx_hal_msp.o
                              0x61f68 (size before relaxing)
 .debug_str     0x00065cf8       0x28 ./src/stm32f0xx_it.o
                              0x61f86 (size before relaxing)

.debug_loc      0x00000000     0x26d6
 *(.debug_loc)
 .debug_loc     0x00000000       0x6a ./system/src/stm32f0xx/stm32f0xx_hal.o
 .debug_loc     0x0000006a      0xbcc ./system/src/stm32f0xx/stm32f0xx_hal_adc.o
 .debug_loc     0x00000c36      0x39b ./system/src/stm32f0xx/stm32f0xx_hal_cortex.o
 .debug_loc     0x00000fd1      0x7da ./system/src/stm32f0xx/stm32f0xx_hal_dma.o
 .debug_loc     0x000017ab      0x2bc ./system/src/stm32f0xx/stm32f0xx_hal_gpio.o
 .debug_loc     0x00001a67      0x4c4 ./system/src/stm32f0xx/stm32f0xx_hal_rcc.o
 .debug_loc     0x00001f2b       0x7b ./system/src/newlib/_sbrk.o
 .debug_loc     0x00001fa6      0x265 ./system/src/newlib/_startup.o
 .debug_loc     0x0000220b       0x63 ./system/src/newlib/_syscalls.o
 .debug_loc     0x0000226e      0x102 ./system/src/diag/Trace.o
 .debug_loc     0x00002370      0x17c ./system/src/diag/trace_impl.o
 .debug_loc     0x000024ec       0x94 ./system/src/cortexm/exception_handlers.o
 .debug_loc     0x00002580       0xfe ./system/src/cmsis/system_stm32f0xx.o
 .debug_loc     0x0000267e       0x58 ./src/adc.o

.debug_macinfo
 *(.debug_macinfo)

.debug_weaknames
 *(.debug_weaknames)

.debug_funcnames
 *(.debug_funcnames)

.debug_typenames
 *(.debug_typenames)

.debug_varnames
 *(.debug_varnames)
OUTPUT(sequencial_adc_reading_with_dma.elf elf32-littlearm)

.debug_ranges   0x00000000      0x538
 .debug_ranges  0x00000000       0x90 ./system/src/stm32f0xx/stm32f0xx_hal.o
 .debug_ranges  0x00000090       0xe8 ./system/src/stm32f0xx/stm32f0xx_hal_adc.o
 .debug_ranges  0x00000178       0x68 ./system/src/stm32f0xx/stm32f0xx_hal_cortex.o
 .debug_ranges  0x000001e0       0x78 ./system/src/stm32f0xx/stm32f0xx_hal_dma.o
 .debug_ranges  0x00000258       0x48 ./system/src/stm32f0xx/stm32f0xx_hal_gpio.o
 .debug_ranges  0x000002a0       0x88 ./system/src/stm32f0xx/stm32f0xx_hal_rcc.o
 .debug_ranges  0x00000328       0x18 ./system/src/newlib/_exit.o
 .debug_ranges  0x00000340       0x10 ./system/src/newlib/_sbrk.o
 .debug_ranges  0x00000350       0x48 ./system/src/newlib/_startup.o
 .debug_ranges  0x00000398       0x20 ./system/src/newlib/_syscalls.o
 .debug_ranges  0x000003b8       0x28 ./system/src/diag/Trace.o
 .debug_ranges  0x000003e0       0x38 ./system/src/diag/trace_impl.o
 .debug_ranges  0x00000418       0x18 ./system/src/cortexm/_initialize_hardware.o
 .debug_ranges  0x00000430       0x48 ./system/src/cortexm/exception_handlers.o
 .debug_ranges  0x00000478       0x20 ./system/src/cmsis/startup_stm32f051x8.o
 .debug_ranges  0x00000498       0x18 ./system/src/cmsis/system_stm32f0xx.o
 .debug_ranges  0x000004b0       0x20 ./src/adc.o
 .debug_ranges  0x000004d0       0x10 ./src/dma.o
 .debug_ranges  0x000004e0       0x10 ./src/gpio.o
 .debug_ranges  0x000004f0       0x20 ./src/main.o
 .debug_ranges  0x00000510       0x10 ./src/stm32f0xx_hal_msp.o
 .debug_ranges  0x00000520       0x18 ./src/stm32f0xx_it.o

.debug_macro    0x00000000    0x13745
 .debug_macro   0x00000000      0x2fd ./system/src/stm32f0xx/stm32f0xx_hal.o
 .debug_macro   0x000002fd      0x82c ./system/src/stm32f0xx/stm32f0xx_hal.o
 .debug_macro   0x00000b29       0x5e ./system/src/stm32f0xx/stm32f0xx_hal.o
 .debug_macro   0x00000b87       0x9e ./system/src/stm32f0xx/stm32f0xx_hal.o
 .debug_macro   0x00000c25       0x2e ./system/src/stm32f0xx/stm32f0xx_hal.o
 .debug_macro   0x00000c53       0x22 ./system/src/stm32f0xx/stm32f0xx_hal.o
 .debug_macro   0x00000c75      0x34e ./system/src/stm32f0xx/stm32f0xx_hal.o
 .debug_macro   0x00000fc3       0x34 ./system/src/stm32f0xx/stm32f0xx_hal.o
 .debug_macro   0x00000ff7       0x26 ./system/src/stm32f0xx/stm32f0xx_hal.o
 .debug_macro   0x0000101d      0x30d ./system/src/stm32f0xx/stm32f0xx_hal.o
 .debug_macro   0x0000132a     0x8ba9 ./system/src/stm32f0xx/stm32f0xx_hal.o
 .debug_macro   0x00009ed3       0x3c ./system/src/stm32f0xx/stm32f0xx_hal.o
 .debug_macro   0x00009f0f     0x3408 ./system/src/stm32f0xx/stm32f0xx_hal.o
 .debug_macro   0x0000d317       0x22 ./system/src/stm32f0xx/stm32f0xx_hal.o
 .debug_macro   0x0000d339       0x4c ./system/src/stm32f0xx/stm32f0xx_hal.o
 .debug_macro   0x0000d385       0x8d ./system/src/stm32f0xx/stm32f0xx_hal.o
 .debug_macro   0x0000d412       0x35 ./system/src/stm32f0xx/stm32f0xx_hal.o
 .debug_macro   0x0000d447       0x9c ./system/src/stm32f0xx/stm32f0xx_hal.o
 .debug_macro   0x0000d4e3       0x16 ./system/src/stm32f0xx/stm32f0xx_hal.o
 .debug_macro   0x0000d4f9       0x4a ./system/src/stm32f0xx/stm32f0xx_hal.o
 .debug_macro   0x0000d543       0x97 ./system/src/stm32f0xx/stm32f0xx_hal.o
 .debug_macro   0x0000d5da      0x30d ./system/src/stm32f0xx/stm32f0xx_hal.o
 .debug_macro   0x0000d8e7       0xfd ./system/src/stm32f0xx/stm32f0xx_hal.o
 .debug_macro   0x0000d9e4       0x10 ./system/src/stm32f0xx/stm32f0xx_hal.o
 .debug_macro   0x0000d9f4       0x52 ./system/src/stm32f0xx/stm32f0xx_hal.o
 .debug_macro   0x0000da46       0x1f ./system/src/stm32f0xx/stm32f0xx_hal.o
 .debug_macro   0x0000da65       0x43 ./system/src/stm32f0xx/stm32f0xx_hal.o
 .debug_macro   0x0000daa8       0x20 ./system/src/stm32f0xx/stm32f0xx_hal.o
 .debug_macro   0x0000dac8      0x187 ./system/src/stm32f0xx/stm32f0xx_hal.o
 .debug_macro   0x0000dc4f       0x10 ./system/src/stm32f0xx/stm32f0xx_hal.o
 .debug_macro   0x0000dc5f       0x5e ./system/src/stm32f0xx/stm32f0xx_hal.o
 .debug_macro   0x0000dcbd       0x1c ./system/src/stm32f0xx/stm32f0xx_hal.o
 .debug_macro   0x0000dcd9       0x52 ./system/src/stm32f0xx/stm32f0xx_hal.o
 .debug_macro   0x0000dd2b       0x40 ./system/src/stm32f0xx/stm32f0xx_hal.o
 .debug_macro   0x0000dd6b       0x10 ./system/src/stm32f0xx/stm32f0xx_hal.o
 .debug_macro   0x0000dd7b       0x40 ./system/src/stm32f0xx/stm32f0xx_hal.o
 .debug_macro   0x0000ddbb       0xd7 ./system/src/stm32f0xx/stm32f0xx_hal.o
 .debug_macro   0x0000de92       0x16 ./system/src/stm32f0xx/stm32f0xx_hal.o
 .debug_macro   0x0000dea8      0x18b ./system/src/stm32f0xx/stm32f0xx_hal.o
 .debug_macro   0x0000e033       0x50 ./system/src/stm32f0xx/stm32f0xx_hal.o
 .debug_macro   0x0000e083      0x931 ./system/src/stm32f0xx/stm32f0xx_hal.o
 .debug_macro   0x0000e9b4      0x252 ./system/src/stm32f0xx/stm32f0xx_hal.o
 .debug_macro   0x0000ec06      0x13a ./system/src/stm32f0xx/stm32f0xx_hal.o
 .debug_macro   0x0000ed40      0x114 ./system/src/stm32f0xx/stm32f0xx_hal.o
 .debug_macro   0x0000ee54      0x1ed ./system/src/stm32f0xx/stm32f0xx_hal.o
 .debug_macro   0x0000f041       0x34 ./system/src/stm32f0xx/stm32f0xx_hal.o
 .debug_macro   0x0000f075       0x43 ./system/src/stm32f0xx/stm32f0xx_hal.o
 .debug_macro   0x0000f0b8       0x29 ./system/src/stm32f0xx/stm32f0xx_hal.o
 .debug_macro   0x0000f0e1      0x344 ./system/src/stm32f0xx/stm32f0xx_hal.o
 .debug_macro   0x0000f425       0xd6 ./system/src/stm32f0xx/stm32f0xx_hal.o
 .debug_macro   0x0000f4fb       0xb6 ./system/src/stm32f0xx/stm32f0xx_hal.o
 .debug_macro   0x0000f5b1      0x199 ./system/src/stm32f0xx/stm32f0xx_hal.o
 .debug_macro   0x0000f74a      0x202 ./system/src/stm32f0xx/stm32f0xx_hal.o
 .debug_macro   0x0000f94c       0x61 ./system/src/stm32f0xx/stm32f0xx_hal.o
 .debug_macro   0x0000f9ad       0x90 ./system/src/stm32f0xx/stm32f0xx_hal.o
 .debug_macro   0x0000fa3d       0x4d ./system/src/stm32f0xx/stm32f0xx_hal.o
 .debug_macro   0x0000fa8a      0x114 ./system/src/stm32f0xx/stm32f0xx_hal.o
 .debug_macro   0x0000fb9e      0x10d ./system/src/stm32f0xx/stm32f0xx_hal.o
 .debug_macro   0x0000fcab      0x2fd ./system/src/stm32f0xx/stm32f0xx_hal_adc.o
 .debug_macro   0x0000ffa8      0x2d9 ./system/src/stm32f0xx/stm32f0xx_hal_cortex.o
 .debug_macro   0x00010281      0x2d9 ./system/src/stm32f0xx/stm32f0xx_hal_dma.o
 .debug_macro   0x0001055a      0x312 ./system/src/stm32f0xx/stm32f0xx_hal_gpio.o
 .debug_macro   0x0001086c      0x2eb ./system/src/stm32f0xx/stm32f0xx_hal_rcc.o
 .debug_macro   0x00010b57      0x19c ./system/src/newlib/_exit.o
 .debug_macro   0x00010cf3      0x10e ./system/src/newlib/_exit.o
 .debug_macro   0x00010e01       0x8d ./system/src/newlib/_exit.o
 .debug_macro   0x00010e8e       0x35 ./system/src/newlib/_exit.o
 .debug_macro   0x00010ec3      0x151 ./system/src/newlib/_sbrk.o
 .debug_macro   0x00011014      0x174 ./system/src/newlib/_sbrk.o
 .debug_macro   0x00011188       0x10 ./system/src/newlib/_sbrk.o
 .debug_macro   0x00011198      0x23b ./system/src/newlib/_sbrk.o
 .debug_macro   0x000113d3      0x15b ./system/src/newlib/_startup.o
 .debug_macro   0x0001152e      0x1ff ./system/src/newlib/_syscalls.o
 .debug_macro   0x0001172d       0x1c ./system/src/newlib/_syscalls.o
 .debug_macro   0x00011749       0x10 ./system/src/newlib/_syscalls.o
 .debug_macro   0x00011759       0x10 ./system/src/newlib/_syscalls.o
 .debug_macro   0x00011769       0x10 ./system/src/newlib/_syscalls.o
 .debug_macro   0x00011779       0x35 ./system/src/newlib/_syscalls.o
 .debug_macro   0x000117ae      0x122 ./system/src/newlib/_syscalls.o
 .debug_macro   0x000118d0       0x88 ./system/src/newlib/_syscalls.o
 .debug_macro   0x00011958       0x2b ./system/src/newlib/_syscalls.o
 .debug_macro   0x00011983      0x118 ./system/src/newlib/_syscalls.o
 .debug_macro   0x00011a9b      0x159 ./system/src/newlib/_syscalls.o
 .debug_macro   0x00011bf4       0x16 ./system/src/newlib/_syscalls.o
 .debug_macro   0x00011c0a      0x1d9 ./system/src/diag/Trace.o
 .debug_macro   0x00011de3       0x4c ./system/src/diag/Trace.o
 .debug_macro   0x00011e2f       0x16 ./system/src/diag/Trace.o
 .debug_macro   0x00011e45      0x1e1 ./system/src/diag/trace_impl.o
 .debug_macro   0x00012026       0x10 ./system/src/diag/trace_impl.o
 .debug_macro   0x00012036       0xcf ./system/src/diag/trace_impl.o
 .debug_macro   0x00012105       0xbe ./system/src/diag/trace_impl.o
 .debug_macro   0x000121c3       0x22 ./system/src/diag/trace_impl.o
 .debug_macro   0x000121e5       0x8a ./system/src/cortexm/_initialize_hardware.o
 .debug_macro   0x0001226f      0x221 ./system/src/cortexm/exception_handlers.o
 .debug_macro   0x00012490       0x3a ./system/src/cortexm/exception_handlers.o
 .debug_macro   0x000124ca       0x10 ./system/src/cortexm/exception_handlers.o
 .debug_macro   0x000124da       0x92 ./system/src/cmsis/system_stm32f0xx.o
 .debug_macro   0x0001256c      0x2f7 ./src/adc.o
 .debug_macro   0x00012863      0x2e3 ./src/dma.o
 .debug_macro   0x00012b46      0x2e3 ./src/gpio.o
 .debug_macro   0x00012e29      0x360 ./src/main.o
 .debug_macro   0x00013189      0x2d9 ./src/stm32f0xx_hal_msp.o
 .debug_macro   0x00013462      0x2e3 ./src/stm32f0xx_it.o
