Archive member included to satisfy reference by file (symbol)

c:/arm/gcc/bin/../lib/gcc/arm-none-eabi/5.4.1/armv6-m\libgcc.a(_udivsi3.o)
                              ./system/src/stm32f0xx/stm32f0xx_hal.o (__aeabi_uidiv)
c:/arm/gcc/bin/../lib/gcc/arm-none-eabi/5.4.1/armv6-m\libgcc.a(_dvmd_tls.o)
                              c:/arm/gcc/bin/../lib/gcc/arm-none-eabi/5.4.1/armv6-m\libgcc.a(_udivsi3.o) (__aeabi_idiv0)
c:/arm/gcc/bin/../lib/gcc/arm-none-eabi/5.4.1/armv6-m\libgcc.a(unwind-arm.o)
                              ./system/src/newlib/_cxx.o (__aeabi_unwind_cpp_pr0)
c:/arm/gcc/bin/../lib/gcc/arm-none-eabi/5.4.1/armv6-m\libgcc.a(libunwind.o)
                              c:/arm/gcc/bin/../lib/gcc/arm-none-eabi/5.4.1/armv6-m\libgcc.a(unwind-arm.o) (restore_core_regs)
c:/arm/gcc/bin/../lib/gcc/arm-none-eabi/5.4.1/armv6-m\libgcc.a(pr-support.o)
                              c:/arm/gcc/bin/../lib/gcc/arm-none-eabi/5.4.1/armv6-m\libgcc.a(unwind-arm.o) (__gnu_unwind_execute)
c:/arm/gcc/bin/../lib/gcc/arm-none-eabi/5.4.1/../../../../arm-none-eabi/lib/armv6-m\libg_nano.a(lib_a-errno.o)
                              ./system/src/newlib/_sbrk.o (__errno)
c:/arm/gcc/bin/../lib/gcc/arm-none-eabi/5.4.1/../../../../arm-none-eabi/lib/armv6-m\libg_nano.a(lib_a-impure.o)
                              c:/arm/gcc/bin/../lib/gcc/arm-none-eabi/5.4.1/../../../../arm-none-eabi/lib/armv6-m\libg_nano.a(lib_a-errno.o) (_impure_ptr)
c:/arm/gcc/bin/../lib/gcc/arm-none-eabi/5.4.1/../../../../arm-none-eabi/lib/armv6-m\libg_nano.a(lib_a-init.o)
                              ./system/src/cmsis/startup_stm32f051x8.o (__libc_init_array)
c:/arm/gcc/bin/../lib/gcc/arm-none-eabi/5.4.1/../../../../arm-none-eabi/lib/armv6-m\libg_nano.a(lib_a-itoa.o)
                              ./src/main.o (itoa)
c:/arm/gcc/bin/../lib/gcc/arm-none-eabi/5.4.1/../../../../arm-none-eabi/lib/armv6-m\libg_nano.a(lib_a-memcpy-stub.o)
                              ./system/src/stm32f0xx/stm32f0xx_hal_rcc.o (memcpy)
c:/arm/gcc/bin/../lib/gcc/arm-none-eabi/5.4.1/../../../../arm-none-eabi/lib/armv6-m\libg_nano.a(lib_a-memset.o)
                              ./system/src/stm32f0xx/stm32f0xx_hal_rcc.o (memset)
c:/arm/gcc/bin/../lib/gcc/arm-none-eabi/5.4.1/../../../../arm-none-eabi/lib/armv6-m\libg_nano.a(lib_a-strlen.o)
                              ./system/src/diag/Trace.o (strlen)
c:/arm/gcc/bin/../lib/gcc/arm-none-eabi/5.4.1/../../../../arm-none-eabi/lib/armv6-m\libg_nano.a(lib_a-utoa.o)
                              c:/arm/gcc/bin/../lib/gcc/arm-none-eabi/5.4.1/../../../../arm-none-eabi/lib/armv6-m\libg_nano.a(lib_a-itoa.o) (__utoa)
c:/arm/gcc/bin/../lib/gcc/arm-none-eabi/5.4.1/../../../../arm-none-eabi/lib/armv6-m\libg_nano.a(lib_a-vsnprintf.o)
                              ./system/src/diag/Trace.o (vsnprintf)
c:/arm/gcc/bin/../lib/gcc/arm-none-eabi/5.4.1/../../../../arm-none-eabi/lib/armv6-m\libg_nano.a(lib_a-nano-svfprintf.o)
                              c:/arm/gcc/bin/../lib/gcc/arm-none-eabi/5.4.1/../../../../arm-none-eabi/lib/armv6-m\libg_nano.a(lib_a-vsnprintf.o) (_svfprintf_r)
c:/arm/gcc/bin/../lib/gcc/arm-none-eabi/5.4.1/../../../../arm-none-eabi/lib/armv6-m\libg_nano.a(lib_a-nano-vfprintf_i.o)
                              c:/arm/gcc/bin/../lib/gcc/arm-none-eabi/5.4.1/../../../../arm-none-eabi/lib/armv6-m\libg_nano.a(lib_a-nano-svfprintf.o) (_printf_i)
c:/arm/gcc/bin/../lib/gcc/arm-none-eabi/5.4.1/../../../../arm-none-eabi/lib/armv6-m\libg_nano.a(lib_a-memchr-stub.o)
                              c:/arm/gcc/bin/../lib/gcc/arm-none-eabi/5.4.1/../../../../arm-none-eabi/lib/armv6-m\libg_nano.a(lib_a-nano-svfprintf.o) (memchr)
c:/arm/gcc/bin/../lib/gcc/arm-none-eabi/5.4.1/../../../../arm-none-eabi/lib/armv6-m\libg_nano.a(lib_a-memmove.o)
                              c:/arm/gcc/bin/../lib/gcc/arm-none-eabi/5.4.1/../../../../arm-none-eabi/lib/armv6-m\libg_nano.a(lib_a-nano-svfprintf.o) (memmove)
c:/arm/gcc/bin/../lib/gcc/arm-none-eabi/5.4.1/../../../../arm-none-eabi/lib/armv6-m\libg_nano.a(lib_a-nano-freer.o)
                              c:/arm/gcc/bin/../lib/gcc/arm-none-eabi/5.4.1/../../../../arm-none-eabi/lib/armv6-m\libg_nano.a(lib_a-nano-svfprintf.o) (_free_r)
c:/arm/gcc/bin/../lib/gcc/arm-none-eabi/5.4.1/../../../../arm-none-eabi/lib/armv6-m\libg_nano.a(lib_a-nano-mallocr.o)
                              c:/arm/gcc/bin/../lib/gcc/arm-none-eabi/5.4.1/../../../../arm-none-eabi/lib/armv6-m\libg_nano.a(lib_a-nano-svfprintf.o) (_malloc_r)
c:/arm/gcc/bin/../lib/gcc/arm-none-eabi/5.4.1/../../../../arm-none-eabi/lib/armv6-m\libg_nano.a(lib_a-nano-reallocr.o)
                              c:/arm/gcc/bin/../lib/gcc/arm-none-eabi/5.4.1/../../../../arm-none-eabi/lib/armv6-m\libg_nano.a(lib_a-nano-svfprintf.o) (_realloc_r)
c:/arm/gcc/bin/../lib/gcc/arm-none-eabi/5.4.1/../../../../arm-none-eabi/lib/armv6-m\libg_nano.a(lib_a-sbrkr.o)
[...]
Memory Configuration

Name             Origin             Length             Attributes
FLASH            0x08000000         0x00010000         xr
RAM              0x20000000         0x00002000         xrw
CCMRAM           0x10000000         0x00000000         xrw
FLASHB1          0x00000000         0x00000000         xr
EXTMEMB0         0x00000000         0x00000000         xr
EXTMEMB1         0x00000000         0x00000000         xr
EXTMEMB2         0x00000000         0x00000000         xr
EXTMEMB3         0x00000000         0x00000000         xr
*default*        0x00000000         0xffffffff

Linker script and memory map

LOAD ./system/src/stm32f0xx/stm32f0xx_hal.o
LOAD ./system/src/stm32f0xx/stm32f0xx_hal_cortex.o
LOAD ./system/src/stm32f0xx/stm32f0xx_hal_dma.o
LOAD ./system/src/stm32f0xx/stm32f0xx_hal_flash.o
LOAD ./system/src/stm32f0xx/stm32f0xx_hal_flash_ex.o
LOAD ./system/src/stm32f0xx/stm32f0xx_hal_gpio.o
LOAD ./system/src/stm32f0xx/stm32f0xx_hal_i2c.o
LOAD ./system/src/stm32f0xx/stm32f0xx_hal_i2c_ex.o
LOAD ./system/src/stm32f0xx/stm32f0xx_hal_pwr.o
LOAD ./system/src/stm32f0xx/stm32f0xx_hal_pwr_ex.o
LOAD ./system/src/stm32f0xx/stm32f0xx_hal_rcc.o
LOAD ./system/src/stm32f0xx/stm32f0xx_hal_rcc_ex.o
LOAD ./system/src/stm32f0xx/stm32f0xx_hal_tim.o
LOAD ./system/src/stm32f0xx/stm32f0xx_hal_tim_ex.o
LOAD ./system/src/newlib/_cxx.o
LOAD ./system/src/newlib/_exit.o
LOAD ./system/src/newlib/_sbrk.o
LOAD ./system/src/newlib/_startup.o
LOAD ./system/src/newlib/_syscalls.o
LOAD ./system/src/newlib/assert.o
LOAD ./system/src/diag/Trace.o
LOAD ./system/src/diag/trace_impl.o
LOAD ./system/src/cortexm/_initialize_hardware.o
LOAD ./system/src/cortexm/_reset_hardware.o
LOAD ./system/src/cortexm/exception_handlers.o
LOAD ./system/src/cmsis/startup_stm32f051x8.o
LOAD ./system/src/cmsis/system_stm32f0xx.o
LOAD ./src/_write.o
LOAD ./src/gpio.o
LOAD ./src/i2c.o
LOAD ./src/main.o
LOAD ./src/stm32f0xx_hal_msp.o
LOAD ./src/stm32f0xx_it.o
LOAD c:/arm/gcc/bin/../lib/gcc/arm-none-eabi/5.4.1/../../../../arm-none-eabi/lib/armv6-m\libstdc++_nano.a
LOAD c:/arm/gcc/bin/../lib/gcc/arm-none-eabi/5.4.1/../../../../arm-none-eabi/lib/armv6-m\libm.a
START GROUP
LOAD c:/arm/gcc/bin/../lib/gcc/arm-none-eabi/5.4.1/armv6-m\libgcc.a
LOAD c:/arm/gcc/bin/../lib/gcc/arm-none-eabi/5.4.1/../../../../arm-none-eabi/lib/armv6-m\libg_nano.a
LOAD c:/arm/gcc/bin/../lib/gcc/arm-none-eabi/5.4.1/../../../../arm-none-eabi/lib/armv6-m\libc_nano.a
END GROUP
START GROUP
LOAD c:/arm/gcc/bin/../lib/gcc/arm-none-eabi/5.4.1/armv6-m\libgcc.a
LOAD c:/arm/gcc/bin/../lib/gcc/arm-none-eabi/5.4.1/../../../../arm-none-eabi/lib/armv6-m\libc_nano.a
END GROUP
                0x20002000                __stack = (ORIGIN (RAM) + LENGTH (RAM))
                0x20002000                _estack = __stack
                0x00000400                __Main_Stack_Size = 0x400
                [!provide]                PROVIDE (_Main_Stack_Size, __Main_Stack_Size)
                0x20001c00                __Main_Stack_Limit = (__stack - __Main_Stack_Size)
                [!provide]                PROVIDE (_Main_Stack_Limit, __Main_Stack_Limit)
                0x00000100                _Minimum_Stack_Size = 0x100
                0x20000164                PROVIDE (_Heap_Begin, _end_noinit)
                0x20001c00                PROVIDE (_Heap_Limit, (__stack - __Main_Stack_Size))

.isr_vector     0x08000000      0x228
 FILL mask 0xff
                0x08000000                __vectors_start = ABSOLUTE (.)
                0x08000000                __vectors_start__ = ABSOLUTE (.)
 *(.isr_vector)
 .isr_vector    0x08000000       0xc0 ./system/src/cmsis/startup_stm32f051x8.o
                0x08000000                g_pfnVectors
 *(.cfmconfig)
 *(.after_vectors .after_vectors.*)
 .after_vectors
                0x080000c0      0x118 ./system/src/newlib/_startup.o
                0x080000c0                _start
 .after_vectors
                0x080001d8       0x50 ./system/src/cortexm/exception_handlers.o
                0x080001d8                Reset_Handler
                0x080001e0                NMI_Handler
                0x080001e4                HardFault_Handler
                0x080001fc                HardFault_Handler_C
                0x08000218                SVC_Handler
                0x0800021c                PendSV_Handler

.inits          0x08000228       0x28
                0x08000228                __data_regions_array_start = .
                0x08000228        0x4 LONG 0x80027a0 LOADADDR (.data)
                0x0800022c        0x4 LONG 0x20000000 ADDR (.data)
                0x08000230        0x4 LONG 0x20000078 (ADDR (.data) + SIZEOF (.data))
                0x08000234        0x4 LONG 0x80027a0 LOADADDR (.data_CCMRAM)
                0x08000238        0x4 LONG 0x10000000 ADDR (.data_CCMRAM)
                0x0800023c        0x4 LONG 0x10000000 (ADDR (.data_CCMRAM) + SIZEOF (.data_CCMRAM))
                0x08000240                __data_regions_array_end = .
                0x08000240                __bss_regions_array_start = .
                0x08000240        0x4 LONG 0x20000078 ADDR (.bss)
                0x08000244        0x4 LONG 0x20000164 (ADDR (.bss) + SIZEOF (.bss))
                0x08000248        0x4 LONG 0x10000000 ADDR (.bss_CCMRAM)
                0x0800024c        0x4 LONG 0x10000000 (ADDR (.bss_CCMRAM) + SIZEOF (.bss_CCMRAM))
                0x08000250                __bss_regions_array_end = .
 *(.init)
 *(.fini)
                0x08000250                . = ALIGN (0x4)
                0x08000250                PROVIDE (__preinit_array_start, .)
 *(.preinit_array_sysinit .preinit_array_sysinit.*)
 *(.preinit_array_platform .preinit_array_platform.*)
 *(.preinit_array .preinit_array.*)
                0x08000250                PROVIDE (__preinit_array_end, .)
                0x08000250                . = ALIGN (0x4)
                0x08000250                PROVIDE (__init_array_start, .)
 *(SORT(.init_array.*))
 *(.init_array)
                0x08000250                PROVIDE (__init_array_end, .)
                0x08000250                . = ALIGN (0x4)
                0x08000250                PROVIDE (__fini_array_start, .)
 *(SORT(.fini_array.*))
 *(.fini_array)
                0x08000250                PROVIDE (__fini_array_end, .)

.flashtext
 *(.flashtext .flashtext.*)

.text           0x08000250     0x2550
 *(.text .text.*)
 .text.HAL_InitTick
                0x08000250       0x24 ./system/src/stm32f0xx/stm32f0xx_hal.o
                0x08000250                HAL_InitTick
 .text.HAL_Init
                0x08000274       0x20 ./system/src/stm32f0xx/stm32f0xx_hal.o
                0x08000274                HAL_Init
 .text.HAL_IncTick
                0x08000294       0x10 ./system/src/stm32f0xx/stm32f0xx_hal.o
                0x08000294                HAL_IncTick
 .text.HAL_GetTick
                0x080002a4        0xc ./system/src/stm32f0xx/stm32f0xx_hal.o
                0x080002a4                HAL_GetTick
 .text.HAL_NVIC_SetPriority
                0x080002b0       0x64 ./system/src/stm32f0xx/stm32f0xx_hal_cortex.o
                0x080002b0                HAL_NVIC_SetPriority
 .text.HAL_SYSTICK_Config
                0x08000314       0x38 ./system/src/stm32f0xx/stm32f0xx_hal_cortex.o
                0x08000314                HAL_SYSTICK_Config
 .text.HAL_SYSTICK_CLKSourceConfig
                0x0800034c       0x20 ./system/src/stm32f0xx/stm32f0xx_hal_cortex.o
                0x0800034c                HAL_SYSTICK_CLKSourceConfig
 .text.HAL_SYSTICK_Callback
                0x0800036c        0x4 ./system/src/stm32f0xx/stm32f0xx_hal_cortex.o
                0x0800036c                HAL_SYSTICK_Callback
 .text.HAL_SYSTICK_IRQHandler
                0x08000370        0x8 ./system/src/stm32f0xx/stm32f0xx_hal_cortex.o
                0x08000370                HAL_SYSTICK_IRQHandler
 .text.HAL_GPIO_Init
                0x08000378      0x188 ./system/src/stm32f0xx/stm32f0xx_hal_gpio.o
                0x08000378                HAL_GPIO_Init
 .text.HAL_GPIO_WritePin
                0x08000500        0xc ./system/src/stm32f0xx/stm32f0xx_hal_gpio.o
                0x08000500                HAL_GPIO_WritePin
 .text.HAL_GPIO_TogglePin
                0x0800050c        0x8 ./system/src/stm32f0xx/stm32f0xx_hal_gpio.o
                0x0800050c                HAL_GPIO_TogglePin
 .text.I2C_Flush_TXDR
                0x08000514       0x20 ./system/src/stm32f0xx/stm32f0xx_hal_i2c.o
 .text.I2C_TransferConfig
                0x08000534       0x24 ./system/src/stm32f0xx/stm32f0xx_hal_i2c.o
 .text.I2C_IsAcknowledgeFailed
                0x08000558       0x78 ./system/src/stm32f0xx/stm32f0xx_hal_i2c.o
 .text.I2C_WaitOnTXISFlagUntilTimeout
                0x080005d0       0x54 ./system/src/stm32f0xx/stm32f0xx_hal_i2c.o
 .text.I2C_WaitOnFlagUntilTimeout
                0x08000624       0x4c ./system/src/stm32f0xx/stm32f0xx_hal_i2c.o
 .text.I2C_WaitOnSTOPFlagUntilTimeout
                0x08000670       0x50 ./system/src/stm32f0xx/stm32f0xx_hal_i2c.o
 .text.I2C_WaitOnRXNEFlagUntilTimeout
                0x080006c0       0x7c ./system/src/stm32f0xx/stm32f0xx_hal_i2c.o
 .text.HAL_I2C_Init
                0x0800073c       0xc8 ./system/src/stm32f0xx/stm32f0xx_hal_i2c.o
                0x0800073c                HAL_I2C_Init
 .text.HAL_I2C_Master_Transmit
                0x08000804      0x180 ./system/src/stm32f0xx/stm32f0xx_hal_i2c.o
                0x08000804                HAL_I2C_Master_Transmit
 .text.HAL_I2C_Master_Receive
                0x08000984      0x180 ./system/src/stm32f0xx/stm32f0xx_hal_i2c.o
                0x08000984                HAL_I2C_Master_Receive
 .text.HAL_I2C_IsDeviceReady
                0x08000b04      0x158 ./system/src/stm32f0xx/stm32f0xx_hal_i2c.o
                0x08000b04                HAL_I2C_IsDeviceReady
 .text.HAL_I2CEx_ConfigAnalogFilter
                0x08000c5c       0x58 ./system/src/stm32f0xx/stm32f0xx_hal_i2c_ex.o
                0x08000c5c                HAL_I2CEx_ConfigAnalogFilter
 .text.HAL_RCC_OscConfig
                0x08000cb4      0x480 ./system/src/stm32f0xx/stm32f0xx_hal_rcc.o
                0x08000cb4                HAL_RCC_OscConfig
 .text.HAL_RCC_GetSysClockFreq
                0x08001134       0x68 ./system/src/stm32f0xx/stm32f0xx_hal_rcc.o
                0x08001134                HAL_RCC_GetSysClockFreq
 .text.HAL_RCC_ClockConfig
                0x0800119c      0x160 ./system/src/stm32f0xx/stm32f0xx_hal_rcc.o
                0x0800119c                HAL_RCC_ClockConfig
 .text.HAL_RCC_GetHCLKFreq
                0x080012fc        0xc ./system/src/stm32f0xx/stm32f0xx_hal_rcc.o
                0x080012fc                HAL_RCC_GetHCLKFreq
 .text.HAL_RCCEx_PeriphCLKConfig
                0x08001308      0x130 ./system/src/stm32f0xx/stm32f0xx_hal_rcc_ex.o
                0x08001308                HAL_RCCEx_PeriphCLKConfig
 .text._exit    0x08001438        0x4 ./system/src/newlib/_exit.o
                0x08001438                _exit
 .text._sbrk    0x0800143c       0x44 ./system/src/newlib/_sbrk.o
                0x0800143c                _sbrk
 .text.__initialize_args
                0x08001480       0x10 ./system/src/newlib/_syscalls.o
                0x08001480                __initialize_args
 .text.trace_printf
                0x08001490       0x2c ./system/src/diag/Trace.o
                0x08001490                trace_printf
 .text._trace_write_semihosting_debug
                0x080014bc       0x68 ./system/src/diag/trace_impl.o
 .text.trace_write
                0x08001524        0x8 ./system/src/diag/trace_impl.o
                0x08001524                trace_write
 .text.__initialize_hardware_early
                0x0800152c        0x8 ./system/src/cortexm/_initialize_hardware.o
                0x0800152c                __initialize_hardware_early
 .text.__initialize_hardware
                0x08001534        0x8 ./system/src/cortexm/_initialize_hardware.o
                0x08001534                __initialize_hardware
 .text.dumpExceptionStack
                0x0800153c       0x88 ./system/src/cortexm/exception_handlers.o
                0x0800153c                dumpExceptionStack
 .text.Default_Handler
                0x080015c4        0x2 ./system/src/cmsis/startup_stm32f051x8.o
                0x080015c4                TIM1_CC_IRQHandler
                0x080015c4                TSC_IRQHandler
                0x080015c4                ADC1_COMP_IRQHandler
                0x080015c4                PVD_IRQHandler
                0x080015c4                I2C1_IRQHandler
                0x080015c4                RCC_CRS_IRQHandler
                0x080015c4                SPI1_IRQHandler
                0x080015c4                TIM6_DAC_IRQHandler
                0x080015c4                EXTI2_3_IRQHandler
                0x080015c4                I2C2_IRQHandler
                0x080015c4                TIM17_IRQHandler
                0x080015c4                CEC_CAN_IRQHandler
                0x080015c4                RTC_IRQHandler
                0x080015c4                TIM16_IRQHandler
                0x080015c4                TIM3_IRQHandler
                0x080015c4                EXTI4_15_IRQHandler
                0x080015c4                DMA1_Channel1_IRQHandler
                0x080015c4                Default_Handler
                0x080015c4                TIM14_IRQHandler
                0x080015c4                DMA1_Channel4_5_IRQHandler
                0x080015c4                TIM15_IRQHandler
                0x080015c4                EXTI0_1_IRQHandler
                0x080015c4                SPI2_IRQHandler
                0x080015c4                WWDG_IRQHandler
                0x080015c4                TIM2_IRQHandler
                0x080015c4                DMA1_Channel2_3_IRQHandler
                0x080015c4                USART2_IRQHandler
                0x080015c4                FLASH_IRQHandler
                0x080015c4                USART1_IRQHandler
                0x080015c4                TIM1_BRK_UP_TRG_COM_IRQHandler
 *fill*         0x080015c6        0x2 
 .text.SystemInit
                0x080015c8       0x60 ./system/src/cmsis/system_stm32f0xx.o
                0x080015c8                SystemInit
 .text.SystemCoreClockUpdate
                0x08001628       0x90 ./system/src/cmsis/system_stm32f0xx.o
                0x08001628                SystemCoreClockUpdate
 .text.MX_GPIO_Init
                0x080016b8       0x98 ./src/gpio.o
                0x080016b8                MX_GPIO_Init
 .text.MX_I2C1_Init
                0x08001750       0x48 ./src/i2c.o
                0x08001750                MX_I2C1_Init
 .text.HAL_I2C_MspInit
                0x08001798       0x4c ./src/i2c.o
                0x08001798                HAL_I2C_MspInit
 .text.Error_Handler
                0x080017e4        0x4 ./src/main.o
                0x080017e4                Error_Handler
 .text.SystemClock_Config
                0x080017e8       0x88 ./src/main.o
                0x080017e8                SystemClock_Config
 .text.main     0x08001870      0x318 ./src/main.o
                0x08001870                main
 .text.HAL_MspInit
                0x08001b88       0x40 ./src/stm32f0xx_hal_msp.o
                0x08001b88                HAL_MspInit
 .text.SysTick_Handler
                0x08001bc8        0xc ./src/stm32f0xx_it.o
                0x08001bc8                SysTick_Handler
 .text          0x08001bd4      0x114 c:/arm/gcc/bin/../lib/gcc/arm-none-eabi/5.4.1/armv6-m\libgcc.a(_udivsi3.o)
                0x08001bd4                __aeabi_uidiv
                0x08001bd4                __udivsi3
                0x08001ce0                __aeabi_uidivmod
 .text          0x08001ce8        0x4 c:/arm/gcc/bin/../lib/gcc/arm-none-eabi/5.4.1/armv6-m\libgcc.a(_dvmd_tls.o)
                0x08001ce8                __aeabi_idiv0
                0x08001ce8                __aeabi_ldiv0
 .text.__errno  0x08001cec        0xc c:/arm/gcc/bin/../lib/gcc/arm-none-eabi/5.4.1/../../../../arm-none-eabi/lib/armv6-m\libg_nano.a(lib_a-errno.o)
                0x08001cec                __errno
 .text.__itoa   0x08001cf8       0x2e c:/arm/gcc/bin/../lib/gcc/arm-none-eabi/5.4.1/../../../../arm-none-eabi/lib/armv6-m\libg_nano.a(lib_a-itoa.o)
                0x08001cf8                __itoa
 .text.itoa     0x08001d26        0x8 c:/arm/gcc/bin/../lib/gcc/arm-none-eabi/5.4.1/../../../../arm-none-eabi/lib/armv6-m\libg_nano.a(lib_a-itoa.o)
                0x08001d26                itoa
 .text.memcpy   0x08001d2e       0x12 c:/arm/gcc/bin/../lib/gcc/arm-none-eabi/5.4.1/../../../../arm-none-eabi/lib/armv6-m\libg_nano.a(lib_a-memcpy-stub.o)
                0x08001d2e                memcpy
 .text.__utoa   0x08001d40       0x74 c:/arm/gcc/bin/../lib/gcc/arm-none-eabi/5.4.1/../../../../arm-none-eabi/lib/armv6-m\libg_nano.a(lib_a-utoa.o)
                0x08001d40                __utoa
 .text._vsnprintf_r
                0x08001db4       0x56 c:/arm/gcc/bin/../lib/gcc/arm-none-eabi/5.4.1/../../../../arm-none-eabi/lib/armv6-m\libg_nano.a(lib_a-vsnprintf.o)
                0x08001db4                _vsniprintf_r
                0x08001db4                _vsnprintf_r
 *fill*         0x08001e0a        0x2 
 .text.vsnprintf
                0x08001e0c       0x18 c:/arm/gcc/bin/../lib/gcc/arm-none-eabi/5.4.1/../../../../arm-none-eabi/lib/armv6-m\libg_nano.a(lib_a-vsnprintf.o)
                0x08001e0c                vsniprintf
                0x08001e0c                vsnprintf
 .text.__ssputs_r
                0x08001e24       0xc4 c:/arm/gcc/bin/../lib/gcc/arm-none-eabi/5.4.1/../../../../arm-none-eabi/lib/armv6-m\libg_nano.a(lib_a-nano-svfprintf.o)
                0x08001e24                __ssputs_r
 .text._svfprintf_r
                0x08001ee8      0x1fc c:/arm/gcc/bin/../lib/gcc/arm-none-eabi/5.4.1/../../../../arm-none-eabi/lib/armv6-m\libg_nano.a(lib_a-nano-svfprintf.o)
                0x08001ee8                _svfiprintf_r
                0x08001ee8                _svfprintf_r
 .text._printf_common
                0x080020e4       0xdc c:/arm/gcc/bin/../lib/gcc/arm-none-eabi/5.4.1/../../../../arm-none-eabi/lib/armv6-m\libg_nano.a(lib_a-nano-vfprintf_i.o)
                0x080020e4                _printf_common
 .text._printf_i
                0x080021c0      0x244 c:/arm/gcc/bin/../lib/gcc/arm-none-eabi/5.4.1/../../../../arm-none-eabi/lib/armv6-m\libg_nano.a(lib_a-nano-vfprintf_i.o)
                0x080021c0                _printf_i
 .text.memchr   0x08002404       0x16 c:/arm/gcc/bin/../lib/gcc/arm-none-eabi/5.4.1/../../../../arm-none-eabi/lib/armv6-m\libg_nano.a(lib_a-memchr-stub.o)
                0x08002404                memchr
 .text.memmove  0x0800241a       0x2a c:/arm/gcc/bin/../lib/gcc/arm-none-eabi/5.4.1/../../../../arm-none-eabi/lib/armv6-m\libg_nano.a(lib_a-memmove.o)
                0x0800241a                memmove
 .text._free_r  0x08002444       0x98 c:/arm/gcc/bin/../lib/gcc/arm-none-eabi/5.4.1/../../../../arm-none-eabi/lib/armv6-m\libg_nano.a(lib_a-nano-freer.o)
                0x08002444                _free_r
 .text._malloc_r
                0x080024dc       0xc0 c:/arm/gcc/bin/../lib/gcc/arm-none-eabi/5.4.1/../../../../arm-none-eabi/lib/armv6-m\libg_nano.a(lib_a-nano-mallocr.o)
                0x080024dc                _malloc_r
 .text._realloc_r
                0x0800259c       0x4c c:/arm/gcc/bin/../lib/gcc/arm-none-eabi/5.4.1/../../../../arm-none-eabi/lib/armv6-m\libg_nano.a(lib_a-nano-reallocr.o)
                0x0800259c                _realloc_r
 .text._sbrk_r  0x080025e8       0x24 c:/arm/gcc/bin/../lib/gcc/arm-none-eabi/5.4.1/../../../../arm-none-eabi/lib/armv6-m\libg_nano.a(lib_a-sbrkr.o)
                0x080025e8                _sbrk_r
 .text.__malloc_lock
                0x0800260c        0x2 c:/arm/gcc/bin/../lib/gcc/arm-none-eabi/5.4.1/../../../../arm-none-eabi/lib/armv6-m\libg_nano.a(lib_a-mlock.o)
                0x0800260c                __malloc_lock
 .text.__malloc_unlock
                0x0800260e        0x2 c:/arm/gcc/bin/../lib/gcc/arm-none-eabi/5.4.1/../../../../arm-none-eabi/lib/armv6-m\libg_nano.a(lib_a-mlock.o)
                0x0800260e                __malloc_unlock
 .text._malloc_usable_size_r
                0x08002610       0x16 c:/arm/gcc/bin/../lib/gcc/arm-none-eabi/5.4.1/../../../../arm-none-eabi/lib/armv6-m\libg_nano.a(lib_a-nano-msizer.o)
                0x08002610                _malloc_usable_size_r
 *(.rodata .rodata.* .constdata .constdata.*)
 *fill*         0x08002626        0x2 
 .rodata        0x08002628       0x20 ./system/src/stm32f0xx/stm32f0xx_hal_rcc.o
 .rodata.str1.4
                0x08002648       0xbd ./system/src/cortexm/exception_handlers.o
 *fill*         0x08002705        0x3 
 .rodata.AHBPrescTable
                0x08002708       0x10 ./system/src/cmsis/system_stm32f0xx.o
                0x08002708                AHBPrescTable
 .rodata.str1.4
                0x08002718       0x30 ./src/main.o
                                 0x32 (size before relaxing)
 .rodata.str1.1
                0x08002748       0x25 c:/arm/gcc/bin/../lib/gcc/arm-none-eabi/5.4.1/../../../../arm-none-eabi/lib/armv6-m\libg_nano.a(lib_a-utoa.o)
 .rodata.str1.1
                0x0800276d       0x11 c:/arm/gcc/bin/../lib/gcc/arm-none-eabi/5.4.1/../../../../arm-none-eabi/lib/armv6-m\libg_nano.a(lib_a-nano-svfprintf.o)
 .rodata.str1.1
                0x0800277e       0x22 c:/arm/gcc/bin/../lib/gcc/arm-none-eabi/5.4.1/../../../../arm-none-eabi/lib/armv6-m\libg_nano.a(lib_a-nano-vfprintf_i.o)
 *(vtable)
 *(.eh_frame*)
 *(.glue_7)
 .glue_7        0x080027a0        0x0 linker stubs
 *(.glue_7t)
 .glue_7t       0x080027a0        0x0 linker stubs

.vfp11_veneer   0x080027a0        0x0
 .vfp11_veneer  0x080027a0        0x0 linker stubs

.v4_bx          0x080027a0        0x0
 .v4_bx         0x080027a0        0x0 linker stubs

.iplt           0x080027a0        0x0
 .iplt          0x080027a0        0x0 ./system/src/stm32f0xx/stm32f0xx_hal.o

.rel.dyn        0x080027a0        0x0
 .rel.iplt      0x080027a0        0x0 ./system/src/stm32f0xx/stm32f0xx_hal.o

.ARM.extab
 *(.ARM.extab* .gnu.linkonce.armextab.*)
                0x080027a0                . = ALIGN (0x4)
                0x080027a0                __exidx_start = .

.ARM.exidx
 *(.ARM.exidx* .gnu.linkonce.armexidx.*)
                0x080027a0                __exidx_end = .
                0x080027a0                . = ALIGN (0x4)
                0x080027a0                _etext = .
                0x080027a0                __etext = .

.data_CCMRAM    0x10000000        0x0 load address 0x080027a0
 FILL mask 0xff
 *(.data.CCMRAM .data.CCMRAM.*)
                0x10000000                . = ALIGN (0x4)
                0x080027a0                _sidata = LOADADDR (.data)

.data           0x20000000       0x78 load address 0x080027a0
 FILL mask 0xff
                0x20000000                _sdata = .
                0x20000000                __data_start__ = .
 *(.data_begin .data_begin.*)
 .data_begin    0x20000000        0x4 ./system/src/newlib/_startup.o
 *(.data .data.*)
 .data.argv.4290
                0x20000004        0x8 ./system/src/newlib/_syscalls.o
 .data.SystemCoreClock
                0x2000000c        0x4 ./system/src/cmsis/system_stm32f0xx.o
                0x2000000c                SystemCoreClock
 .data.impure_data
                0x20000010       0x60 c:/arm/gcc/bin/../lib/gcc/arm-none-eabi/5.4.1/../../../../arm-none-eabi/lib/armv6-m\libg_nano.a(lib_a-impure.o)
 .data._impure_ptr
                0x20000070        0x4 c:/arm/gcc/bin/../lib/gcc/arm-none-eabi/5.4.1/../../../../arm-none-eabi/lib/armv6-m\libg_nano.a(lib_a-impure.o)
                0x20000070                _impure_ptr
 *(.data_end .data_end.*)
 .data_end      0x20000074        0x4 ./system/src/newlib/_startup.o
                0x20000078                . = ALIGN (0x4)
                0x20000078                _edata = .
                0x20000078                __data_end__ = .

.igot.plt       0x20000078        0x0 load address 0x08002818
 .igot.plt      0x20000078        0x0 ./system/src/stm32f0xx/stm32f0xx_hal.o

.bss_CCMRAM     0x10000000        0x0
 *(.bss.CCMRAM .bss.CCMRAM.*)

.bss            0x20000078       0xec
                0x20000078                __bss_start__ = .
                0x20000078                _sbss = .
 *(.bss_begin .bss_begin.*)
 .bss_begin     0x20000078        0x4 ./system/src/newlib/_startup.o
 *(.bss .bss.*)
 .bss.current_heap_end.3974
                0x2000007c        0x4 ./system/src/newlib/_sbrk.o
 .bss.name.4289
                0x20000080        0x1 ./system/src/newlib/_syscalls.o
 *fill*         0x20000081        0x3 
 .bss.buf.5179  0x20000084       0x80 ./system/src/diag/Trace.o
 .bss.__malloc_sbrk_start
                0x20000104        0x4 c:/arm/gcc/bin/../lib/gcc/arm-none-eabi/5.4.1/../../../../arm-none-eabi/lib/armv6-m\libg_nano.a(lib_a-nano-mallocr.o)
                0x20000104                __malloc_sbrk_start
 .bss.__malloc_free_list
                0x20000108        0x4 c:/arm/gcc/bin/../lib/gcc/arm-none-eabi/5.4.1/../../../../arm-none-eabi/lib/armv6-m\libg_nano.a(lib_a-nano-mallocr.o)
                0x20000108                __malloc_free_list
 *(COMMON)
 COMMON         0x2000010c        0x4 ./system/src/stm32f0xx/stm32f0xx_hal.o
                0x2000010c                uwTick
 COMMON         0x20000110        0x4 ./system/src/newlib/_syscalls.o
                0x20000110                errno
 COMMON         0x20000114       0x4c ./src/i2c.o
                0x20000114                hi2c1
 *(.bss_end .bss_end.*)
 .bss_end       0x20000160        0x4 ./system/src/newlib/_startup.o
                0x20000164                . = ALIGN (0x4)
                0x20000164                __bss_end__ = .
                0x20000164                _ebss = .

.noinit_CCMRAM
 *(.noinit.CCMRAM .noinit.CCMRAM.*)

.noinit         0x20000164        0x0
                0x20000164                _noinit = .
 *(.noinit .noinit.*)
                0x20000164                . = ALIGN (0x4)
                0x20000164                _end_noinit = .
                [!provide]                PROVIDE (end, _end_noinit)
                [!provide]                PROVIDE (_end, _end_noinit)
                [!provide]                PROVIDE (__end, _end_noinit)
                [!provide]                PROVIDE (__end__, _end_noinit)

._check_stack   0x20000164      0x100
                0x20000264                . = (. + _Minimum_Stack_Size)
 *fill*         0x20000164      0x100 

.b1text
 *(.b1text)
 *(.b1rodata)
 *(.b1rodata.*)

.eb0text
 *(.eb0text)
 *(.eb0rodata)
 *(.eb0rodata.*)

.eb1text
 *(.eb1text)
 *(.eb1rodata)
 *(.eb1rodata.*)

.eb2text
 *(.eb2text)
 *(.eb2rodata)
 *(.eb2rodata.*)

.eb3text
 *(.eb3text)
 *(.eb3rodata)
 *(.eb3rodata.*)

.stab
 *(.stab)

.stabstr
 *(.stabstr)

.stab.excl
 *(.stab.excl)

.stab.exclstr
 *(.stab.exclstr)

.stab.index
 *(.stab.index)

.stab.indexstr
 *(.stab.indexstr)

.comment        0x00000000       0x6e
 *(.comment)
 .comment       0x00000000       0x6e ./system/src/stm32f0xx/stm32f0xx_hal.o
                                 0x6f (size before relaxing)
 .comment       0x0000006e       0x6f ./system/src/stm32f0xx/stm32f0xx_hal_cortex.o
 .comment       0x0000006e       0x6f ./system/src/stm32f0xx/stm32f0xx_hal_gpio.o
 .comment       0x0000006e       0x6f ./system/src/stm32f0xx/stm32f0xx_hal_i2c.o
 .comment       0x0000006e       0x6f ./system/src/stm32f0xx/stm32f0xx_hal_i2c_ex.o
 .comment       0x0000006e       0x6f ./system/src/stm32f0xx/stm32f0xx_hal_rcc.o
 .comment       0x0000006e       0x6f ./system/src/stm32f0xx/stm32f0xx_hal_rcc_ex.o
 .comment       0x0000006e       0x6f ./system/src/newlib/_exit.o
 .comment       0x0000006e       0x6f ./system/src/newlib/_sbrk.o
 .comment       0x0000006e       0x6f ./system/src/newlib/_startup.o
 .comment       0x0000006e       0x6f ./system/src/newlib/_syscalls.o
 .comment       0x0000006e       0x6f ./system/src/diag/Trace.o
 .comment       0x0000006e       0x6f ./system/src/diag/trace_impl.o
 .comment       0x0000006e       0x6f ./system/src/cortexm/_initialize_hardware.o
 .comment       0x0000006e       0x6f ./system/src/cortexm/exception_handlers.o
 .comment       0x0000006e       0x6f ./system/src/cmsis/system_stm32f0xx.o
 .comment       0x0000006e       0x6f ./src/gpio.o
 .comment       0x0000006e       0x6f ./src/i2c.o
 .comment       0x0000006e       0x6f ./src/main.o
 .comment       0x0000006e       0x6f ./src/stm32f0xx_hal_msp.o
 .comment       0x0000006e       0x6f ./src/stm32f0xx_it.o

.ARM.attributes
                0x00000000       0x2f
 .ARM.attributes
                0x00000000       0x31 ./system/src/stm32f0xx/stm32f0xx_hal.o
 .ARM.attributes
                0x00000031       0x31 ./system/src/stm32f0xx/stm32f0xx_hal_cortex.o
 .ARM.attributes
                0x00000062       0x31 ./system/src/stm32f0xx/stm32f0xx_hal_gpio.o
 .ARM.attributes
                0x00000093       0x31 ./system/src/stm32f0xx/stm32f0xx_hal_i2c.o
 .ARM.attributes
                0x000000c4       0x31 ./system/src/stm32f0xx/stm32f0xx_hal_i2c_ex.o
 .ARM.attributes
                0x000000f5       0x31 ./system/src/stm32f0xx/stm32f0xx_hal_rcc.o
 .ARM.attributes
                0x00000126       0x31 ./system/src/stm32f0xx/stm32f0xx_hal_rcc_ex.o
 .ARM.attributes
                0x00000157       0x31 ./system/src/newlib/_exit.o
 .ARM.attributes
                0x00000188       0x31 ./system/src/newlib/_sbrk.o
 .ARM.attributes
                0x000001b9       0x31 ./system/src/newlib/_startup.o
 .ARM.attributes
                0x000001ea       0x31 ./system/src/newlib/_syscalls.o
 .ARM.attributes
                0x0000021b       0x31 ./system/src/diag/Trace.o
 .ARM.attributes
                0x0000024c       0x31 ./system/src/diag/trace_impl.o
 .ARM.attributes
                0x0000027d       0x31 ./system/src/cortexm/_initialize_hardware.o
 .ARM.attributes
                0x000002ae       0x31 ./system/src/cortexm/exception_handlers.o
 .ARM.attributes
                0x000002df       0x21 ./system/src/cmsis/startup_stm32f051x8.o
 .ARM.attributes
                0x00000300       0x31 ./system/src/cmsis/system_stm32f0xx.o
 .ARM.attributes
                0x00000331       0x31 ./src/gpio.o
 .ARM.attributes
                0x00000362       0x31 ./src/i2c.o
 .ARM.attributes
                0x00000393       0x31 ./src/main.o
 .ARM.attributes
                0x000003c4       0x31 ./src/stm32f0xx_hal_msp.o
 .ARM.attributes
                0x000003f5       0x31 ./src/stm32f0xx_it.o
 .ARM.attributes
                0x00000426       0x1e c:/arm/gcc/bin/../lib/gcc/arm-none-eabi/5.4.1/armv6-m\libgcc.a(_udivsi3.o)
 .ARM.attributes
                0x00000444       0x1e c:/arm/gcc/bin/../lib/gcc/arm-none-eabi/5.4.1/armv6-m\libgcc.a(_dvmd_tls.o)
 .ARM.attributes
                0x00000462       0x2c c:/arm/gcc/bin/../lib/gcc/arm-none-eabi/5.4.1/../../../../arm-none-eabi/lib/armv6-m\libg_nano.a(lib_a-errno.o)
 .ARM.attributes
                0x0000048e       0x2c c:/arm/gcc/bin/../lib/gcc/arm-none-eabi/5.4.1/../../../../arm-none-eabi/lib/armv6-m\libg_nano.a(lib_a-impure.o)
 .ARM.attributes
                0x000004ba       0x2c c:/arm/gcc/bin/../lib/gcc/arm-none-eabi/5.4.1/../../../../arm-none-eabi/lib/armv6-m\libg_nano.a(lib_a-itoa.o)
 .ARM.attributes
                0x000004e6       0x2c c:/arm/gcc/bin/../lib/gcc/arm-none-eabi/5.4.1/../../../../arm-none-eabi/lib/armv6-m\libg_nano.a(lib_a-memcpy-stub.o)
 .ARM.attributes
                0x00000512       0x2c c:/arm/gcc/bin/../lib/gcc/arm-none-eabi/5.4.1/../../../../arm-none-eabi/lib/armv6-m\libg_nano.a(lib_a-utoa.o)
 .ARM.attributes
                0x0000053e       0x2c c:/arm/gcc/bin/../lib/gcc/arm-none-eabi/5.4.1/../../../../arm-none-eabi/lib/armv6-m\libg_nano.a(lib_a-vsnprintf.o)
 .ARM.attributes
                0x0000056a       0x2c c:/arm/gcc/bin/../lib/gcc/arm-none-eabi/5.4.1/../../../../arm-none-eabi/lib/armv6-m\libg_nano.a(lib_a-nano-svfprintf.o)
 .ARM.attributes
                0x00000596       0x2c c:/arm/gcc/bin/../lib/gcc/arm-none-eabi/5.4.1/../../../../arm-none-eabi/lib/armv6-m\libg_nano.a(lib_a-nano-vfprintf_i.o)
 .ARM.attributes
                0x000005c2       0x2c c:/arm/gcc/bin/../lib/gcc/arm-none-eabi/5.4.1/../../../../arm-none-eabi/lib/armv6-m\libg_nano.a(lib_a-memchr-stub.o)
 .ARM.attributes
                0x000005ee       0x2c c:/arm/gcc/bin/../lib/gcc/arm-none-eabi/5.4.1/../../../../arm-none-eabi/lib/armv6-m\libg_nano.a(lib_a-memmove.o)
 .ARM.attributes
                0x0000061a       0x2c c:/arm/gcc/bin/../lib/gcc/arm-none-eabi/5.4.1/../../../../arm-none-eabi/lib/armv6-m\libg_nano.a(lib_a-nano-freer.o)
 .ARM.attributes
                0x00000646       0x2c c:/arm/gcc/bin/../lib/gcc/arm-none-eabi/5.4.1/../../../../arm-none-eabi/lib/armv6-m\libg_nano.a(lib_a-nano-mallocr.o)
 .ARM.attributes
                0x00000672       0x2c c:/arm/gcc/bin/../lib/gcc/arm-none-eabi/5.4.1/../../../../arm-none-eabi/lib/armv6-m\libg_nano.a(lib_a-nano-reallocr.o)
 .ARM.attributes
                0x0000069e       0x2c c:/arm/gcc/bin/../lib/gcc/arm-none-eabi/5.4.1/../../../../arm-none-eabi/lib/armv6-m\libg_nano.a(lib_a-sbrkr.o)
 .ARM.attributes
                0x000006ca       0x2c c:/arm/gcc/bin/../lib/gcc/arm-none-eabi/5.4.1/../../../../arm-none-eabi/lib/armv6-m\libg_nano.a(lib_a-mlock.o)
 .ARM.attributes
                0x000006f6       0x2c c:/arm/gcc/bin/../lib/gcc/arm-none-eabi/5.4.1/../../../../arm-none-eabi/lib/armv6-m\libg_nano.a(lib_a-nano-msizer.o)

.debug
 *(.debug)

.line
 *(.line)

.debug_srcinfo
 *(.debug_srcinfo)

.debug_sfnames
 *(.debug_sfnames)

.debug_aranges  0x00000000      0x778
 *(.debug_aranges)
 .debug_aranges
                0x00000000       0xa0 ./system/src/stm32f0xx/stm32f0xx_hal.o
 .debug_aranges
                0x000000a0       0x78 ./system/src/stm32f0xx/stm32f0xx_hal_cortex.o
 .debug_aranges
                0x00000118       0x58 ./system/src/stm32f0xx/stm32f0xx_hal_gpio.o
 .debug_aranges
                0x00000170      0x260 ./system/src/stm32f0xx/stm32f0xx_hal_i2c.o
 .debug_aranges
                0x000003d0       0x48 ./system/src/stm32f0xx/stm32f0xx_hal_i2c_ex.o
 .debug_aranges
                0x00000418       0x80 ./system/src/stm32f0xx/stm32f0xx_hal_rcc.o
 .debug_aranges
                0x00000498       0x30 ./system/src/stm32f0xx/stm32f0xx_hal_rcc_ex.o
 .debug_aranges
                0x000004c8       0x28 ./system/src/newlib/_exit.o
 .debug_aranges
                0x000004f0       0x20 ./system/src/newlib/_sbrk.o
 .debug_aranges
                0x00000510       0x40 ./system/src/newlib/_startup.o
 .debug_aranges
                0x00000550       0x30 ./system/src/newlib/_syscalls.o
 .debug_aranges
                0x00000580       0x38 ./system/src/diag/Trace.o
 .debug_aranges
                0x000005b8       0x30 ./system/src/diag/trace_impl.o
 .debug_aranges
                0x000005e8       0x28 ./system/src/cortexm/_initialize_hardware.o
 .debug_aranges
                0x00000610       0x58 ./system/src/cortexm/exception_handlers.o
 .debug_aranges
                0x00000668       0x28 ./system/src/cmsis/startup_stm32f051x8.o
 .debug_aranges
                0x00000690       0x28 ./system/src/cmsis/system_stm32f0xx.o
 .debug_aranges
                0x000006b8       0x20 ./src/gpio.o
 .debug_aranges
                0x000006d8       0x30 ./src/i2c.o
 .debug_aranges
                0x00000708       0x30 ./src/main.o
 .debug_aranges
                0x00000738       0x20 ./src/stm32f0xx_hal_msp.o
 .debug_aranges
                0x00000758       0x20 ./src/stm32f0xx_it.o

.debug_pubnames
 *(.debug_pubnames)

.debug_info     0x00000000     0x8be8
 *(.debug_info .gnu.linkonce.wi.*)
 .debug_info    0x00000000      0x5a6 ./system/src/stm32f0xx/stm32f0xx_hal.o
 .debug_info    0x000005a6      0x765 ./system/src/stm32f0xx/stm32f0xx_hal_cortex.o
 .debug_info    0x00000d0b      0x5d2 ./system/src/stm32f0xx/stm32f0xx_hal_gpio.o
 .debug_info    0x000012dd     0x3123 ./system/src/stm32f0xx/stm32f0xx_hal_i2c.o
 .debug_info    0x00004400      0x80d ./system/src/stm32f0xx/stm32f0xx_hal_i2c_ex.o
 .debug_info    0x00004c0d      0x989 ./system/src/stm32f0xx/stm32f0xx_hal_rcc.o
 .debug_info    0x00005596      0x396 ./system/src/stm32f0xx/stm32f0xx_hal_rcc_ex.o
 .debug_info    0x0000592c       0xef ./system/src/newlib/_exit.o
 .debug_info    0x00005a1b      0x11f ./system/src/newlib/_sbrk.o
 .debug_info    0x00005b3a      0x454 ./system/src/newlib/_startup.o
 .debug_info    0x00005f8e      0x1c7 ./system/src/newlib/_syscalls.o
 .debug_info    0x00006155      0x2e7 ./system/src/diag/Trace.o
 .debug_info    0x0000643c      0x2ea ./system/src/diag/trace_impl.o
 .debug_info    0x00006726       0xcb ./system/src/cortexm/_initialize_hardware.o
 .debug_info    0x000067f1      0x327 ./system/src/cortexm/exception_handlers.o
 .debug_info    0x00006b18       0x7c ./system/src/cmsis/startup_stm32f051x8.o
 .debug_info    0x00006b94      0x227 ./system/src/cmsis/system_stm32f0xx.o
 .debug_info    0x00006dbb      0x37e ./src/gpio.o
 .debug_info    0x00007139      0x8ac ./src/i2c.o
 .debug_info    0x000079e5      0xe73 ./src/main.o
 .debug_info    0x00008858      0x2cc ./src/stm32f0xx_hal_msp.o
 .debug_info    0x00008b24       0xc4 ./src/stm32f0xx_it.o

.debug_abbrev   0x00000000     0x1d83
 *(.debug_abbrev)
 .debug_abbrev  0x00000000      0x1f7 ./system/src/stm32f0xx/stm32f0xx_hal.o
 .debug_abbrev  0x000001f7      0x257 ./system/src/stm32f0xx/stm32f0xx_hal_cortex.o
 .debug_abbrev  0x0000044e      0x1d4 ./system/src/stm32f0xx/stm32f0xx_hal_gpio.o
 .debug_abbrev  0x00000622      0x213 ./system/src/stm32f0xx/stm32f0xx_hal_i2c.o
 .debug_abbrev  0x00000835      0x1aa ./system/src/stm32f0xx/stm32f0xx_hal_i2c_ex.o
 .debug_abbrev  0x000009df      0x231 ./system/src/stm32f0xx/stm32f0xx_hal_rcc.o
 .debug_abbrev  0x00000c10      0x17d ./system/src/stm32f0xx/stm32f0xx_hal_rcc_ex.o
 .debug_abbrev  0x00000d8d       0x8e ./system/src/newlib/_exit.o
 .debug_abbrev  0x00000e1b       0xb9 ./system/src/newlib/_sbrk.o
 .debug_abbrev  0x00000ed4      0x1ac ./system/src/newlib/_startup.o
 .debug_abbrev  0x00001080       0xec ./system/src/newlib/_syscalls.o
 .debug_abbrev  0x0000116c      0x156 ./system/src/diag/Trace.o
 .debug_abbrev  0x000012c2      0x1ae ./system/src/diag/trace_impl.o
 .debug_abbrev  0x00001470       0x63 ./system/src/cortexm/_initialize_hardware.o
 .debug_abbrev  0x000014d3      0x15c ./system/src/cortexm/exception_handlers.o
 .debug_abbrev  0x0000162f       0x12 ./system/src/cmsis/startup_stm32f051x8.o
 .debug_abbrev  0x00001641       0xf3 ./system/src/cmsis/system_stm32f0xx.o
 .debug_abbrev  0x00001734      0x137 ./src/gpio.o
 .debug_abbrev  0x0000186b      0x1ad ./src/i2c.o
 .debug_abbrev  0x00001a18      0x1f4 ./src/main.o
 .debug_abbrev  0x00001c0c      0x103 ./src/stm32f0xx_hal_msp.o
 .debug_abbrev  0x00001d0f       0x74 ./src/stm32f0xx_it.o

.debug_line     0x00000000     0x6ca1
 *(.debug_line)
 .debug_line    0x00000000      0x60b ./system/src/stm32f0xx/stm32f0xx_hal.o
 .debug_line    0x0000060b      0x629 ./system/src/stm32f0xx/stm32f0xx_hal_cortex.o
 .debug_line    0x00000c34      0x613 ./system/src/stm32f0xx/stm32f0xx_hal_gpio.o
 .debug_line    0x00001247     0x1553 ./system/src/stm32f0xx/stm32f0xx_hal_i2c.o
 .debug_line    0x0000279a      0x61b ./system/src/stm32f0xx/stm32f0xx_hal_i2c_ex.o
 .debug_line    0x00002db5      0x761 ./system/src/stm32f0xx/stm32f0xx_hal_rcc.o
 .debug_line    0x00003516      0x5ca ./system/src/stm32f0xx/stm32f0xx_hal_rcc_ex.o
 .debug_line    0x00003ae0      0x284 ./system/src/newlib/_exit.o
 .debug_line    0x00003d64      0x235 ./system/src/newlib/_sbrk.o
 .debug_line    0x00003f99      0x2ec ./system/src/newlib/_startup.o
 .debug_line    0x00004285      0x324 ./system/src/newlib/_syscalls.o
 .debug_line    0x000045a9      0x2f1 ./system/src/diag/Trace.o
 .debug_line    0x0000489a      0x37f ./system/src/diag/trace_impl.o
 .debug_line    0x00004c19      0x15d ./system/src/cortexm/_initialize_hardware.o
 .debug_line    0x00004d76      0x3cf ./system/src/cortexm/exception_handlers.o
 .debug_line    0x00005145       0x8c ./system/src/cmsis/startup_stm32f051x8.o
 .debug_line    0x000051d1      0x161 ./system/src/cmsis/system_stm32f0xx.o
 .debug_line    0x00005332      0x4df ./src/gpio.o
 .debug_line    0x00005811      0x512 ./src/i2c.o
 .debug_line    0x00005d23      0x5c9 ./src/main.o
 .debug_line    0x000062ec      0x4d5 ./src/stm32f0xx_hal_msp.o
 .debug_line    0x000067c1      0x4e0 ./src/stm32f0xx_it.o

.debug_frame    0x00000000     0x1470
 *(.debug_frame)
 .debug_frame   0x00000000      0x144 ./system/src/stm32f0xx/stm32f0xx_hal.o
 .debug_frame   0x00000144       0xe4 ./system/src/stm32f0xx/stm32f0xx_hal_cortex.o
 .debug_frame   0x00000228       0xcc ./system/src/stm32f0xx/stm32f0xx_hal_gpio.o
 .debug_frame   0x000002f4      0x784 ./system/src/stm32f0xx/stm32f0xx_hal_i2c.o
 .debug_frame   0x00000a78       0xc0 ./system/src/stm32f0xx/stm32f0xx_hal_i2c_ex.o
 .debug_frame   0x00000b38      0x12c ./system/src/stm32f0xx/stm32f0xx_hal_rcc.o
 .debug_frame   0x00000c64       0x58 ./system/src/stm32f0xx/stm32f0xx_hal_rcc_ex.o
 .debug_frame   0x00000cbc       0x38 ./system/src/newlib/_exit.o
 .debug_frame   0x00000cf4       0x28 ./system/src/newlib/_sbrk.o
 .debug_frame   0x00000d1c       0x80 ./system/src/newlib/_startup.o
 .debug_frame   0x00000d9c       0x50 ./system/src/newlib/_syscalls.o
 .debug_frame   0x00000dec       0x78 ./system/src/diag/Trace.o
 .debug_frame   0x00000e64       0x60 ./system/src/diag/trace_impl.o
 .debug_frame   0x00000ec4       0x40 ./system/src/cortexm/_initialize_hardware.o
 .debug_frame   0x00000f04       0xb0 ./system/src/cortexm/exception_handlers.o
 .debug_frame   0x00000fb4       0x38 ./system/src/cmsis/system_stm32f0xx.o
 .debug_frame   0x00000fec       0x30 ./src/gpio.o
 .debug_frame   0x0000101c       0x58 ./src/i2c.o
 .debug_frame   0x00001074       0x60 ./src/main.o
 .debug_frame   0x000010d4       0x28 ./src/stm32f0xx_hal_msp.o
 .debug_frame   0x000010fc       0x28 ./src/stm32f0xx_it.o
 .debug_frame   0x00001124       0x20 c:/arm/gcc/bin/../lib/gcc/arm-none-eabi/5.4.1/armv6-m\libgcc.a(_udivsi3.o)
 .debug_frame   0x00001144       0x20 c:/arm/gcc/bin/../lib/gcc/arm-none-eabi/5.4.1/../../../../arm-none-eabi/lib/armv6-m\libg_nano.a(lib_a-errno.o)
 .debug_frame   0x00001164       0x40 c:/arm/gcc/bin/../lib/gcc/arm-none-eabi/5.4.1/../../../../arm-none-eabi/lib/armv6-m\libg_nano.a(lib_a-itoa.o)
 .debug_frame   0x000011a4       0x28 c:/arm/gcc/bin/../lib/gcc/arm-none-eabi/5.4.1/../../../../arm-none-eabi/lib/armv6-m\libg_nano.a(lib_a-memcpy-stub.o)
 .debug_frame   0x000011cc       0x48 c:/arm/gcc/bin/../lib/gcc/arm-none-eabi/5.4.1/../../../../arm-none-eabi/lib/armv6-m\libg_nano.a(lib_a-utoa.o)
 .debug_frame   0x00001214       0x48 c:/arm/gcc/bin/../lib/gcc/arm-none-eabi/5.4.1/../../../../arm-none-eabi/lib/armv6-m\libg_nano.a(lib_a-vsnprintf.o)
 .debug_frame   0x0000125c       0x74 c:/arm/gcc/bin/../lib/gcc/arm-none-eabi/5.4.1/../../../../arm-none-eabi/lib/armv6-m\libg_nano.a(lib_a-nano-svfprintf.o)
 .debug_frame   0x000012d0       0x54 c:/arm/gcc/bin/../lib/gcc/arm-none-eabi/5.4.1/../../../../arm-none-eabi/lib/armv6-m\libg_nano.a(lib_a-nano-vfprintf_i.o)
 .debug_frame   0x00001324       0x20 c:/arm/gcc/bin/../lib/gcc/arm-none-eabi/5.4.1/../../../../arm-none-eabi/lib/armv6-m\libg_nano.a(lib_a-memchr-stub.o)
 .debug_frame   0x00001344       0x28 c:/arm/gcc/bin/../lib/gcc/arm-none-eabi/5.4.1/../../../../arm-none-eabi/lib/armv6-m\libg_nano.a(lib_a-memmove.o)
 .debug_frame   0x0000136c       0x2c c:/arm/gcc/bin/../lib/gcc/arm-none-eabi/5.4.1/../../../../arm-none-eabi/lib/armv6-m\libg_nano.a(lib_a-nano-freer.o)
 .debug_frame   0x00001398       0x2c c:/arm/gcc/bin/../lib/gcc/arm-none-eabi/5.4.1/../../../../arm-none-eabi/lib/armv6-m\libg_nano.a(lib_a-nano-mallocr.o)
 .debug_frame   0x000013c4       0x30 c:/arm/gcc/bin/../lib/gcc/arm-none-eabi/5.4.1/../../../../arm-none-eabi/lib/armv6-m\libg_nano.a(lib_a-nano-reallocr.o)
 .debug_frame   0x000013f4       0x2c c:/arm/gcc/bin/../lib/gcc/arm-none-eabi/5.4.1/../../../../arm-none-eabi/lib/armv6-m\libg_nano.a(lib_a-sbrkr.o)
 .debug_frame   0x00001420       0x30 c:/arm/gcc/bin/../lib/gcc/arm-none-eabi/5.4.1/../../../../arm-none-eabi/lib/armv6-m\libg_nano.a(lib_a-mlock.o)
 .debug_frame   0x00001450       0x20 c:/arm/gcc/bin/../lib/gcc/arm-none-eabi/5.4.1/../../../../arm-none-eabi/lib/armv6-m\libg_nano.a(lib_a-nano-msizer.o)

.debug_str      0x00000000    0x63d9a
 *(.debug_str)
 .debug_str     0x00000000    0x5f4e3 ./system/src/stm32f0xx/stm32f0xx_hal.o
                              0x5f8f8 (size before relaxing)
 .debug_str     0x0005f4e3      0x1c6 ./system/src/stm32f0xx/stm32f0xx_hal_cortex.o
                              0x5f7c8 (size before relaxing)
 .debug_str     0x0005f6a9      0x28b ./system/src/stm32f0xx/stm32f0xx_hal_gpio.o
                              0x5f687 (size before relaxing)
 .debug_str     0x0005f934     0x118f ./system/src/stm32f0xx/stm32f0xx_hal_i2c.o
                              0x605dd (size before relaxing)
 .debug_str     0x00060ac3       0xac ./system/src/stm32f0xx/stm32f0xx_hal_i2c_ex.o
                              0x5f98b (size before relaxing)
 .debug_str     0x00060b6f      0x340 ./system/src/stm32f0xx/stm32f0xx_hal_rcc.o
                              0x5f82d (size before relaxing)
 .debug_str     0x00060eaf      0x12d ./system/src/stm32f0xx/stm32f0xx_hal_rcc_ex.o
                              0x5f57f (size before relaxing)
 .debug_str     0x00060fdc     0x10b1 ./system/src/newlib/_exit.o
                               0x6d1a (size before relaxing)
 .debug_str     0x0006208d      0x4de ./system/src/newlib/_sbrk.o
                               0x6105 (size before relaxing)
 .debug_str     0x0006256b      0x266 ./system/src/newlib/_startup.o
                               0x5cba (size before relaxing)
 .debug_str     0x000627d1      0xe18 ./system/src/newlib/_syscalls.o
                               0x6f65 (size before relaxing)
 .debug_str     0x000635e9      0x176 ./system/src/diag/Trace.o
                               0x750a (size before relaxing)
 .debug_str     0x0006375f      0x373 ./system/src/diag/trace_impl.o
                              0x383e1 (size before relaxing)
 .debug_str     0x00063ad2       0x4e ./system/src/cortexm/_initialize_hardware.o
                              0x3451c (size before relaxing)
 .debug_str     0x00063b20      0x109 ./system/src/cortexm/exception_handlers.o
                              0x38e35 (size before relaxing)
 .debug_str     0x00063c29       0x46 ./system/src/cmsis/system_stm32f0xx.o
                              0x345e5 (size before relaxing)
 .debug_str     0x00063c6f       0x35 ./src/gpio.o
                              0x5f47b (size before relaxing)
 .debug_str     0x00063ca4       0x41 ./src/i2c.o
                              0x5f97c (size before relaxing)
 .debug_str     0x00063ce5       0x72 ./src/main.o
                              0x60de3 (size before relaxing)
 .debug_str     0x00063d57       0x1b ./src/stm32f0xx_hal_msp.o
                              0x5f593 (size before relaxing)
 .debug_str     0x00063d72       0x28 ./src/stm32f0xx_it.o
                              0x5f39c (size before relaxing)

.debug_loc      0x00000000     0x4c56
 *(.debug_loc)
 .debug_loc     0x00000000       0x6a ./system/src/stm32f0xx/stm32f0xx_hal.o
 .debug_loc     0x0000006a      0x39b ./system/src/stm32f0xx/stm32f0xx_hal_cortex.o
 .debug_loc     0x00000405      0x2bc ./system/src/stm32f0xx/stm32f0xx_hal_gpio.o
 .debug_loc     0x000006c1     0x331a ./system/src/stm32f0xx/stm32f0xx_hal_i2c.o
 .debug_loc     0x000039db      0x245 ./system/src/stm32f0xx/stm32f0xx_hal_i2c_ex.o
 .debug_loc     0x00003c20      0x4c4 ./system/src/stm32f0xx/stm32f0xx_hal_rcc.o
 .debug_loc     0x000040e4      0x3dd ./system/src/stm32f0xx/stm32f0xx_hal_rcc_ex.o
 .debug_loc     0x000044c1       0x7b ./system/src/newlib/_sbrk.o
 .debug_loc     0x0000453c      0x265 ./system/src/newlib/_startup.o
 .debug_loc     0x000047a1       0x63 ./system/src/newlib/_syscalls.o
 .debug_loc     0x00004804      0x102 ./system/src/diag/Trace.o
 .debug_loc     0x00004906      0x17c ./system/src/diag/trace_impl.o
 .debug_loc     0x00004a82       0x94 ./system/src/cortexm/exception_handlers.o
 .debug_loc     0x00004b16       0xfe ./system/src/cmsis/system_stm32f0xx.o
 .debug_loc     0x00004c14       0x42 ./src/i2c.o

.debug_macinfo
 *(.debug_macinfo)

.debug_weaknames
 *(.debug_weaknames)

.debug_funcnames
 *(.debug_funcnames)

.debug_typenames
 *(.debug_typenames)

.debug_varnames
 *(.debug_varnames)
OUTPUT(accessing_rtc_ds1307.elf elf32-littlearm)

.debug_ranges   0x00000000      0x680
 .debug_ranges  0x00000000       0x90 ./system/src/stm32f0xx/stm32f0xx_hal.o
 .debug_ranges  0x00000090       0x68 ./system/src/stm32f0xx/stm32f0xx_hal_cortex.o
 .debug_ranges  0x000000f8       0x48 ./system/src/stm32f0xx/stm32f0xx_hal_gpio.o
 .debug_ranges  0x00000140      0x250 ./system/src/stm32f0xx/stm32f0xx_hal_i2c.o
 .debug_ranges  0x00000390       0x38 ./system/src/stm32f0xx/stm32f0xx_hal_i2c_ex.o
 .debug_ranges  0x000003c8       0x88 ./system/src/stm32f0xx/stm32f0xx_hal_rcc.o
 .debug_ranges  0x00000450       0x38 ./system/src/stm32f0xx/stm32f0xx_hal_rcc_ex.o
 .debug_ranges  0x00000488       0x18 ./system/src/newlib/_exit.o
 .debug_ranges  0x000004a0       0x10 ./system/src/newlib/_sbrk.o
 .debug_ranges  0x000004b0       0x48 ./system/src/newlib/_startup.o
 .debug_ranges  0x000004f8       0x20 ./system/src/newlib/_syscalls.o
 .debug_ranges  0x00000518       0x28 ./system/src/diag/Trace.o
 .debug_ranges  0x00000540       0x38 ./system/src/diag/trace_impl.o
 .debug_ranges  0x00000578       0x18 ./system/src/cortexm/_initialize_hardware.o
 .debug_ranges  0x00000590       0x48 ./system/src/cortexm/exception_handlers.o
 .debug_ranges  0x000005d8       0x20 ./system/src/cmsis/startup_stm32f051x8.o
 .debug_ranges  0x000005f8       0x18 ./system/src/cmsis/system_stm32f0xx.o
 .debug_ranges  0x00000610       0x10 ./src/gpio.o
 .debug_ranges  0x00000620       0x20 ./src/i2c.o
 .debug_ranges  0x00000640       0x20 ./src/main.o
 .debug_ranges  0x00000660       0x10 ./src/stm32f0xx_hal_msp.o
 .debug_ranges  0x00000670       0x10 ./src/stm32f0xx_it.o

.debug_macro    0x00000000    0x132ce
 .debug_macro   0x00000000      0x2e9 ./system/src/stm32f0xx/stm32f0xx_hal.o
 .debug_macro   0x000002e9      0x82c ./system/src/stm32f0xx/stm32f0xx_hal.o
 .debug_macro   0x00000b15       0x52 ./system/src/stm32f0xx/stm32f0xx_hal.o
 .debug_macro   0x00000b67       0x98 ./system/src/stm32f0xx/stm32f0xx_hal.o
 .debug_macro   0x00000bff       0x2e ./system/src/stm32f0xx/stm32f0xx_hal.o
 .debug_macro   0x00000c2d       0x22 ./system/src/stm32f0xx/stm32f0xx_hal.o
 .debug_macro   0x00000c4f      0x34e ./system/src/stm32f0xx/stm32f0xx_hal.o
 .debug_macro   0x00000f9d       0x34 ./system/src/stm32f0xx/stm32f0xx_hal.o
 .debug_macro   0x00000fd1       0x26 ./system/src/stm32f0xx/stm32f0xx_hal.o
 .debug_macro   0x00000ff7      0x30d ./system/src/stm32f0xx/stm32f0xx_hal.o
 .debug_macro   0x00001304     0x8ba9 ./system/src/stm32f0xx/stm32f0xx_hal.o
 .debug_macro   0x00009ead       0x3c ./system/src/stm32f0xx/stm32f0xx_hal.o
 .debug_macro   0x00009ee9     0x3408 ./system/src/stm32f0xx/stm32f0xx_hal.o
 .debug_macro   0x0000d2f1       0x22 ./system/src/stm32f0xx/stm32f0xx_hal.o
 .debug_macro   0x0000d313       0x4c ./system/src/stm32f0xx/stm32f0xx_hal.o
 .debug_macro   0x0000d35f       0x8d ./system/src/stm32f0xx/stm32f0xx_hal.o
 .debug_macro   0x0000d3ec       0x35 ./system/src/stm32f0xx/stm32f0xx_hal.o
 .debug_macro   0x0000d421       0x9c ./system/src/stm32f0xx/stm32f0xx_hal.o
 .debug_macro   0x0000d4bd       0x16 ./system/src/stm32f0xx/stm32f0xx_hal.o
 .debug_macro   0x0000d4d3       0x4a ./system/src/stm32f0xx/stm32f0xx_hal.o
 .debug_macro   0x0000d51d       0x97 ./system/src/stm32f0xx/stm32f0xx_hal.o
 .debug_macro   0x0000d5b4      0x30d ./system/src/stm32f0xx/stm32f0xx_hal.o
 .debug_macro   0x0000d8c1       0xfd ./system/src/stm32f0xx/stm32f0xx_hal.o
 .debug_macro   0x0000d9be       0x10 ./system/src/stm32f0xx/stm32f0xx_hal.o
 .debug_macro   0x0000d9ce       0x52 ./system/src/stm32f0xx/stm32f0xx_hal.o
 .debug_macro   0x0000da20       0x1f ./system/src/stm32f0xx/stm32f0xx_hal.o
 .debug_macro   0x0000da3f       0x43 ./system/src/stm32f0xx/stm32f0xx_hal.o
 .debug_macro   0x0000da82       0x20 ./system/src/stm32f0xx/stm32f0xx_hal.o
 .debug_macro   0x0000daa2      0x187 ./system/src/stm32f0xx/stm32f0xx_hal.o
 .debug_macro   0x0000dc29       0x10 ./system/src/stm32f0xx/stm32f0xx_hal.o
 .debug_macro   0x0000dc39       0x5e ./system/src/stm32f0xx/stm32f0xx_hal.o
 .debug_macro   0x0000dc97       0x1c ./system/src/stm32f0xx/stm32f0xx_hal.o
 .debug_macro   0x0000dcb3       0x52 ./system/src/stm32f0xx/stm32f0xx_hal.o
 .debug_macro   0x0000dd05       0x40 ./system/src/stm32f0xx/stm32f0xx_hal.o
 .debug_macro   0x0000dd45       0x10 ./system/src/stm32f0xx/stm32f0xx_hal.o
 .debug_macro   0x0000dd55       0x40 ./system/src/stm32f0xx/stm32f0xx_hal.o
 .debug_macro   0x0000dd95       0xd7 ./system/src/stm32f0xx/stm32f0xx_hal.o
 .debug_macro   0x0000de6c       0x16 ./system/src/stm32f0xx/stm32f0xx_hal.o
 .debug_macro   0x0000de82      0x18b ./system/src/stm32f0xx/stm32f0xx_hal.o
 .debug_macro   0x0000e00d       0x50 ./system/src/stm32f0xx/stm32f0xx_hal.o
 .debug_macro   0x0000e05d      0x931 ./system/src/stm32f0xx/stm32f0xx_hal.o
 .debug_macro   0x0000e98e      0x252 ./system/src/stm32f0xx/stm32f0xx_hal.o
 .debug_macro   0x0000ebe0      0x13a ./system/src/stm32f0xx/stm32f0xx_hal.o
 .debug_macro   0x0000ed1a      0x114 ./system/src/stm32f0xx/stm32f0xx_hal.o
 .debug_macro   0x0000ee2e      0x1ed ./system/src/stm32f0xx/stm32f0xx_hal.o
 .debug_macro   0x0000f01b       0x34 ./system/src/stm32f0xx/stm32f0xx_hal.o
 .debug_macro   0x0000f04f       0x43 ./system/src/stm32f0xx/stm32f0xx_hal.o
 .debug_macro   0x0000f092       0x29 ./system/src/stm32f0xx/stm32f0xx_hal.o
 .debug_macro   0x0000f0bb       0xb6 ./system/src/stm32f0xx/stm32f0xx_hal.o
 .debug_macro   0x0000f171      0x199 ./system/src/stm32f0xx/stm32f0xx_hal.o
 .debug_macro   0x0000f30a      0x202 ./system/src/stm32f0xx/stm32f0xx_hal.o
 .debug_macro   0x0000f50c       0x61 ./system/src/stm32f0xx/stm32f0xx_hal.o
 .debug_macro   0x0000f56d       0x90 ./system/src/stm32f0xx/stm32f0xx_hal.o
 .debug_macro   0x0000f5fd       0x4d ./system/src/stm32f0xx/stm32f0xx_hal.o
 .debug_macro   0x0000f64a      0x114 ./system/src/stm32f0xx/stm32f0xx_hal.o
 .debug_macro   0x0000f75e      0x10d ./system/src/stm32f0xx/stm32f0xx_hal.o
 .debug_macro   0x0000f86b      0x2c5 ./system/src/stm32f0xx/stm32f0xx_hal_cortex.o
 .debug_macro   0x0000fb30      0x2fe ./system/src/stm32f0xx/stm32f0xx_hal_gpio.o
 .debug_macro   0x0000fe2e      0x391 ./system/src/stm32f0xx/stm32f0xx_hal_i2c.o
 .debug_macro   0x000101bf      0x2c5 ./system/src/stm32f0xx/stm32f0xx_hal_i2c_ex.o
 .debug_macro   0x00010484      0x2d7 ./system/src/stm32f0xx/stm32f0xx_hal_rcc.o
 .debug_macro   0x0001075b      0x2c5 ./system/src/stm32f0xx/stm32f0xx_hal_rcc_ex.o
 .debug_macro   0x00010a20      0x19c ./system/src/newlib/_exit.o
 .debug_macro   0x00010bbc      0x10e ./system/src/newlib/_exit.o
 .debug_macro   0x00010cca       0x8d ./system/src/newlib/_exit.o
 .debug_macro   0x00010d57       0x35 ./system/src/newlib/_exit.o
 .debug_macro   0x00010d8c      0x151 ./system/src/newlib/_sbrk.o
 .debug_macro   0x00010edd      0x174 ./system/src/newlib/_sbrk.o
 .debug_macro   0x00011051       0x10 ./system/src/newlib/_sbrk.o
 .debug_macro   0x00011061      0x23b ./system/src/newlib/_sbrk.o
 .debug_macro   0x0001129c      0x15b ./system/src/newlib/_startup.o
 .debug_macro   0x000113f7      0x1ff ./system/src/newlib/_syscalls.o
 .debug_macro   0x000115f6       0x1c ./system/src/newlib/_syscalls.o
 .debug_macro   0x00011612       0x10 ./system/src/newlib/_syscalls.o
 .debug_macro   0x00011622       0x10 ./system/src/newlib/_syscalls.o
 .debug_macro   0x00011632       0x10 ./system/src/newlib/_syscalls.o
 .debug_macro   0x00011642       0x35 ./system/src/newlib/_syscalls.o
 .debug_macro   0x00011677      0x122 ./system/src/newlib/_syscalls.o
 .debug_macro   0x00011799       0x88 ./system/src/newlib/_syscalls.o
 .debug_macro   0x00011821       0x2b ./system/src/newlib/_syscalls.o
 .debug_macro   0x0001184c      0x118 ./system/src/newlib/_syscalls.o
 .debug_macro   0x00011964      0x159 ./system/src/newlib/_syscalls.o
 .debug_macro   0x00011abd       0x16 ./system/src/newlib/_syscalls.o
 .debug_macro   0x00011ad3      0x1d9 ./system/src/diag/Trace.o
 .debug_macro   0x00011cac       0x4c ./system/src/diag/Trace.o
 .debug_macro   0x00011cf8       0x16 ./system/src/diag/Trace.o
 .debug_macro   0x00011d0e      0x1e1 ./system/src/diag/trace_impl.o
 .debug_macro   0x00011eef       0x10 ./system/src/diag/trace_impl.o
 .debug_macro   0x00011eff       0xcf ./system/src/diag/trace_impl.o
 .debug_macro   0x00011fce       0xbe ./system/src/diag/trace_impl.o
 .debug_macro   0x0001208c       0x22 ./system/src/diag/trace_impl.o
 .debug_macro   0x000120ae       0x8a ./system/src/cortexm/_initialize_hardware.o
 .debug_macro   0x00012138      0x221 ./system/src/cortexm/exception_handlers.o
 .debug_macro   0x00012359       0x3a ./system/src/cortexm/exception_handlers.o
 .debug_macro   0x00012393       0x10 ./system/src/cortexm/exception_handlers.o
 .debug_macro   0x000123a3       0x92 ./system/src/cmsis/system_stm32f0xx.o
 .debug_macro   0x00012435      0x2cf ./src/gpio.o
 .debug_macro   0x00012704      0x2d9 ./src/i2c.o
 .debug_macro   0x000129dd      0x35d ./src/main.o
 .debug_macro   0x00012d3a      0x2c5 ./src/stm32f0xx_hal_msp.o
 .debug_macro   0x00012fff      0x2cf ./src/stm32f0xx_it.o
