Archive member included to satisfy reference by file (symbol)

c:/arm/gcc/bin/../lib/gcc/arm-none-eabi/5.4.1/armv6-m\libgcc.a(_udivsi3.o)
                              ./system/src/stm32f0xx/stm32f0xx_hal.o (__aeabi_uidiv)
c:/arm/gcc/bin/../lib/gcc/arm-none-eabi/5.4.1/armv6-m\libgcc.a(_dvmd_tls.o)
                              c:/arm/gcc/bin/../lib/gcc/arm-none-eabi/5.4.1/armv6-m\libgcc.a(_udivsi3.o) (__aeabi_idiv0)
c:/arm/gcc/bin/../lib/gcc/arm-none-eabi/5.4.1/armv6-m\libgcc.a(_arm_cmpsf2.o)
                              ./src/main.o (__aeabi_fcmple)
c:/arm/gcc/bin/../lib/gcc/arm-none-eabi/5.4.1/armv6-m\libgcc.a(divsf3.o)
                              ./src/main.o (__aeabi_fdiv)
c:/arm/gcc/bin/../lib/gcc/arm-none-eabi/5.4.1/armv6-m\libgcc.a(eqsf2.o)
                              c:/arm/gcc/bin/../lib/gcc/arm-none-eabi/5.4.1/armv6-m\libgcc.a(_arm_cmpsf2.o) (__eqsf2)
c:/arm/gcc/bin/../lib/gcc/arm-none-eabi/5.4.1/armv6-m\libgcc.a(gesf2.o)
                              c:/arm/gcc/bin/../lib/gcc/arm-none-eabi/5.4.1/armv6-m\libgcc.a(_arm_cmpsf2.o) (__gesf2)
c:/arm/gcc/bin/../lib/gcc/arm-none-eabi/5.4.1/armv6-m\libgcc.a(lesf2.o)
                              c:/arm/gcc/bin/../lib/gcc/arm-none-eabi/5.4.1/armv6-m\libgcc.a(_arm_cmpsf2.o) (__lesf2)
c:/arm/gcc/bin/../lib/gcc/arm-none-eabi/5.4.1/armv6-m\libgcc.a(fixsfsi.o)
                              ./src/main.o (__aeabi_f2iz)
c:/arm/gcc/bin/../lib/gcc/arm-none-eabi/5.4.1/armv6-m\libgcc.a(floatsisf.o)
                              ./src/main.o (__aeabi_i2f)
c:/arm/gcc/bin/../lib/gcc/arm-none-eabi/5.4.1/armv6-m\libgcc.a(floatunsisf.o)
                              ./src/main.o (__aeabi_ui2f)
c:/arm/gcc/bin/../lib/gcc/arm-none-eabi/5.4.1/armv6-m\libgcc.a(unwind-arm.o)
                              ./system/src/newlib/_cxx.o (__aeabi_unwind_cpp_pr0)
c:/arm/gcc/bin/../lib/gcc/arm-none-eabi/5.4.1/armv6-m\libgcc.a(libunwind.o)
                              c:/arm/gcc/bin/../lib/gcc/arm-none-eabi/5.4.1/armv6-m\libgcc.a(unwind-arm.o) (restore_core_regs)
c:/arm/gcc/bin/../lib/gcc/arm-none-eabi/5.4.1/armv6-m\libgcc.a(pr-support.o)
                              c:/arm/gcc/bin/../lib/gcc/arm-none-eabi/5.4.1/armv6-m\libgcc.a(unwind-arm.o) (__gnu_unwind_execute)
c:/arm/gcc/bin/../lib/gcc/arm-none-eabi/5.4.1/armv6-m\libgcc.a(_clzsi2.o)
                              c:/arm/gcc/bin/../lib/gcc/arm-none-eabi/5.4.1/armv6-m\libgcc.a(divsf3.o) (__clzsi2)
c:/arm/gcc/bin/../lib/gcc/arm-none-eabi/5.4.1/../../../../arm-none-eabi/lib/armv6-m\libg_nano.a(lib_a-errno.o)
                              ./system/src/newlib/_sbrk.o (__errno)
c:/arm/gcc/bin/../lib/gcc/arm-none-eabi/5.4.1/../../../../arm-none-eabi/lib/armv6-m\libg_nano.a(lib_a-impure.o)
                              c:/arm/gcc/bin/../lib/gcc/arm-none-eabi/5.4.1/../../../../arm-none-eabi/lib/armv6-m\libg_nano.a(lib_a-errno.o) (_impure_ptr)
c:/arm/gcc/bin/../lib/gcc/arm-none-eabi/5.4.1/../../../../arm-none-eabi/lib/armv6-m\libg_nano.a(lib_a-init.o)
                              ./system/src/cmsis/startup_stm32f051x8.o (__libc_init_array)
c:/arm/gcc/bin/../lib/gcc/arm-none-eabi/5.4.1/../../../../arm-none-eabi/lib/armv6-m\libg_nano.a(lib_a-itoa.o)
                              ./src/main.o (itoa)
c:/arm/gcc/bin/../lib/gcc/arm-none-eabi/5.4.1/../../../../arm-none-eabi/lib/armv6-m\libg_nano.a(lib_a-memcpy-stub.o)
                              ./system/src/stm32f0xx/stm32f0xx_hal_rcc.o (memcpy)
c:/arm/gcc/bin/../lib/gcc/arm-none-eabi/5.4.1/../../../../arm-none-eabi/lib/armv6-m\libg_nano.a(lib_a-memset.o)
                              ./system/src/stm32f0xx/stm32f0xx_hal_rcc.o (memset)
c:/arm/gcc/bin/../lib/gcc/arm-none-eabi/5.4.1/../../../../arm-none-eabi/lib/armv6-m\libg_nano.a(lib_a-strlen.o)
                              ./system/src/diag/Trace.o (strlen)
c:/arm/gcc/bin/../lib/gcc/arm-none-eabi/5.4.1/../../../../arm-none-eabi/lib/armv6-m\libg_nano.a(lib_a-utoa.o)
                              c:/arm/gcc/bin/../lib/gcc/arm-none-eabi/5.4.1/../../../../arm-none-eabi/lib/armv6-m\libg_nano.a(lib_a-itoa.o) (__utoa)
c:/arm/gcc/bin/../lib/gcc/arm-none-eabi/5.4.1/../../../../arm-none-eabi/lib/armv6-m\libg_nano.a(lib_a-vsnprintf.o)
                              ./system/src/diag/Trace.o (vsnprintf)
c:/arm/gcc/bin/../lib/gcc/arm-none-eabi/5.4.1/../../../../arm-none-eabi/lib/armv6-m\libg_nano.a(lib_a-nano-svfprintf.o)
                              c:/arm/gcc/bin/../lib/gcc/arm-none-eabi/5.4.1/../../../../arm-none-eabi/lib/armv6-m\libg_nano.a(lib_a-vsnprintf.o) (_svfprintf_r)
c:/arm/gcc/bin/../lib/gcc/arm-none-eabi/5.4.1/../../../../arm-none-eabi/lib/armv6-m\libg_nano.a(lib_a-nano-vfprintf_i.o)
                              c:/arm/gcc/bin/../lib/gcc/arm-none-eabi/5.4.1/../../../../arm-none-eabi/lib/armv6-m\libg_nano.a(lib_a-nano-svfprintf.o) (_printf_i)
c:/arm/gcc/bin/../lib/gcc/arm-none-eabi/5.4.1/../../../../arm-none-eabi/lib/armv6-m\libg_nano.a(lib_a-memchr-stub.o)
[...]
Memory Configuration

Name             Origin             Length             Attributes
FLASH            0x08000000         0x00010000         xr
RAM              0x20000000         0x00002000         xrw
CCMRAM           0x10000000         0x00000000         xrw
FLASHB1          0x00000000         0x00000000         xr
EXTMEMB0         0x00000000         0x00000000         xr
EXTMEMB1         0x00000000         0x00000000         xr
EXTMEMB2         0x00000000         0x00000000         xr
EXTMEMB3         0x00000000         0x00000000         xr
*default*        0x00000000         0xffffffff

Linker script and memory map

LOAD ./system/src/stm32f0xx/stm32f0xx_hal.o
LOAD ./system/src/stm32f0xx/stm32f0xx_hal_adc.o
LOAD ./system/src/stm32f0xx/stm32f0xx_hal_adc_ex.o
LOAD ./system/src/stm32f0xx/stm32f0xx_hal_cortex.o
LOAD ./system/src/stm32f0xx/stm32f0xx_hal_dma.o
LOAD ./system/src/stm32f0xx/stm32f0xx_hal_flash.o
LOAD ./system/src/stm32f0xx/stm32f0xx_hal_flash_ex.o
LOAD ./system/src/stm32f0xx/stm32f0xx_hal_gpio.o
LOAD ./system/src/stm32f0xx/stm32f0xx_hal_i2c.o
LOAD ./system/src/stm32f0xx/stm32f0xx_hal_i2c_ex.o
LOAD ./system/src/stm32f0xx/stm32f0xx_hal_pwr.o
LOAD ./system/src/stm32f0xx/stm32f0xx_hal_pwr_ex.o
LOAD ./system/src/stm32f0xx/stm32f0xx_hal_rcc.o
LOAD ./system/src/stm32f0xx/stm32f0xx_hal_rcc_ex.o
LOAD ./system/src/stm32f0xx/stm32f0xx_hal_tim.o
LOAD ./system/src/stm32f0xx/stm32f0xx_hal_tim_ex.o
LOAD ./system/src/newlib/_cxx.o
LOAD ./system/src/newlib/_exit.o
LOAD ./system/src/newlib/_sbrk.o
LOAD ./system/src/newlib/_startup.o
LOAD ./system/src/newlib/_syscalls.o
LOAD ./system/src/newlib/assert.o
LOAD ./system/src/diag/Trace.o
LOAD ./system/src/diag/trace_impl.o
LOAD ./system/src/cortexm/_initialize_hardware.o
LOAD ./system/src/cortexm/_reset_hardware.o
LOAD ./system/src/cortexm/exception_handlers.o
LOAD ./system/src/cmsis/startup_stm32f051x8.o
LOAD ./system/src/cmsis/system_stm32f0xx.o
LOAD ./src/_write.o
LOAD ./src/adc.o
LOAD ./src/gpio.o
LOAD ./src/main.o
LOAD ./src/stm32f0xx_hal_msp.o
LOAD ./src/stm32f0xx_it.o
LOAD c:/arm/gcc/bin/../lib/gcc/arm-none-eabi/5.4.1/../../../../arm-none-eabi/lib/armv6-m\libstdc++_nano.a
LOAD c:/arm/gcc/bin/../lib/gcc/arm-none-eabi/5.4.1/../../../../arm-none-eabi/lib/armv6-m\libm.a
START GROUP
LOAD c:/arm/gcc/bin/../lib/gcc/arm-none-eabi/5.4.1/armv6-m\libgcc.a
LOAD c:/arm/gcc/bin/../lib/gcc/arm-none-eabi/5.4.1/../../../../arm-none-eabi/lib/armv6-m\libg_nano.a
LOAD c:/arm/gcc/bin/../lib/gcc/arm-none-eabi/5.4.1/../../../../arm-none-eabi/lib/armv6-m\libc_nano.a
END GROUP
START GROUP
LOAD c:/arm/gcc/bin/../lib/gcc/arm-none-eabi/5.4.1/armv6-m\libgcc.a
LOAD c:/arm/gcc/bin/../lib/gcc/arm-none-eabi/5.4.1/../../../../arm-none-eabi/lib/armv6-m\libc_nano.a
END GROUP
                0x20002000                __stack = (ORIGIN (RAM) + LENGTH (RAM))
                0x20002000                _estack = __stack
                0x00000400                __Main_Stack_Size = 0x400
                [!provide]                PROVIDE (_Main_Stack_Size, __Main_Stack_Size)
                0x20001c00                __Main_Stack_Limit = (__stack - __Main_Stack_Size)
                [!provide]                PROVIDE (_Main_Stack_Limit, __Main_Stack_Limit)
                0x00000100                _Minimum_Stack_Size = 0x100
                0x20000164                PROVIDE (_Heap_Begin, _end_noinit)
                0x20001c00                PROVIDE (_Heap_Limit, (__stack - __Main_Stack_Size))

.isr_vector     0x08000000      0x228
 FILL mask 0xff
                0x08000000                __vectors_start = ABSOLUTE (.)
                0x08000000                __vectors_start__ = ABSOLUTE (.)
 *(.isr_vector)
 .isr_vector    0x08000000       0xc0 ./system/src/cmsis/startup_stm32f051x8.o
                0x08000000                g_pfnVectors
 *(.cfmconfig)
 *(.after_vectors .after_vectors.*)
 .after_vectors
                0x080000c0      0x118 ./system/src/newlib/_startup.o
                0x080000c0                _start
 .after_vectors
                0x080001d8       0x50 ./system/src/cortexm/exception_handlers.o
                0x080001d8                Reset_Handler
                0x080001e0                NMI_Handler
                0x080001e4                HardFault_Handler
                0x080001fc                HardFault_Handler_C
                0x08000218                SVC_Handler
                0x0800021c                PendSV_Handler

.inits          0x08000228       0x28
                0x08000228                __data_regions_array_start = .
                0x08000228        0x4 LONG 0x8002730 LOADADDR (.data)
                0x0800022c        0x4 LONG 0x20000000 ADDR (.data)
                0x08000230        0x4 LONG 0x20000078 (ADDR (.data) + SIZEOF (.data))
                0x08000234        0x4 LONG 0x8002730 LOADADDR (.data_CCMRAM)
                0x08000238        0x4 LONG 0x10000000 ADDR (.data_CCMRAM)
                0x0800023c        0x4 LONG 0x10000000 (ADDR (.data_CCMRAM) + SIZEOF (.data_CCMRAM))
                0x08000240                __data_regions_array_end = .
                0x08000240                __bss_regions_array_start = .
                0x08000240        0x4 LONG 0x20000078 ADDR (.bss)
                0x08000244        0x4 LONG 0x20000164 (ADDR (.bss) + SIZEOF (.bss))
                0x08000248        0x4 LONG 0x10000000 ADDR (.bss_CCMRAM)
                0x0800024c        0x4 LONG 0x10000000 (ADDR (.bss_CCMRAM) + SIZEOF (.bss_CCMRAM))
                0x08000250                __bss_regions_array_end = .
 *(.init)
 *(.fini)
                0x08000250                . = ALIGN (0x4)
                0x08000250                PROVIDE (__preinit_array_start, .)
 *(.preinit_array_sysinit .preinit_array_sysinit.*)
 *(.preinit_array_platform .preinit_array_platform.*)
 *(.preinit_array .preinit_array.*)
                0x08000250                PROVIDE (__preinit_array_end, .)
                0x08000250                . = ALIGN (0x4)
                0x08000250                PROVIDE (__init_array_start, .)
 *(SORT(.init_array.*))
 *(.init_array)
                0x08000250                PROVIDE (__init_array_end, .)
                0x08000250                . = ALIGN (0x4)
                0x08000250                PROVIDE (__fini_array_start, .)
 *(SORT(.fini_array.*))
 *(.fini_array)
                0x08000250                PROVIDE (__fini_array_end, .)

.flashtext
 *(.flashtext .flashtext.*)

.text           0x08000250     0x24e0
 *(.text .text.*)
 .text.HAL_InitTick
                0x08000250       0x24 ./system/src/stm32f0xx/stm32f0xx_hal.o
                0x08000250                HAL_InitTick
 .text.HAL_Init
                0x08000274       0x20 ./system/src/stm32f0xx/stm32f0xx_hal.o
                0x08000274                HAL_Init
 .text.HAL_IncTick
                0x08000294       0x10 ./system/src/stm32f0xx/stm32f0xx_hal.o
                0x08000294                HAL_IncTick
 .text.HAL_GetTick
                0x080002a4        0xc ./system/src/stm32f0xx/stm32f0xx_hal.o
                0x080002a4                HAL_GetTick
 .text.HAL_Delay
                0x080002b0       0x1c ./system/src/stm32f0xx/stm32f0xx_hal.o
                0x080002b0                HAL_Delay
 .text.ADC_Enable
                0x080002cc       0xb8 ./system/src/stm32f0xx/stm32f0xx_hal_adc.o
 .text.HAL_ADC_Init
                0x08000384      0x184 ./system/src/stm32f0xx/stm32f0xx_hal_adc.o
                0x08000384                HAL_ADC_Init
 .text.HAL_ADC_Start
                0x08000508       0x60 ./system/src/stm32f0xx/stm32f0xx_hal_adc.o
                0x08000508                HAL_ADC_Start
 .text.HAL_ADC_PollForConversion
                0x08000568       0xc8 ./system/src/stm32f0xx/stm32f0xx_hal_adc.o
                0x08000568                HAL_ADC_PollForConversion
 .text.HAL_ADC_GetValue
                0x08000630        0x8 ./system/src/stm32f0xx/stm32f0xx_hal_adc.o
                0x08000630                HAL_ADC_GetValue
 .text.HAL_ADC_ConfigChannel
                0x08000638      0x14c ./system/src/stm32f0xx/stm32f0xx_hal_adc.o
                0x08000638                HAL_ADC_ConfigChannel
 .text.HAL_NVIC_SetPriority
                0x08000784       0x64 ./system/src/stm32f0xx/stm32f0xx_hal_cortex.o
                0x08000784                HAL_NVIC_SetPriority
 .text.HAL_SYSTICK_Config
                0x080007e8       0x38 ./system/src/stm32f0xx/stm32f0xx_hal_cortex.o
                0x080007e8                HAL_SYSTICK_Config
 .text.HAL_SYSTICK_CLKSourceConfig
                0x08000820       0x20 ./system/src/stm32f0xx/stm32f0xx_hal_cortex.o
                0x08000820                HAL_SYSTICK_CLKSourceConfig
 .text.HAL_SYSTICK_Callback
                0x08000840        0x4 ./system/src/stm32f0xx/stm32f0xx_hal_cortex.o
                0x08000840                HAL_SYSTICK_Callback
 .text.HAL_SYSTICK_IRQHandler
                0x08000844        0x8 ./system/src/stm32f0xx/stm32f0xx_hal_cortex.o
                0x08000844                HAL_SYSTICK_IRQHandler
 .text.HAL_GPIO_Init
                0x0800084c      0x188 ./system/src/stm32f0xx/stm32f0xx_hal_gpio.o
                0x0800084c                HAL_GPIO_Init
 .text.HAL_GPIO_WritePin
                0x080009d4        0xc ./system/src/stm32f0xx/stm32f0xx_hal_gpio.o
                0x080009d4                HAL_GPIO_WritePin
 .text.HAL_GPIO_TogglePin
                0x080009e0        0x8 ./system/src/stm32f0xx/stm32f0xx_hal_gpio.o
                0x080009e0                HAL_GPIO_TogglePin
 .text.HAL_RCC_OscConfig
                0x080009e8      0x480 ./system/src/stm32f0xx/stm32f0xx_hal_rcc.o
                0x080009e8                HAL_RCC_OscConfig
 .text.HAL_RCC_GetSysClockFreq
                0x08000e68       0x68 ./system/src/stm32f0xx/stm32f0xx_hal_rcc.o
                0x08000e68                HAL_RCC_GetSysClockFreq
 .text.HAL_RCC_ClockConfig
                0x08000ed0      0x160 ./system/src/stm32f0xx/stm32f0xx_hal_rcc.o
                0x08000ed0                HAL_RCC_ClockConfig
 .text.HAL_RCC_GetHCLKFreq
                0x08001030        0xc ./system/src/stm32f0xx/stm32f0xx_hal_rcc.o
                0x08001030                HAL_RCC_GetHCLKFreq
 .text._exit    0x0800103c        0x4 ./system/src/newlib/_exit.o
                0x0800103c                _exit
 .text._sbrk    0x08001040       0x44 ./system/src/newlib/_sbrk.o
                0x08001040                _sbrk
 .text.__initialize_args
                0x08001084       0x10 ./system/src/newlib/_syscalls.o
                0x08001084                __initialize_args
 .text.trace_printf
                0x08001094       0x2c ./system/src/diag/Trace.o
                0x08001094                trace_printf
 .text._trace_write_semihosting_debug
                0x080010c0       0x68 ./system/src/diag/trace_impl.o
 .text.trace_write
                0x08001128        0x8 ./system/src/diag/trace_impl.o
                0x08001128                trace_write
 .text.__initialize_hardware_early
                0x08001130        0x8 ./system/src/cortexm/_initialize_hardware.o
                0x08001130                __initialize_hardware_early
 .text.__initialize_hardware
                0x08001138        0x8 ./system/src/cortexm/_initialize_hardware.o
                0x08001138                __initialize_hardware
 .text.dumpExceptionStack
                0x08001140       0x88 ./system/src/cortexm/exception_handlers.o
                0x08001140                dumpExceptionStack
 .text.Default_Handler
                0x080011c8        0x2 ./system/src/cmsis/startup_stm32f051x8.o
                0x080011c8                TIM1_CC_IRQHandler
                0x080011c8                TSC_IRQHandler
                0x080011c8                ADC1_COMP_IRQHandler
                0x080011c8                PVD_IRQHandler
                0x080011c8                I2C1_IRQHandler
                0x080011c8                RCC_CRS_IRQHandler
                0x080011c8                SPI1_IRQHandler
                0x080011c8                TIM6_DAC_IRQHandler
                0x080011c8                EXTI2_3_IRQHandler
                0x080011c8                I2C2_IRQHandler
                0x080011c8                TIM17_IRQHandler
                0x080011c8                CEC_CAN_IRQHandler
                0x080011c8                RTC_IRQHandler
                0x080011c8                TIM16_IRQHandler
                0x080011c8                TIM3_IRQHandler
                0x080011c8                EXTI4_15_IRQHandler
                0x080011c8                DMA1_Channel1_IRQHandler
                0x080011c8                Default_Handler
                0x080011c8                TIM14_IRQHandler
                0x080011c8                DMA1_Channel4_5_IRQHandler
                0x080011c8                TIM15_IRQHandler
                0x080011c8                EXTI0_1_IRQHandler
                0x080011c8                SPI2_IRQHandler
                0x080011c8                WWDG_IRQHandler
                0x080011c8                TIM2_IRQHandler
                0x080011c8                DMA1_Channel2_3_IRQHandler
                0x080011c8                USART2_IRQHandler
                0x080011c8                FLASH_IRQHandler
                0x080011c8                USART1_IRQHandler
                0x080011c8                TIM1_BRK_UP_TRG_COM_IRQHandler
 *fill*         0x080011ca        0x2 
 .text.SystemInit
                0x080011cc       0x60 ./system/src/cmsis/system_stm32f0xx.o
                0x080011cc                SystemInit
 .text.SystemCoreClockUpdate
                0x0800122c       0x90 ./system/src/cmsis/system_stm32f0xx.o
                0x0800122c                SystemCoreClockUpdate
 .text.MX_ADC_Init
                0x080012bc       0x64 ./src/adc.o
                0x080012bc                MX_ADC_Init
 .text.HAL_ADC_MspInit
                0x08001320       0x2c ./src/adc.o
                0x08001320                HAL_ADC_MspInit
 .text.MX_GPIO_Init
                0x0800134c       0x70 ./src/gpio.o
                0x0800134c                MX_GPIO_Init
 .text.Error_Handler
                0x080013bc        0x4 ./src/main.o
                0x080013bc                Error_Handler
 .text.SystemClock_Config
                0x080013c0       0x78 ./src/main.o
                0x080013c0                SystemClock_Config
 .text.main     0x08001438       0xf8 ./src/main.o
                0x08001438                main
 .text.HAL_MspInit
                0x08001530       0x40 ./src/stm32f0xx_hal_msp.o
                0x08001530                HAL_MspInit
 .text.SysTick_Handler
                0x08001570        0xc ./src/stm32f0xx_it.o
                0x08001570                SysTick_Handler
 .text          0x0800157c      0x114 c:/arm/gcc/bin/../lib/gcc/arm-none-eabi/5.4.1/armv6-m\libgcc.a(_udivsi3.o)
                0x0800157c                __aeabi_uidiv
                0x0800157c                __udivsi3
                0x08001688                __aeabi_uidivmod
 .text          0x08001690        0x4 c:/arm/gcc/bin/../lib/gcc/arm-none-eabi/5.4.1/armv6-m\libgcc.a(_dvmd_tls.o)
                0x08001690                __aeabi_idiv0
                0x08001690                __aeabi_ldiv0
 .text          0x08001694       0x74 c:/arm/gcc/bin/../lib/gcc/arm-none-eabi/5.4.1/armv6-m\libgcc.a(_arm_cmpsf2.o)
                0x08001694                __aeabi_cfrcmple
                0x0800169c                __aeabi_cfcmpeq
                0x0800169c                __aeabi_cfcmple
                0x080016ac                __aeabi_fcmpeq
                0x080016b8                __aeabi_fcmplt
                0x080016cc                __aeabi_fcmple
                0x080016e0                __aeabi_fcmpgt
                0x080016f4                __aeabi_fcmpge
 .text          0x08001708      0x234 c:/arm/gcc/bin/../lib/gcc/arm-none-eabi/5.4.1/armv6-m\libgcc.a(divsf3.o)
                0x08001708                __aeabi_fdiv
 .text          0x0800193c       0x50 c:/arm/gcc/bin/../lib/gcc/arm-none-eabi/5.4.1/armv6-m\libgcc.a(eqsf2.o)
                0x0800193c                __eqsf2
                0x0800193c                __nesf2
 .text          0x0800198c       0x88 c:/arm/gcc/bin/../lib/gcc/arm-none-eabi/5.4.1/armv6-m\libgcc.a(gesf2.o)
                0x0800198c                __gesf2
                0x0800198c                __gtsf2
 .text          0x08001a14       0x88 c:/arm/gcc/bin/../lib/gcc/arm-none-eabi/5.4.1/armv6-m\libgcc.a(lesf2.o)
                0x08001a14                __ltsf2
                0x08001a14                __lesf2
 .text          0x08001a9c       0x44 c:/arm/gcc/bin/../lib/gcc/arm-none-eabi/5.4.1/armv6-m\libgcc.a(fixsfsi.o)
                0x08001a9c                __aeabi_f2iz
 .text          0x08001ae0       0x90 c:/arm/gcc/bin/../lib/gcc/arm-none-eabi/5.4.1/armv6-m\libgcc.a(floatsisf.o)
                0x08001ae0                __aeabi_i2f
 .text          0x08001b70       0x7c c:/arm/gcc/bin/../lib/gcc/arm-none-eabi/5.4.1/armv6-m\libgcc.a(floatunsisf.o)
                0x08001b70                __aeabi_ui2f
 .text          0x08001bec       0x3c c:/arm/gcc/bin/../lib/gcc/arm-none-eabi/5.4.1/armv6-m\libgcc.a(_clzsi2.o)
                0x08001bec                __clzsi2
 .text.__errno  0x08001c28        0xc c:/arm/gcc/bin/../lib/gcc/arm-none-eabi/5.4.1/../../../../arm-none-eabi/lib/armv6-m\libg_nano.a(lib_a-errno.o)
                0x08001c28                __errno
 .text.__itoa   0x08001c34       0x2e c:/arm/gcc/bin/../lib/gcc/arm-none-eabi/5.4.1/../../../../arm-none-eabi/lib/armv6-m\libg_nano.a(lib_a-itoa.o)
                0x08001c34                __itoa
 .text.itoa     0x08001c62        0x8 c:/arm/gcc/bin/../lib/gcc/arm-none-eabi/5.4.1/../../../../arm-none-eabi/lib/armv6-m\libg_nano.a(lib_a-itoa.o)
                0x08001c62                itoa
 .text.memcpy   0x08001c6a       0x12 c:/arm/gcc/bin/../lib/gcc/arm-none-eabi/5.4.1/../../../../arm-none-eabi/lib/armv6-m\libg_nano.a(lib_a-memcpy-stub.o)
                0x08001c6a                memcpy
 .text.__utoa   0x08001c7c       0x74 c:/arm/gcc/bin/../lib/gcc/arm-none-eabi/5.4.1/../../../../arm-none-eabi/lib/armv6-m\libg_nano.a(lib_a-utoa.o)
                0x08001c7c                __utoa
 .text._vsnprintf_r
                0x08001cf0       0x56 c:/arm/gcc/bin/../lib/gcc/arm-none-eabi/5.4.1/../../../../arm-none-eabi/lib/armv6-m\libg_nano.a(lib_a-vsnprintf.o)
                0x08001cf0                _vsniprintf_r
                0x08001cf0                _vsnprintf_r
 *fill*         0x08001d46        0x2 
 .text.vsnprintf
                0x08001d48       0x18 c:/arm/gcc/bin/../lib/gcc/arm-none-eabi/5.4.1/../../../../arm-none-eabi/lib/armv6-m\libg_nano.a(lib_a-vsnprintf.o)
                0x08001d48                vsniprintf
                0x08001d48                vsnprintf
 .text.__ssputs_r
                0x08001d60       0xc4 c:/arm/gcc/bin/../lib/gcc/arm-none-eabi/5.4.1/../../../../arm-none-eabi/lib/armv6-m\libg_nano.a(lib_a-nano-svfprintf.o)
                0x08001d60                __ssputs_r
 .text._svfprintf_r
                0x08001e24      0x1fc c:/arm/gcc/bin/../lib/gcc/arm-none-eabi/5.4.1/../../../../arm-none-eabi/lib/armv6-m\libg_nano.a(lib_a-nano-svfprintf.o)
                0x08001e24                _svfiprintf_r
                0x08001e24                _svfprintf_r
 .text._printf_common
                0x08002020       0xdc c:/arm/gcc/bin/../lib/gcc/arm-none-eabi/5.4.1/../../../../arm-none-eabi/lib/armv6-m\libg_nano.a(lib_a-nano-vfprintf_i.o)
                0x08002020                _printf_common
 .text._printf_i
                0x080020fc      0x244 c:/arm/gcc/bin/../lib/gcc/arm-none-eabi/5.4.1/../../../../arm-none-eabi/lib/armv6-m\libg_nano.a(lib_a-nano-vfprintf_i.o)
                0x080020fc                _printf_i
 .text.memchr   0x08002340       0x16 c:/arm/gcc/bin/../lib/gcc/arm-none-eabi/5.4.1/../../../../arm-none-eabi/lib/armv6-m\libg_nano.a(lib_a-memchr-stub.o)
                0x08002340                memchr
 .text.memmove  0x08002356       0x2a c:/arm/gcc/bin/../lib/gcc/arm-none-eabi/5.4.1/../../../../arm-none-eabi/lib/armv6-m\libg_nano.a(lib_a-memmove.o)
                0x08002356                memmove
 .text._free_r  0x08002380       0x98 c:/arm/gcc/bin/../lib/gcc/arm-none-eabi/5.4.1/../../../../arm-none-eabi/lib/armv6-m\libg_nano.a(lib_a-nano-freer.o)
                0x08002380                _free_r
 .text._malloc_r
                0x08002418       0xc0 c:/arm/gcc/bin/../lib/gcc/arm-none-eabi/5.4.1/../../../../arm-none-eabi/lib/armv6-m\libg_nano.a(lib_a-nano-mallocr.o)
                0x08002418                _malloc_r
 .text._realloc_r
                0x080024d8       0x4c c:/arm/gcc/bin/../lib/gcc/arm-none-eabi/5.4.1/../../../../arm-none-eabi/lib/armv6-m\libg_nano.a(lib_a-nano-reallocr.o)
                0x080024d8                _realloc_r
 .text._sbrk_r  0x08002524       0x24 c:/arm/gcc/bin/../lib/gcc/arm-none-eabi/5.4.1/../../../../arm-none-eabi/lib/armv6-m\libg_nano.a(lib_a-sbrkr.o)
                0x08002524                _sbrk_r
 .text.__malloc_lock
                0x08002548        0x2 c:/arm/gcc/bin/../lib/gcc/arm-none-eabi/5.4.1/../../../../arm-none-eabi/lib/armv6-m\libg_nano.a(lib_a-mlock.o)
                0x08002548                __malloc_lock
 .text.__malloc_unlock
                0x0800254a        0x2 c:/arm/gcc/bin/../lib/gcc/arm-none-eabi/5.4.1/../../../../arm-none-eabi/lib/armv6-m\libg_nano.a(lib_a-mlock.o)
                0x0800254a                __malloc_unlock
 .text._malloc_usable_size_r
                0x0800254c       0x16 c:/arm/gcc/bin/../lib/gcc/arm-none-eabi/5.4.1/../../../../arm-none-eabi/lib/armv6-m\libg_nano.a(lib_a-nano-msizer.o)
                0x0800254c                _malloc_usable_size_r
 *(.rodata .rodata.* .constdata .constdata.*)
 *fill*         0x08002562        0x2 
 .rodata        0x08002564       0x20 ./system/src/stm32f0xx/stm32f0xx_hal_rcc.o
 .rodata.str1.4
                0x08002584       0xbd ./system/src/cortexm/exception_handlers.o
 *fill*         0x08002641        0x3 
 .rodata.AHBPrescTable
                0x08002644       0x10 ./system/src/cmsis/system_stm32f0xx.o
                0x08002644                AHBPrescTable
 .rodata.str1.4
                0x08002654        0x4 ./src/main.o
                                  0x6 (size before relaxing)
 .rodata        0x08002658       0x80 c:/arm/gcc/bin/../lib/gcc/arm-none-eabi/5.4.1/armv6-m\libgcc.a(divsf3.o)
 .rodata.str1.1
                0x080026d8       0x25 c:/arm/gcc/bin/../lib/gcc/arm-none-eabi/5.4.1/../../../../arm-none-eabi/lib/armv6-m\libg_nano.a(lib_a-utoa.o)
 .rodata.str1.1
                0x080026fd       0x11 c:/arm/gcc/bin/../lib/gcc/arm-none-eabi/5.4.1/../../../../arm-none-eabi/lib/armv6-m\libg_nano.a(lib_a-nano-svfprintf.o)
 .rodata.str1.1
                0x0800270e       0x22 c:/arm/gcc/bin/../lib/gcc/arm-none-eabi/5.4.1/../../../../arm-none-eabi/lib/armv6-m\libg_nano.a(lib_a-nano-vfprintf_i.o)
 *(vtable)
 *(.eh_frame*)
 *(.glue_7)
 .glue_7        0x08002730        0x0 linker stubs
 *(.glue_7t)
 .glue_7t       0x08002730        0x0 linker stubs

.vfp11_veneer   0x08002730        0x0
 .vfp11_veneer  0x08002730        0x0 linker stubs

.v4_bx          0x08002730        0x0
 .v4_bx         0x08002730        0x0 linker stubs

.iplt           0x08002730        0x0
 .iplt          0x08002730        0x0 ./system/src/stm32f0xx/stm32f0xx_hal.o

.rel.dyn        0x08002730        0x0
 .rel.iplt      0x08002730        0x0 ./system/src/stm32f0xx/stm32f0xx_hal.o

.ARM.extab
 *(.ARM.extab* .gnu.linkonce.armextab.*)
                0x08002730                . = ALIGN (0x4)
                0x08002730                __exidx_start = .

.ARM.exidx
 *(.ARM.exidx* .gnu.linkonce.armexidx.*)
                0x08002730                __exidx_end = .
                0x08002730                . = ALIGN (0x4)
                0x08002730                _etext = .
                0x08002730                __etext = .

.data_CCMRAM    0x10000000        0x0 load address 0x08002730
 FILL mask 0xff
 *(.data.CCMRAM .data.CCMRAM.*)
                0x10000000                . = ALIGN (0x4)
                0x08002730                _sidata = LOADADDR (.data)

.data           0x20000000       0x78 load address 0x08002730
 FILL mask 0xff
                0x20000000                _sdata = .
                0x20000000                __data_start__ = .
 *(.data_begin .data_begin.*)
 .data_begin    0x20000000        0x4 ./system/src/newlib/_startup.o
 *(.data .data.*)
 .data.argv.4290
                0x20000004        0x8 ./system/src/newlib/_syscalls.o
 .data.SystemCoreClock
                0x2000000c        0x4 ./system/src/cmsis/system_stm32f0xx.o
                0x2000000c                SystemCoreClock
 .data.impure_data
                0x20000010       0x60 c:/arm/gcc/bin/../lib/gcc/arm-none-eabi/5.4.1/../../../../arm-none-eabi/lib/armv6-m\libg_nano.a(lib_a-impure.o)
 .data._impure_ptr
                0x20000070        0x4 c:/arm/gcc/bin/../lib/gcc/arm-none-eabi/5.4.1/../../../../arm-none-eabi/lib/armv6-m\libg_nano.a(lib_a-impure.o)
                0x20000070                _impure_ptr
 *(.data_end .data_end.*)
 .data_end      0x20000074        0x4 ./system/src/newlib/_startup.o
                0x20000078                . = ALIGN (0x4)
                0x20000078                _edata = .
                0x20000078                __data_end__ = .

.igot.plt       0x20000078        0x0 load address 0x080027a8
 .igot.plt      0x20000078        0x0 ./system/src/stm32f0xx/stm32f0xx_hal.o

.bss_CCMRAM     0x10000000        0x0
 *(.bss.CCMRAM .bss.CCMRAM.*)

.bss            0x20000078       0xec
                0x20000078                __bss_start__ = .
                0x20000078                _sbss = .
 *(.bss_begin .bss_begin.*)
 .bss_begin     0x20000078        0x4 ./system/src/newlib/_startup.o
 *(.bss .bss.*)
 .bss.current_heap_end.3974
                0x2000007c        0x4 ./system/src/newlib/_sbrk.o
 .bss.name.4289
                0x20000080        0x1 ./system/src/newlib/_syscalls.o
 *fill*         0x20000081        0x3 
 .bss.buf.5179  0x20000084       0x80 ./system/src/diag/Trace.o
 .bss.__malloc_sbrk_start
                0x20000104        0x4 c:/arm/gcc/bin/../lib/gcc/arm-none-eabi/5.4.1/../../../../arm-none-eabi/lib/armv6-m\libg_nano.a(lib_a-nano-mallocr.o)
                0x20000104                __malloc_sbrk_start
 .bss.__malloc_free_list
                0x20000108        0x4 c:/arm/gcc/bin/../lib/gcc/arm-none-eabi/5.4.1/../../../../arm-none-eabi/lib/armv6-m\libg_nano.a(lib_a-nano-mallocr.o)
                0x20000108                __malloc_free_list
 *(COMMON)
 COMMON         0x2000010c        0x4 ./system/src/stm32f0xx/stm32f0xx_hal.o
                0x2000010c                uwTick
 COMMON         0x20000110        0x4 ./system/src/newlib/_syscalls.o
                0x20000110                errno
 COMMON         0x20000114       0x4c ./src/adc.o
                0x20000114                hadc
 *(.bss_end .bss_end.*)
 .bss_end       0x20000160        0x4 ./system/src/newlib/_startup.o
                0x20000164                . = ALIGN (0x4)
                0x20000164                __bss_end__ = .
                0x20000164                _ebss = .

.noinit_CCMRAM
 *(.noinit.CCMRAM .noinit.CCMRAM.*)

.noinit         0x20000164        0x0
                0x20000164                _noinit = .
 *(.noinit .noinit.*)
                0x20000164                . = ALIGN (0x4)
                0x20000164                _end_noinit = .
                [!provide]                PROVIDE (end, _end_noinit)
                [!provide]                PROVIDE (_end, _end_noinit)
                [!provide]                PROVIDE (__end, _end_noinit)
                [!provide]                PROVIDE (__end__, _end_noinit)

._check_stack   0x20000164      0x100
                0x20000264                . = (. + _Minimum_Stack_Size)
 *fill*         0x20000164      0x100 

.b1text
 *(.b1text)
 *(.b1rodata)
 *(.b1rodata.*)

.eb0text
 *(.eb0text)
 *(.eb0rodata)
 *(.eb0rodata.*)

.eb1text
 *(.eb1text)
 *(.eb1rodata)
 *(.eb1rodata.*)

.eb2text
 *(.eb2text)
 *(.eb2rodata)
 *(.eb2rodata.*)

.eb3text
 *(.eb3text)
 *(.eb3rodata)
 *(.eb3rodata.*)

.stab
 *(.stab)

.stabstr
 *(.stabstr)

.stab.excl
 *(.stab.excl)

.stab.exclstr
 *(.stab.exclstr)

.stab.index
 *(.stab.index)

.stab.indexstr
 *(.stab.indexstr)

.comment        0x00000000       0x6e
 *(.comment)
 .comment       0x00000000       0x6e ./system/src/stm32f0xx/stm32f0xx_hal.o
                                 0x6f (size before relaxing)
 .comment       0x0000006e       0x6f ./system/src/stm32f0xx/stm32f0xx_hal_adc.o
 .comment       0x0000006e       0x6f ./system/src/stm32f0xx/stm32f0xx_hal_cortex.o
 .comment       0x0000006e       0x6f ./system/src/stm32f0xx/stm32f0xx_hal_gpio.o
 .comment       0x0000006e       0x6f ./system/src/stm32f0xx/stm32f0xx_hal_rcc.o
 .comment       0x0000006e       0x6f ./system/src/newlib/_exit.o
 .comment       0x0000006e       0x6f ./system/src/newlib/_sbrk.o
 .comment       0x0000006e       0x6f ./system/src/newlib/_startup.o
 .comment       0x0000006e       0x6f ./system/src/newlib/_syscalls.o
 .comment       0x0000006e       0x6f ./system/src/diag/Trace.o
 .comment       0x0000006e       0x6f ./system/src/diag/trace_impl.o
 .comment       0x0000006e       0x6f ./system/src/cortexm/_initialize_hardware.o
 .comment       0x0000006e       0x6f ./system/src/cortexm/exception_handlers.o
 .comment       0x0000006e       0x6f ./system/src/cmsis/system_stm32f0xx.o
 .comment       0x0000006e       0x6f ./src/adc.o
 .comment       0x0000006e       0x6f ./src/gpio.o
 .comment       0x0000006e       0x6f ./src/main.o
 .comment       0x0000006e       0x6f ./src/stm32f0xx_hal_msp.o
 .comment       0x0000006e       0x6f ./src/stm32f0xx_it.o

.ARM.attributes
                0x00000000       0x2f
 .ARM.attributes
                0x00000000       0x31 ./system/src/stm32f0xx/stm32f0xx_hal.o
 .ARM.attributes
                0x00000031       0x31 ./system/src/stm32f0xx/stm32f0xx_hal_adc.o
 .ARM.attributes
                0x00000062       0x31 ./system/src/stm32f0xx/stm32f0xx_hal_cortex.o
 .ARM.attributes
                0x00000093       0x31 ./system/src/stm32f0xx/stm32f0xx_hal_gpio.o
 .ARM.attributes
                0x000000c4       0x31 ./system/src/stm32f0xx/stm32f0xx_hal_rcc.o
 .ARM.attributes
                0x000000f5       0x31 ./system/src/newlib/_exit.o
 .ARM.attributes
                0x00000126       0x31 ./system/src/newlib/_sbrk.o
 .ARM.attributes
                0x00000157       0x31 ./system/src/newlib/_startup.o
 .ARM.attributes
                0x00000188       0x31 ./system/src/newlib/_syscalls.o
 .ARM.attributes
                0x000001b9       0x31 ./system/src/diag/Trace.o
 .ARM.attributes
                0x000001ea       0x31 ./system/src/diag/trace_impl.o
 .ARM.attributes
                0x0000021b       0x31 ./system/src/cortexm/_initialize_hardware.o
 .ARM.attributes
                0x0000024c       0x31 ./system/src/cortexm/exception_handlers.o
 .ARM.attributes
                0x0000027d       0x21 ./system/src/cmsis/startup_stm32f051x8.o
 .ARM.attributes
                0x0000029e       0x31 ./system/src/cmsis/system_stm32f0xx.o
 .ARM.attributes
                0x000002cf       0x31 ./src/adc.o
 .ARM.attributes
                0x00000300       0x31 ./src/gpio.o
 .ARM.attributes
                0x00000331       0x31 ./src/main.o
 .ARM.attributes
                0x00000362       0x31 ./src/stm32f0xx_hal_msp.o
 .ARM.attributes
                0x00000393       0x31 ./src/stm32f0xx_it.o
 .ARM.attributes
                0x000003c4       0x1e c:/arm/gcc/bin/../lib/gcc/arm-none-eabi/5.4.1/armv6-m\libgcc.a(_udivsi3.o)
 .ARM.attributes
                0x000003e2       0x1e c:/arm/gcc/bin/../lib/gcc/arm-none-eabi/5.4.1/armv6-m\libgcc.a(_dvmd_tls.o)
 .ARM.attributes
                0x00000400       0x1e c:/arm/gcc/bin/../lib/gcc/arm-none-eabi/5.4.1/armv6-m\libgcc.a(_arm_cmpsf2.o)
 .ARM.attributes
                0x0000041e       0x2c c:/arm/gcc/bin/../lib/gcc/arm-none-eabi/5.4.1/armv6-m\libgcc.a(divsf3.o)
 .ARM.attributes
                0x0000044a       0x2c c:/arm/gcc/bin/../lib/gcc/arm-none-eabi/5.4.1/armv6-m\libgcc.a(eqsf2.o)
 .ARM.attributes
                0x00000476       0x2c c:/arm/gcc/bin/../lib/gcc/arm-none-eabi/5.4.1/armv6-m\libgcc.a(gesf2.o)
 .ARM.attributes
                0x000004a2       0x2c c:/arm/gcc/bin/../lib/gcc/arm-none-eabi/5.4.1/armv6-m\libgcc.a(lesf2.o)
 .ARM.attributes
                0x000004ce       0x2c c:/arm/gcc/bin/../lib/gcc/arm-none-eabi/5.4.1/armv6-m\libgcc.a(fixsfsi.o)
 .ARM.attributes
                0x000004fa       0x2c c:/arm/gcc/bin/../lib/gcc/arm-none-eabi/5.4.1/armv6-m\libgcc.a(floatsisf.o)
 .ARM.attributes
                0x00000526       0x2c c:/arm/gcc/bin/../lib/gcc/arm-none-eabi/5.4.1/armv6-m\libgcc.a(floatunsisf.o)
 .ARM.attributes
                0x00000552       0x1e c:/arm/gcc/bin/../lib/gcc/arm-none-eabi/5.4.1/armv6-m\libgcc.a(_clzsi2.o)
 .ARM.attributes
                0x00000570       0x2c c:/arm/gcc/bin/../lib/gcc/arm-none-eabi/5.4.1/../../../../arm-none-eabi/lib/armv6-m\libg_nano.a(lib_a-errno.o)
 .ARM.attributes
                0x0000059c       0x2c c:/arm/gcc/bin/../lib/gcc/arm-none-eabi/5.4.1/../../../../arm-none-eabi/lib/armv6-m\libg_nano.a(lib_a-impure.o)
 .ARM.attributes
                0x000005c8       0x2c c:/arm/gcc/bin/../lib/gcc/arm-none-eabi/5.4.1/../../../../arm-none-eabi/lib/armv6-m\libg_nano.a(lib_a-itoa.o)
 .ARM.attributes
                0x000005f4       0x2c c:/arm/gcc/bin/../lib/gcc/arm-none-eabi/5.4.1/../../../../arm-none-eabi/lib/armv6-m\libg_nano.a(lib_a-memcpy-stub.o)
 .ARM.attributes
                0x00000620       0x2c c:/arm/gcc/bin/../lib/gcc/arm-none-eabi/5.4.1/../../../../arm-none-eabi/lib/armv6-m\libg_nano.a(lib_a-utoa.o)
 .ARM.attributes
                0x0000064c       0x2c c:/arm/gcc/bin/../lib/gcc/arm-none-eabi/5.4.1/../../../../arm-none-eabi/lib/armv6-m\libg_nano.a(lib_a-vsnprintf.o)
 .ARM.attributes
                0x00000678       0x2c c:/arm/gcc/bin/../lib/gcc/arm-none-eabi/5.4.1/../../../../arm-none-eabi/lib/armv6-m\libg_nano.a(lib_a-nano-svfprintf.o)
 .ARM.attributes
                0x000006a4       0x2c c:/arm/gcc/bin/../lib/gcc/arm-none-eabi/5.4.1/../../../../arm-none-eabi/lib/armv6-m\libg_nano.a(lib_a-nano-vfprintf_i.o)
 .ARM.attributes
                0x000006d0       0x2c c:/arm/gcc/bin/../lib/gcc/arm-none-eabi/5.4.1/../../../../arm-none-eabi/lib/armv6-m\libg_nano.a(lib_a-memchr-stub.o)
 .ARM.attributes
                0x000006fc       0x2c c:/arm/gcc/bin/../lib/gcc/arm-none-eabi/5.4.1/../../../../arm-none-eabi/lib/armv6-m\libg_nano.a(lib_a-memmove.o)
 .ARM.attributes
                0x00000728       0x2c c:/arm/gcc/bin/../lib/gcc/arm-none-eabi/5.4.1/../../../../arm-none-eabi/lib/armv6-m\libg_nano.a(lib_a-nano-freer.o)
 .ARM.attributes
                0x00000754       0x2c c:/arm/gcc/bin/../lib/gcc/arm-none-eabi/5.4.1/../../../../arm-none-eabi/lib/armv6-m\libg_nano.a(lib_a-nano-mallocr.o)
 .ARM.attributes
                0x00000780       0x2c c:/arm/gcc/bin/../lib/gcc/arm-none-eabi/5.4.1/../../../../arm-none-eabi/lib/armv6-m\libg_nano.a(lib_a-nano-reallocr.o)
 .ARM.attributes
                0x000007ac       0x2c c:/arm/gcc/bin/../lib/gcc/arm-none-eabi/5.4.1/../../../../arm-none-eabi/lib/armv6-m\libg_nano.a(lib_a-sbrkr.o)
 .ARM.attributes
                0x000007d8       0x2c c:/arm/gcc/bin/../lib/gcc/arm-none-eabi/5.4.1/../../../../arm-none-eabi/lib/armv6-m\libg_nano.a(lib_a-mlock.o)
 .ARM.attributes
                0x00000804       0x2c c:/arm/gcc/bin/../lib/gcc/arm-none-eabi/5.4.1/../../../../arm-none-eabi/lib/armv6-m\libg_nano.a(lib_a-nano-msizer.o)

.debug
 *(.debug)

.line
 *(.line)

.debug_srcinfo
 *(.debug_srcinfo)

.debug_sfnames
 *(.debug_sfnames)

.debug_aranges  0x00000000      0x598
 *(.debug_aranges)
 .debug_aranges
                0x00000000       0xa0 ./system/src/stm32f0xx/stm32f0xx_hal.o
 .debug_aranges
                0x000000a0       0xf8 ./system/src/stm32f0xx/stm32f0xx_hal_adc.o
 .debug_aranges
                0x00000198       0x78 ./system/src/stm32f0xx/stm32f0xx_hal_cortex.o
 .debug_aranges
                0x00000210       0x58 ./system/src/stm32f0xx/stm32f0xx_hal_gpio.o
 .debug_aranges
                0x00000268       0x80 ./system/src/stm32f0xx/stm32f0xx_hal_rcc.o
 .debug_aranges
                0x000002e8       0x28 ./system/src/newlib/_exit.o
 .debug_aranges
                0x00000310       0x20 ./system/src/newlib/_sbrk.o
 .debug_aranges
                0x00000330       0x40 ./system/src/newlib/_startup.o
 .debug_aranges
                0x00000370       0x30 ./system/src/newlib/_syscalls.o
 .debug_aranges
                0x000003a0       0x38 ./system/src/diag/Trace.o
 .debug_aranges
                0x000003d8       0x30 ./system/src/diag/trace_impl.o
 .debug_aranges
                0x00000408       0x28 ./system/src/cortexm/_initialize_hardware.o
 .debug_aranges
                0x00000430       0x58 ./system/src/cortexm/exception_handlers.o
 .debug_aranges
                0x00000488       0x28 ./system/src/cmsis/startup_stm32f051x8.o
 .debug_aranges
                0x000004b0       0x28 ./system/src/cmsis/system_stm32f0xx.o
 .debug_aranges
                0x000004d8       0x30 ./src/adc.o
 .debug_aranges
                0x00000508       0x20 ./src/gpio.o
 .debug_aranges
                0x00000528       0x30 ./src/main.o
 .debug_aranges
                0x00000558       0x20 ./src/stm32f0xx_hal_msp.o
 .debug_aranges
                0x00000578       0x20 ./src/stm32f0xx_it.o

.debug_pubnames
 *(.debug_pubnames)

.debug_info     0x00000000     0x5749
 *(.debug_info .gnu.linkonce.wi.*)
 .debug_info    0x00000000      0x5a6 ./system/src/stm32f0xx/stm32f0xx_hal.o
 .debug_info    0x000005a6      0xdff ./system/src/stm32f0xx/stm32f0xx_hal_adc.o
 .debug_info    0x000013a5      0x765 ./system/src/stm32f0xx/stm32f0xx_hal_cortex.o
 .debug_info    0x00001b0a      0x5d2 ./system/src/stm32f0xx/stm32f0xx_hal_gpio.o
 .debug_info    0x000020dc      0x989 ./system/src/stm32f0xx/stm32f0xx_hal_rcc.o
 .debug_info    0x00002a65       0xef ./system/src/newlib/_exit.o
 .debug_info    0x00002b54      0x11f ./system/src/newlib/_sbrk.o
 .debug_info    0x00002c73      0x454 ./system/src/newlib/_startup.o
 .debug_info    0x000030c7      0x1c7 ./system/src/newlib/_syscalls.o
 .debug_info    0x0000328e      0x2e7 ./system/src/diag/Trace.o
 .debug_info    0x00003575      0x2ea ./system/src/diag/trace_impl.o
 .debug_info    0x0000385f       0xcb ./system/src/cortexm/_initialize_hardware.o
 .debug_info    0x0000392a      0x327 ./system/src/cortexm/exception_handlers.o
 .debug_info    0x00003c51       0x82 ./system/src/cmsis/startup_stm32f051x8.o
 .debug_info    0x00003cd3      0x227 ./system/src/cmsis/system_stm32f0xx.o
 .debug_info    0x00003efa      0x6bb ./src/adc.o
 .debug_info    0x000045b5      0x345 ./src/gpio.o
 .debug_info    0x000048fa      0xabf ./src/main.o
 .debug_info    0x000053b9      0x2cc ./src/stm32f0xx_hal_msp.o
 .debug_info    0x00005685       0xc4 ./src/stm32f0xx_it.o

.debug_abbrev   0x00000000     0x1a5c
 *(.debug_abbrev)
 .debug_abbrev  0x00000000      0x1f7 ./system/src/stm32f0xx/stm32f0xx_hal.o
 .debug_abbrev  0x000001f7      0x249 ./system/src/stm32f0xx/stm32f0xx_hal_adc.o
 .debug_abbrev  0x00000440      0x257 ./system/src/stm32f0xx/stm32f0xx_hal_cortex.o
 .debug_abbrev  0x00000697      0x1d4 ./system/src/stm32f0xx/stm32f0xx_hal_gpio.o
 .debug_abbrev  0x0000086b      0x231 ./system/src/stm32f0xx/stm32f0xx_hal_rcc.o
 .debug_abbrev  0x00000a9c       0x8e ./system/src/newlib/_exit.o
 .debug_abbrev  0x00000b2a       0xb9 ./system/src/newlib/_sbrk.o
 .debug_abbrev  0x00000be3      0x1ac ./system/src/newlib/_startup.o
 .debug_abbrev  0x00000d8f       0xec ./system/src/newlib/_syscalls.o
 .debug_abbrev  0x00000e7b      0x156 ./system/src/diag/Trace.o
 .debug_abbrev  0x00000fd1      0x1ae ./system/src/diag/trace_impl.o
 .debug_abbrev  0x0000117f       0x63 ./system/src/cortexm/_initialize_hardware.o
 .debug_abbrev  0x000011e2      0x15c ./system/src/cortexm/exception_handlers.o
 .debug_abbrev  0x0000133e       0x12 ./system/src/cmsis/startup_stm32f051x8.o
 .debug_abbrev  0x00001350       0xf3 ./system/src/cmsis/system_stm32f0xx.o
 .debug_abbrev  0x00001443      0x195 ./src/adc.o
 .debug_abbrev  0x000015d8      0x137 ./src/gpio.o
 .debug_abbrev  0x0000170f      0x1d6 ./src/main.o
 .debug_abbrev  0x000018e5      0x103 ./src/stm32f0xx_hal_msp.o
 .debug_abbrev  0x000019e8       0x74 ./src/stm32f0xx_it.o

.debug_line     0x00000000     0x571d
 *(.debug_line)
 .debug_line    0x00000000      0x63c ./system/src/stm32f0xx/stm32f0xx_hal.o
 .debug_line    0x0000063c      0xa4b ./system/src/stm32f0xx/stm32f0xx_hal_adc.o
 .debug_line    0x00001087      0x65a ./system/src/stm32f0xx/stm32f0xx_hal_cortex.o
 .debug_line    0x000016e1      0x644 ./system/src/stm32f0xx/stm32f0xx_hal_gpio.o
 .debug_line    0x00001d25      0x792 ./system/src/stm32f0xx/stm32f0xx_hal_rcc.o
 .debug_line    0x000024b7      0x284 ./system/src/newlib/_exit.o
 .debug_line    0x0000273b      0x235 ./system/src/newlib/_sbrk.o
 .debug_line    0x00002970      0x2ec ./system/src/newlib/_startup.o
 .debug_line    0x00002c5c      0x324 ./system/src/newlib/_syscalls.o
 .debug_line    0x00002f80      0x2f1 ./system/src/diag/Trace.o
 .debug_line    0x00003271      0x37f ./system/src/diag/trace_impl.o
 .debug_line    0x000035f0      0x15d ./system/src/cortexm/_initialize_hardware.o
 .debug_line    0x0000374d      0x3cf ./system/src/cortexm/exception_handlers.o
 .debug_line    0x00003b1c       0x8c ./system/src/cmsis/startup_stm32f051x8.o
 .debug_line    0x00003ba8      0x161 ./system/src/cmsis/system_stm32f0xx.o
 .debug_line    0x00003d09      0x538 ./src/adc.o
 .debug_line    0x00004241      0x50b ./src/gpio.o
 .debug_line    0x0000474c      0x5ba ./src/main.o
 .debug_line    0x00004d06      0x506 ./src/stm32f0xx_hal_msp.o
 .debug_line    0x0000520c      0x511 ./src/stm32f0xx_it.o

.debug_frame    0x00000000      0xfa0
 *(.debug_frame)
 .debug_frame   0x00000000      0x144 ./system/src/stm32f0xx/stm32f0xx_hal.o
 .debug_frame   0x00000144      0x2a0 ./system/src/stm32f0xx/stm32f0xx_hal_adc.o
 .debug_frame   0x000003e4       0xe4 ./system/src/stm32f0xx/stm32f0xx_hal_cortex.o
 .debug_frame   0x000004c8       0xcc ./system/src/stm32f0xx/stm32f0xx_hal_gpio.o
 .debug_frame   0x00000594      0x12c ./system/src/stm32f0xx/stm32f0xx_hal_rcc.o
 .debug_frame   0x000006c0       0x38 ./system/src/newlib/_exit.o
 .debug_frame   0x000006f8       0x28 ./system/src/newlib/_sbrk.o
 .debug_frame   0x00000720       0x80 ./system/src/newlib/_startup.o
 .debug_frame   0x000007a0       0x50 ./system/src/newlib/_syscalls.o
 .debug_frame   0x000007f0       0x78 ./system/src/diag/Trace.o
 .debug_frame   0x00000868       0x60 ./system/src/diag/trace_impl.o
 .debug_frame   0x000008c8       0x40 ./system/src/cortexm/_initialize_hardware.o
 .debug_frame   0x00000908       0xb0 ./system/src/cortexm/exception_handlers.o
 .debug_frame   0x000009b8       0x38 ./system/src/cmsis/system_stm32f0xx.o
 .debug_frame   0x000009f0       0x4c ./src/adc.o
 .debug_frame   0x00000a3c       0x30 ./src/gpio.o
 .debug_frame   0x00000a6c       0x58 ./src/main.o
 .debug_frame   0x00000ac4       0x28 ./src/stm32f0xx_hal_msp.o
 .debug_frame   0x00000aec       0x28 ./src/stm32f0xx_it.o
 .debug_frame   0x00000b14       0x20 c:/arm/gcc/bin/../lib/gcc/arm-none-eabi/5.4.1/armv6-m\libgcc.a(_udivsi3.o)
 .debug_frame   0x00000b34       0x3c c:/arm/gcc/bin/../lib/gcc/arm-none-eabi/5.4.1/armv6-m\libgcc.a(divsf3.o)
 .debug_frame   0x00000b70       0x2c c:/arm/gcc/bin/../lib/gcc/arm-none-eabi/5.4.1/armv6-m\libgcc.a(eqsf2.o)
 .debug_frame   0x00000b9c       0x30 c:/arm/gcc/bin/../lib/gcc/arm-none-eabi/5.4.1/armv6-m\libgcc.a(gesf2.o)
 .debug_frame   0x00000bcc       0x30 c:/arm/gcc/bin/../lib/gcc/arm-none-eabi/5.4.1/armv6-m\libgcc.a(lesf2.o)
 .debug_frame   0x00000bfc       0x20 c:/arm/gcc/bin/../lib/gcc/arm-none-eabi/5.4.1/armv6-m\libgcc.a(fixsfsi.o)
 .debug_frame   0x00000c1c       0x2c c:/arm/gcc/bin/../lib/gcc/arm-none-eabi/5.4.1/armv6-m\libgcc.a(floatsisf.o)
 .debug_frame   0x00000c48       0x2c c:/arm/gcc/bin/../lib/gcc/arm-none-eabi/5.4.1/armv6-m\libgcc.a(floatunsisf.o)
 .debug_frame   0x00000c74       0x20 c:/arm/gcc/bin/../lib/gcc/arm-none-eabi/5.4.1/../../../../arm-none-eabi/lib/armv6-m\libg_nano.a(lib_a-errno.o)
 .debug_frame   0x00000c94       0x40 c:/arm/gcc/bin/../lib/gcc/arm-none-eabi/5.4.1/../../../../arm-none-eabi/lib/armv6-m\libg_nano.a(lib_a-itoa.o)
 .debug_frame   0x00000cd4       0x28 c:/arm/gcc/bin/../lib/gcc/arm-none-eabi/5.4.1/../../../../arm-none-eabi/lib/armv6-m\libg_nano.a(lib_a-memcpy-stub.o)
 .debug_frame   0x00000cfc       0x48 c:/arm/gcc/bin/../lib/gcc/arm-none-eabi/5.4.1/../../../../arm-none-eabi/lib/armv6-m\libg_nano.a(lib_a-utoa.o)
 .debug_frame   0x00000d44       0x48 c:/arm/gcc/bin/../lib/gcc/arm-none-eabi/5.4.1/../../../../arm-none-eabi/lib/armv6-m\libg_nano.a(lib_a-vsnprintf.o)
 .debug_frame   0x00000d8c       0x74 c:/arm/gcc/bin/../lib/gcc/arm-none-eabi/5.4.1/../../../../arm-none-eabi/lib/armv6-m\libg_nano.a(lib_a-nano-svfprintf.o)
 .debug_frame   0x00000e00       0x54 c:/arm/gcc/bin/../lib/gcc/arm-none-eabi/5.4.1/../../../../arm-none-eabi/lib/armv6-m\libg_nano.a(lib_a-nano-vfprintf_i.o)
 .debug_frame   0x00000e54       0x20 c:/arm/gcc/bin/../lib/gcc/arm-none-eabi/5.4.1/../../../../arm-none-eabi/lib/armv6-m\libg_nano.a(lib_a-memchr-stub.o)
 .debug_frame   0x00000e74       0x28 c:/arm/gcc/bin/../lib/gcc/arm-none-eabi/5.4.1/../../../../arm-none-eabi/lib/armv6-m\libg_nano.a(lib_a-memmove.o)
 .debug_frame   0x00000e9c       0x2c c:/arm/gcc/bin/../lib/gcc/arm-none-eabi/5.4.1/../../../../arm-none-eabi/lib/armv6-m\libg_nano.a(lib_a-nano-freer.o)
 .debug_frame   0x00000ec8       0x2c c:/arm/gcc/bin/../lib/gcc/arm-none-eabi/5.4.1/../../../../arm-none-eabi/lib/armv6-m\libg_nano.a(lib_a-nano-mallocr.o)
 .debug_frame   0x00000ef4       0x30 c:/arm/gcc/bin/../lib/gcc/arm-none-eabi/5.4.1/../../../../arm-none-eabi/lib/armv6-m\libg_nano.a(lib_a-nano-reallocr.o)
 .debug_frame   0x00000f24       0x2c c:/arm/gcc/bin/../lib/gcc/arm-none-eabi/5.4.1/../../../../arm-none-eabi/lib/armv6-m\libg_nano.a(lib_a-sbrkr.o)
 .debug_frame   0x00000f50       0x30 c:/arm/gcc/bin/../lib/gcc/arm-none-eabi/5.4.1/../../../../arm-none-eabi/lib/armv6-m\libg_nano.a(lib_a-mlock.o)
 .debug_frame   0x00000f80       0x20 c:/arm/gcc/bin/../lib/gcc/arm-none-eabi/5.4.1/../../../../arm-none-eabi/lib/armv6-m\libg_nano.a(lib_a-nano-msizer.o)

.debug_str      0x00000000    0x65a71
 *(.debug_str)
 .debug_str     0x00000000    0x61e53 ./system/src/stm32f0xx/stm32f0xx_hal.o
                              0x62268 (size before relaxing)
 .debug_str     0x00061e53      0x6f9 ./system/src/stm32f0xx/stm32f0xx_hal_adc.o
                              0x62477 (size before relaxing)
 .debug_str     0x0006254c      0x19e ./system/src/stm32f0xx/stm32f0xx_hal_cortex.o
                              0x62138 (size before relaxing)
 .debug_str     0x000626ea      0x285 ./system/src/stm32f0xx/stm32f0xx_hal_gpio.o
                              0x61ff7 (size before relaxing)
 .debug_str     0x0006296f      0x343 ./system/src/stm32f0xx/stm32f0xx_hal_rcc.o
                              0x6219d (size before relaxing)
 .debug_str     0x00062cb2     0x10b6 ./system/src/newlib/_exit.o
                               0x6d20 (size before relaxing)
 .debug_str     0x00063d68      0x4de ./system/src/newlib/_sbrk.o
                               0x610b (size before relaxing)
 .debug_str     0x00064246      0x266 ./system/src/newlib/_startup.o
                               0x5cc0 (size before relaxing)
 .debug_str     0x000644ac      0xe18 ./system/src/newlib/_syscalls.o
                               0x6f6b (size before relaxing)
 .debug_str     0x000652c4      0x176 ./system/src/diag/Trace.o
                               0x7510 (size before relaxing)
 .debug_str     0x0006543a      0x373 ./system/src/diag/trace_impl.o
                              0x383e7 (size before relaxing)
 .debug_str     0x000657ad       0x4e ./system/src/cortexm/_initialize_hardware.o
                              0x34522 (size before relaxing)
 .debug_str     0x000657fb      0x109 ./system/src/cortexm/exception_handlers.o
                              0x38e3b (size before relaxing)
 .debug_str     0x00065904       0x46 ./system/src/cmsis/system_stm32f0xx.o
                              0x345eb (size before relaxing)
 .debug_str     0x0006594a       0x3a ./src/adc.o
                              0x62134 (size before relaxing)
 .debug_str     0x00065984       0x35 ./src/gpio.o
                              0x61deb (size before relaxing)
 .debug_str     0x000659b9       0x75 ./src/main.o
                              0x6356a (size before relaxing)
 .debug_str     0x00065a2e       0x1b ./src/stm32f0xx_hal_msp.o
                              0x61f03 (size before relaxing)
 .debug_str     0x00065a49       0x28 ./src/stm32f0xx_it.o
                              0x61d0c (size before relaxing)

.debug_loc      0x00000000     0x1ea4
 *(.debug_loc)
 .debug_loc     0x00000000       0x6a ./system/src/stm32f0xx/stm32f0xx_hal.o
 .debug_loc     0x0000006a      0xbcc ./system/src/stm32f0xx/stm32f0xx_hal_adc.o
 .debug_loc     0x00000c36      0x39b ./system/src/stm32f0xx/stm32f0xx_hal_cortex.o
 .debug_loc     0x00000fd1      0x2bc ./system/src/stm32f0xx/stm32f0xx_hal_gpio.o
 .debug_loc     0x0000128d      0x4c4 ./system/src/stm32f0xx/stm32f0xx_hal_rcc.o
 .debug_loc     0x00001751       0x7b ./system/src/newlib/_sbrk.o
 .debug_loc     0x000017cc      0x265 ./system/src/newlib/_startup.o
 .debug_loc     0x00001a31       0x63 ./system/src/newlib/_syscalls.o
 .debug_loc     0x00001a94      0x102 ./system/src/diag/Trace.o
 .debug_loc     0x00001b96      0x17c ./system/src/diag/trace_impl.o
 .debug_loc     0x00001d12       0x94 ./system/src/cortexm/exception_handlers.o
 .debug_loc     0x00001da6       0xfe ./system/src/cmsis/system_stm32f0xx.o

.debug_macinfo
 *(.debug_macinfo)

.debug_weaknames
 *(.debug_weaknames)

.debug_funcnames
 *(.debug_funcnames)

.debug_typenames
 *(.debug_typenames)

.debug_varnames
 *(.debug_varnames)
OUTPUT(internal_reference_voltage.elf elf32-littlearm)

.debug_ranges   0x00000000      0x4a8
 .debug_ranges  0x00000000       0x90 ./system/src/stm32f0xx/stm32f0xx_hal.o
 .debug_ranges  0x00000090       0xe8 ./system/src/stm32f0xx/stm32f0xx_hal_adc.o
 .debug_ranges  0x00000178       0x68 ./system/src/stm32f0xx/stm32f0xx_hal_cortex.o
 .debug_ranges  0x000001e0       0x48 ./system/src/stm32f0xx/stm32f0xx_hal_gpio.o
 .debug_ranges  0x00000228       0x88 ./system/src/stm32f0xx/stm32f0xx_hal_rcc.o
 .debug_ranges  0x000002b0       0x18 ./system/src/newlib/_exit.o
 .debug_ranges  0x000002c8       0x10 ./system/src/newlib/_sbrk.o
 .debug_ranges  0x000002d8       0x48 ./system/src/newlib/_startup.o
 .debug_ranges  0x00000320       0x20 ./system/src/newlib/_syscalls.o
 .debug_ranges  0x00000340       0x28 ./system/src/diag/Trace.o
 .debug_ranges  0x00000368       0x38 ./system/src/diag/trace_impl.o
 .debug_ranges  0x000003a0       0x18 ./system/src/cortexm/_initialize_hardware.o
 .debug_ranges  0x000003b8       0x48 ./system/src/cortexm/exception_handlers.o
 .debug_ranges  0x00000400       0x20 ./system/src/cmsis/startup_stm32f051x8.o
 .debug_ranges  0x00000420       0x18 ./system/src/cmsis/system_stm32f0xx.o
 .debug_ranges  0x00000438       0x20 ./src/adc.o
 .debug_ranges  0x00000458       0x10 ./src/gpio.o
 .debug_ranges  0x00000468       0x20 ./src/main.o
 .debug_ranges  0x00000488       0x10 ./src/stm32f0xx_hal_msp.o
 .debug_ranges  0x00000498       0x10 ./src/stm32f0xx_it.o

.debug_macro    0x00000000    0x13153
 .debug_macro   0x00000000      0x2fd ./system/src/stm32f0xx/stm32f0xx_hal.o
 .debug_macro   0x000002fd      0x82c ./system/src/stm32f0xx/stm32f0xx_hal.o
 .debug_macro   0x00000b29       0x46 ./system/src/stm32f0xx/stm32f0xx_hal.o
 .debug_macro   0x00000b6f       0x9e ./system/src/stm32f0xx/stm32f0xx_hal.o
 .debug_macro   0x00000c0d       0x2e ./system/src/stm32f0xx/stm32f0xx_hal.o
 .debug_macro   0x00000c3b       0x22 ./system/src/stm32f0xx/stm32f0xx_hal.o
 .debug_macro   0x00000c5d      0x34e ./system/src/stm32f0xx/stm32f0xx_hal.o
 .debug_macro   0x00000fab       0x34 ./system/src/stm32f0xx/stm32f0xx_hal.o
 .debug_macro   0x00000fdf       0x26 ./system/src/stm32f0xx/stm32f0xx_hal.o
 .debug_macro   0x00001005      0x30d ./system/src/stm32f0xx/stm32f0xx_hal.o
 .debug_macro   0x00001312     0x8ba9 ./system/src/stm32f0xx/stm32f0xx_hal.o
 .debug_macro   0x00009ebb       0x3c ./system/src/stm32f0xx/stm32f0xx_hal.o
 .debug_macro   0x00009ef7     0x3408 ./system/src/stm32f0xx/stm32f0xx_hal.o
 .debug_macro   0x0000d2ff       0x22 ./system/src/stm32f0xx/stm32f0xx_hal.o
 .debug_macro   0x0000d321       0x4c ./system/src/stm32f0xx/stm32f0xx_hal.o
 .debug_macro   0x0000d36d       0x8d ./system/src/stm32f0xx/stm32f0xx_hal.o
 .debug_macro   0x0000d3fa       0x35 ./system/src/stm32f0xx/stm32f0xx_hal.o
 .debug_macro   0x0000d42f       0x9c ./system/src/stm32f0xx/stm32f0xx_hal.o
 .debug_macro   0x0000d4cb       0x16 ./system/src/stm32f0xx/stm32f0xx_hal.o
 .debug_macro   0x0000d4e1       0x4a ./system/src/stm32f0xx/stm32f0xx_hal.o
 .debug_macro   0x0000d52b       0x97 ./system/src/stm32f0xx/stm32f0xx_hal.o
 .debug_macro   0x0000d5c2      0x30d ./system/src/stm32f0xx/stm32f0xx_hal.o
 .debug_macro   0x0000d8cf       0xfd ./system/src/stm32f0xx/stm32f0xx_hal.o
 .debug_macro   0x0000d9cc       0x10 ./system/src/stm32f0xx/stm32f0xx_hal.o
 .debug_macro   0x0000d9dc       0x52 ./system/src/stm32f0xx/stm32f0xx_hal.o
 .debug_macro   0x0000da2e       0x1f ./system/src/stm32f0xx/stm32f0xx_hal.o
 .debug_macro   0x0000da4d       0x43 ./system/src/stm32f0xx/stm32f0xx_hal.o
 .debug_macro   0x0000da90       0x20 ./system/src/stm32f0xx/stm32f0xx_hal.o
 .debug_macro   0x0000dab0      0x187 ./system/src/stm32f0xx/stm32f0xx_hal.o
 .debug_macro   0x0000dc37       0x10 ./system/src/stm32f0xx/stm32f0xx_hal.o
 .debug_macro   0x0000dc47       0x5e ./system/src/stm32f0xx/stm32f0xx_hal.o
 .debug_macro   0x0000dca5       0x1c ./system/src/stm32f0xx/stm32f0xx_hal.o
 .debug_macro   0x0000dcc1       0x52 ./system/src/stm32f0xx/stm32f0xx_hal.o
 .debug_macro   0x0000dd13       0x40 ./system/src/stm32f0xx/stm32f0xx_hal.o
 .debug_macro   0x0000dd53       0x10 ./system/src/stm32f0xx/stm32f0xx_hal.o
 .debug_macro   0x0000dd63       0x40 ./system/src/stm32f0xx/stm32f0xx_hal.o
 .debug_macro   0x0000dda3       0xd7 ./system/src/stm32f0xx/stm32f0xx_hal.o
 .debug_macro   0x0000de7a       0x16 ./system/src/stm32f0xx/stm32f0xx_hal.o
 .debug_macro   0x0000de90      0x18b ./system/src/stm32f0xx/stm32f0xx_hal.o
 .debug_macro   0x0000e01b       0x50 ./system/src/stm32f0xx/stm32f0xx_hal.o
 .debug_macro   0x0000e06b      0x931 ./system/src/stm32f0xx/stm32f0xx_hal.o
 .debug_macro   0x0000e99c      0x252 ./system/src/stm32f0xx/stm32f0xx_hal.o
 .debug_macro   0x0000ebee      0x13a ./system/src/stm32f0xx/stm32f0xx_hal.o
 .debug_macro   0x0000ed28      0x114 ./system/src/stm32f0xx/stm32f0xx_hal.o
 .debug_macro   0x0000ee3c      0x1ed ./system/src/stm32f0xx/stm32f0xx_hal.o
 .debug_macro   0x0000f029       0x34 ./system/src/stm32f0xx/stm32f0xx_hal.o
 .debug_macro   0x0000f05d       0x43 ./system/src/stm32f0xx/stm32f0xx_hal.o
 .debug_macro   0x0000f0a0       0x29 ./system/src/stm32f0xx/stm32f0xx_hal.o
 .debug_macro   0x0000f0c9      0x344 ./system/src/stm32f0xx/stm32f0xx_hal.o
 .debug_macro   0x0000f40d       0xd6 ./system/src/stm32f0xx/stm32f0xx_hal.o
 .debug_macro   0x0000f4e3       0xb6 ./system/src/stm32f0xx/stm32f0xx_hal.o
 .debug_macro   0x0000f599      0x199 ./system/src/stm32f0xx/stm32f0xx_hal.o
 .debug_macro   0x0000f732      0x202 ./system/src/stm32f0xx/stm32f0xx_hal.o
 .debug_macro   0x0000f934       0x61 ./system/src/stm32f0xx/stm32f0xx_hal.o
 .debug_macro   0x0000f995       0x90 ./system/src/stm32f0xx/stm32f0xx_hal.o
 .debug_macro   0x0000fa25       0x4d ./system/src/stm32f0xx/stm32f0xx_hal.o
 .debug_macro   0x0000fa72      0x114 ./system/src/stm32f0xx/stm32f0xx_hal.o
 .debug_macro   0x0000fb86      0x10d ./system/src/stm32f0xx/stm32f0xx_hal.o
 .debug_macro   0x0000fc93      0x2fd ./system/src/stm32f0xx/stm32f0xx_hal_adc.o
 .debug_macro   0x0000ff90      0x2d9 ./system/src/stm32f0xx/stm32f0xx_hal_cortex.o
 .debug_macro   0x00010269      0x312 ./system/src/stm32f0xx/stm32f0xx_hal_gpio.o
 .debug_macro   0x0001057b      0x2eb ./system/src/stm32f0xx/stm32f0xx_hal_rcc.o
 .debug_macro   0x00010866      0x19c ./system/src/newlib/_exit.o
 .debug_macro   0x00010a02      0x10e ./system/src/newlib/_exit.o
 .debug_macro   0x00010b10       0x8d ./system/src/newlib/_exit.o
 .debug_macro   0x00010b9d       0x35 ./system/src/newlib/_exit.o
 .debug_macro   0x00010bd2      0x151 ./system/src/newlib/_sbrk.o
 .debug_macro   0x00010d23      0x174 ./system/src/newlib/_sbrk.o
 .debug_macro   0x00010e97       0x10 ./system/src/newlib/_sbrk.o
 .debug_macro   0x00010ea7      0x23b ./system/src/newlib/_sbrk.o
 .debug_macro   0x000110e2      0x15b ./system/src/newlib/_startup.o
 .debug_macro   0x0001123d      0x1ff ./system/src/newlib/_syscalls.o
 .debug_macro   0x0001143c       0x1c ./system/src/newlib/_syscalls.o
 .debug_macro   0x00011458       0x10 ./system/src/newlib/_syscalls.o
 .debug_macro   0x00011468       0x10 ./system/src/newlib/_syscalls.o
 .debug_macro   0x00011478       0x10 ./system/src/newlib/_syscalls.o
 .debug_macro   0x00011488       0x35 ./system/src/newlib/_syscalls.o
 .debug_macro   0x000114bd      0x122 ./system/src/newlib/_syscalls.o
 .debug_macro   0x000115df       0x88 ./system/src/newlib/_syscalls.o
 .debug_macro   0x00011667       0x2b ./system/src/newlib/_syscalls.o
 .debug_macro   0x00011692      0x118 ./system/src/newlib/_syscalls.o
 .debug_macro   0x000117aa      0x159 ./system/src/newlib/_syscalls.o
 .debug_macro   0x00011903       0x16 ./system/src/newlib/_syscalls.o
 .debug_macro   0x00011919      0x1d9 ./system/src/diag/Trace.o
 .debug_macro   0x00011af2       0x4c ./system/src/diag/Trace.o
 .debug_macro   0x00011b3e       0x16 ./system/src/diag/Trace.o
 .debug_macro   0x00011b54      0x1e1 ./system/src/diag/trace_impl.o
 .debug_macro   0x00011d35       0x10 ./system/src/diag/trace_impl.o
 .debug_macro   0x00011d45       0xcf ./system/src/diag/trace_impl.o
 .debug_macro   0x00011e14       0xbe ./system/src/diag/trace_impl.o
 .debug_macro   0x00011ed2       0x22 ./system/src/diag/trace_impl.o
 .debug_macro   0x00011ef4       0x8a ./system/src/cortexm/_initialize_hardware.o
 .debug_macro   0x00011f7e      0x221 ./system/src/cortexm/exception_handlers.o
 .debug_macro   0x0001219f       0x3a ./system/src/cortexm/exception_handlers.o
 .debug_macro   0x000121d9       0x10 ./system/src/cortexm/exception_handlers.o
 .debug_macro   0x000121e9       0x92 ./system/src/cmsis/system_stm32f0xx.o
 .debug_macro   0x0001227b      0x2e3 ./src/adc.o
 .debug_macro   0x0001255e      0x2e3 ./src/gpio.o
 .debug_macro   0x00012841      0x356 ./src/main.o
 .debug_macro   0x00012b97      0x2d9 ./src/stm32f0xx_hal_msp.o
 .debug_macro   0x00012e70      0x2e3 ./src/stm32f0xx_it.o
